Archive member included to satisfy reference by file (symbol)

/usr/lib/gcc/arm-none-eabi/6.3.1/thumb/v6-m/libgcc.a(_dvmd_tls.o)
                              CMakeFiles/pico_allegroMR.dir/home/avinash/rpi_pico/pico/pico-sdk/src/rp2_common/pico_divider/divider.S.obj (__aeabi_idiv0)
/usr/lib/gcc/arm-none-eabi/6.3.1/../../../arm-none-eabi/lib/thumb/v6-m/libg.a(lib_a-atexit.o)
                              /usr/lib/gcc/arm-none-eabi/6.3.1/../../../arm-none-eabi/lib/thumb/v6-m/crt0.o (atexit)
/usr/lib/gcc/arm-none-eabi/6.3.1/../../../arm-none-eabi/lib/thumb/v6-m/libg.a(lib_a-calloc.o)
                              CMakeFiles/pico_allegroMR.dir/home/avinash/rpi_pico/pico/pico-sdk/src/rp2_common/pico_malloc/pico_malloc.c.obj (calloc)
/usr/lib/gcc/arm-none-eabi/6.3.1/../../../arm-none-eabi/lib/thumb/v6-m/libg.a(lib_a-callocr.o)
                              /usr/lib/gcc/arm-none-eabi/6.3.1/../../../arm-none-eabi/lib/thumb/v6-m/libg.a(lib_a-calloc.o) (_calloc_r)
/usr/lib/gcc/arm-none-eabi/6.3.1/../../../arm-none-eabi/lib/thumb/v6-m/libg.a(lib_a-ctype_.o)
                              CMakeFiles/pico_allegroMR.dir/home/avinash/rpi_pico/pico/pico-sdk/lib/tinyusb/src/tusb.c.obj (__ctype_ptr__)
/usr/lib/gcc/arm-none-eabi/6.3.1/../../../arm-none-eabi/lib/thumb/v6-m/libg.a(lib_a-fini.o)
                              /usr/lib/gcc/arm-none-eabi/6.3.1/../../../arm-none-eabi/lib/thumb/v6-m/crt0.o (__libc_fini_array)
/usr/lib/gcc/arm-none-eabi/6.3.1/../../../arm-none-eabi/lib/thumb/v6-m/libg.a(lib_a-impure.o)
                              CMakeFiles/pico_allegroMR.dir/home/avinash/rpi_pico/pico/pico-sdk/src/common/pico_util/pheap.c.obj (_impure_ptr)
/usr/lib/gcc/arm-none-eabi/6.3.1/../../../arm-none-eabi/lib/thumb/v6-m/libg.a(lib_a-init.o)
                              /usr/lib/gcc/arm-none-eabi/6.3.1/../../../arm-none-eabi/lib/thumb/v6-m/crt0.o (__libc_init_array)
/usr/lib/gcc/arm-none-eabi/6.3.1/../../../arm-none-eabi/lib/thumb/v6-m/libg.a(lib_a-malloc.o)
                              CMakeFiles/pico_allegroMR.dir/home/avinash/rpi_pico/pico/pico-sdk/src/rp2_common/pico_malloc/pico_malloc.c.obj (malloc)
/usr/lib/gcc/arm-none-eabi/6.3.1/../../../arm-none-eabi/lib/thumb/v6-m/libg.a(lib_a-mallocr.o)
                              /usr/lib/gcc/arm-none-eabi/6.3.1/../../../arm-none-eabi/lib/thumb/v6-m/libg.a(lib_a-callocr.o) (_malloc_r)
/usr/lib/gcc/arm-none-eabi/6.3.1/../../../arm-none-eabi/lib/thumb/v6-m/libg.a(lib_a-mlock.o)
                              /usr/lib/gcc/arm-none-eabi/6.3.1/../../../arm-none-eabi/lib/thumb/v6-m/libg.a(lib_a-mallocr.o) (__malloc_lock)
/usr/lib/gcc/arm-none-eabi/6.3.1/../../../arm-none-eabi/lib/thumb/v6-m/libg.a(lib_a-sbrkr.o)
                              /usr/lib/gcc/arm-none-eabi/6.3.1/../../../arm-none-eabi/lib/thumb/v6-m/libg.a(lib_a-mallocr.o) (_sbrk_r)
/usr/lib/gcc/arm-none-eabi/6.3.1/../../../arm-none-eabi/lib/thumb/v6-m/libg.a(lib_a-strlen-stub.o)
                              CMakeFiles/pico_allegroMR.dir/home/avinash/rpi_pico/pico/pico-sdk/src/rp2_common/pico_stdio/stdio.c.obj (strlen)
/usr/lib/gcc/arm-none-eabi/6.3.1/../../../arm-none-eabi/lib/thumb/v6-m/libg.a(lib_a-wbuf.o)
                              CMakeFiles/pico_allegroMR.dir/home/avinash/rpi_pico/pico/pico-sdk/src/common/pico_util/pheap.c.obj (__swbuf_r)
/usr/lib/gcc/arm-none-eabi/6.3.1/../../../arm-none-eabi/lib/thumb/v6-m/libg.a(lib_a-wsetup.o)
                              /usr/lib/gcc/arm-none-eabi/6.3.1/../../../arm-none-eabi/lib/thumb/v6-m/libg.a(lib_a-wbuf.o) (__swsetup_r)
/usr/lib/gcc/arm-none-eabi/6.3.1/../../../arm-none-eabi/lib/thumb/v6-m/libg.a(lib_a-__atexit.o)
                              /usr/lib/gcc/arm-none-eabi/6.3.1/../../../arm-none-eabi/lib/thumb/v6-m/libg.a(lib_a-atexit.o) (__register_exitproc)
/usr/lib/gcc/arm-none-eabi/6.3.1/../../../arm-none-eabi/lib/thumb/v6-m/libg.a(lib_a-fflush.o)
                              /usr/lib/gcc/arm-none-eabi/6.3.1/../../../arm-none-eabi/lib/thumb/v6-m/libg.a(lib_a-wbuf.o) (_fflush_r)
/usr/lib/gcc/arm-none-eabi/6.3.1/../../../arm-none-eabi/lib/thumb/v6-m/libg.a(lib_a-findfp.o)
                              /usr/lib/gcc/arm-none-eabi/6.3.1/../../../arm-none-eabi/lib/thumb/v6-m/libg.a(lib_a-wbuf.o) (__sinit)
/usr/lib/gcc/arm-none-eabi/6.3.1/../../../arm-none-eabi/lib/thumb/v6-m/libg.a(lib_a-freer.o)
                              /usr/lib/gcc/arm-none-eabi/6.3.1/../../../arm-none-eabi/lib/thumb/v6-m/libg.a(lib_a-malloc.o) (_free_r)
/usr/lib/gcc/arm-none-eabi/6.3.1/../../../arm-none-eabi/lib/thumb/v6-m/libg.a(lib_a-fwalk.o)
                              /usr/lib/gcc/arm-none-eabi/6.3.1/../../../arm-none-eabi/lib/thumb/v6-m/libg.a(lib_a-findfp.o) (_fwalk)
/usr/lib/gcc/arm-none-eabi/6.3.1/../../../arm-none-eabi/lib/thumb/v6-m/libg.a(lib_a-makebuf.o)
                              /usr/lib/gcc/arm-none-eabi/6.3.1/../../../arm-none-eabi/lib/thumb/v6-m/libg.a(lib_a-wsetup.o) (__smakebuf_r)
/usr/lib/gcc/arm-none-eabi/6.3.1/../../../arm-none-eabi/lib/thumb/v6-m/libg.a(lib_a-reent.o)
[...]
Memory Configuration

Name             Origin             Length             Attributes
FLASH            0x0000000010000000 0x0000000000200000 xr
RAM              0x0000000020000000 0x0000000000040000 xrw
SCRATCH_X        0x0000000020040000 0x0000000000001000 xrw
SCRATCH_Y        0x0000000020041000 0x0000000000001000 xrw
*default*        0x0000000000000000 0xffffffffffffffff

Linker script and memory map

LOAD /usr/lib/gcc/arm-none-eabi/6.3.1/thumb/v6-m/crti.o
LOAD /usr/lib/gcc/arm-none-eabi/6.3.1/thumb/v6-m/crtbegin.o
LOAD /usr/lib/gcc/arm-none-eabi/6.3.1/../../../arm-none-eabi/lib/thumb/v6-m/crt0.o

.flash_begin    0x0000000010000000        0x0
                0x0000000010000000                __flash_binary_start = .

.boot2          0x0000000010000000      0x100
                0x0000000010000000                __boot2_start__ = .
 *(.boot2)
 .boot2         0x0000000010000000      0x100 /tmp/ccBVdy6T.o
                0x0000000010000100                __boot2_end__ = .
                0x0000000000000001                ASSERT (((__boot2_end__ - __boot2_start__) == 0x100), ERROR: Pico second stage bootloader must be 256 bytes in size)

.text           0x0000000010000100     0x3d88
                0x0000000010000100                __logical_binary_start = .
 *(.vectors)
 .vectors       0x0000000010000100       0xd4 CMakeFiles/pico_allegroMR.dir/home/avinash/rpi_pico/pico/pico-sdk/src/rp2_common/pico_standard_link/crt0.S.obj
                0x0000000010000100                __vectors
                0x0000000010000100                __VECTOR_TABLE
                0x00000000100001c0                isr_invalid
                0x00000000100001c0                __default_isrs_start
                0x00000000100001c2                isr_nmi
                0x00000000100001c4                isr_hardfault
                0x00000000100001c6                isr_svcall
                0x00000000100001c8                isr_pendsv
                0x00000000100001ca                isr_systick
                0x00000000100001cc                isr_irq30
                0x00000000100001cc                __unhandled_user_irq
                0x00000000100001cc                isr_irq13
                0x00000000100001cc                isr_irq27
                0x00000000100001cc                isr_irq31
                0x00000000100001cc                isr_irq5
                0x00000000100001cc                isr_irq11
                0x00000000100001cc                isr_irq23
                0x00000000100001cc                isr_irq18
                0x00000000100001cc                isr_irq28
                0x00000000100001cc                isr_irq19
                0x00000000100001cc                isr_irq0
                0x00000000100001cc                isr_irq6
                0x00000000100001cc                isr_irq22
                0x00000000100001cc                isr_irq17
                0x00000000100001cc                isr_irq14
                0x00000000100001cc                isr_irq2
                0x00000000100001cc                isr_irq10
                0x00000000100001cc                isr_irq8
                0x00000000100001cc                isr_irq24
                0x00000000100001cc                isr_irq1
                0x00000000100001cc                isr_irq7
                0x00000000100001cc                isr_irq21
                0x00000000100001cc                isr_irq20
                0x00000000100001cc                isr_irq15
                0x00000000100001cc                isr_irq25
                0x00000000100001cc                isr_irq4
                0x00000000100001cc                isr_irq16
                0x00000000100001cc                isr_irq29
                0x00000000100001cc                isr_irq26
                0x00000000100001cc                __default_isrs_end
                0x00000000100001cc                isr_irq3
                0x00000000100001cc                isr_irq12
                0x00000000100001cc                isr_irq9
                0x00000000100001d2                unhandled_user_irq_num_in_r0
 *(.binary_info_header)
 .binary_info_header
                0x00000000100001d4       0x14 CMakeFiles/pico_allegroMR.dir/home/avinash/rpi_pico/pico/pico-sdk/src/rp2_common/pico_standard_link/crt0.S.obj
                0x00000000100001e8                __binary_info_header_end = .
 *(.reset)
 .reset         0x00000000100001e8       0xa8 CMakeFiles/pico_allegroMR.dir/home/avinash/rpi_pico/pico/pico-sdk/src/rp2_common/pico_standard_link/crt0.S.obj
                0x00000000100001e8                _entry_point
                0x0000000010000266                __get_current_exception
 .reset         0x0000000010000290       0x30 CMakeFiles/pico_allegroMR.dir/home/avinash/rpi_pico/pico/pico-sdk/src/rp2_common/pico_standard_link/binary_info.c.obj
 *(.init)
 .init          0x00000000100002c0        0x4 /usr/lib/gcc/arm-none-eabi/6.3.1/thumb/v6-m/crti.o
                0x00000000100002c0                _init
 *(EXCLUDE_FILE(*libm.a: *libc.a:*lib_a-mem*.o *libgcc.a:) .text*)
 .text          0x00000000100002c4       0xb4 /usr/lib/gcc/arm-none-eabi/6.3.1/thumb/v6-m/crtbegin.o
 .text.main     0x0000000010000378       0x54 CMakeFiles/pico_allegroMR.dir/linearizeMR.c.obj
                0x0000000010000378                main
 .text.gpio_set_function
                0x00000000100003cc       0x30 CMakeFiles/pico_allegroMR.dir/home/avinash/rpi_pico/pico/pico-sdk/src/rp2_common/hardware_gpio/gpio.c.obj
                0x00000000100003cc                gpio_set_function
 .text.gpio_set_pulls
                0x00000000100003fc       0x34 CMakeFiles/pico_allegroMR.dir/home/avinash/rpi_pico/pico/pico-sdk/src/rp2_common/hardware_gpio/gpio.c.obj
                0x00000000100003fc                gpio_set_pulls
 .text.gpio_set_input_enabled
                0x0000000010000430       0x30 CMakeFiles/pico_allegroMR.dir/home/avinash/rpi_pico/pico/pico-sdk/src/rp2_common/hardware_gpio/gpio.c.obj
                0x0000000010000430                gpio_set_input_enabled
 .text.gpio_init
                0x0000000010000460       0x16 CMakeFiles/pico_allegroMR.dir/home/avinash/rpi_pico/pico/pico-sdk/src/rp2_common/hardware_gpio/gpio.c.obj
                0x0000000010000460                gpio_init
 *fill*         0x0000000010000476        0x2 
 .text.hw_claim_lock
                0x0000000010000478       0x18 CMakeFiles/pico_allegroMR.dir/home/avinash/rpi_pico/pico/pico-sdk/src/rp2_common/hardware_claim/claim.c.obj
                0x0000000010000478                hw_claim_lock
 .text.hw_claim_unlock
                0x0000000010000490       0x14 CMakeFiles/pico_allegroMR.dir/home/avinash/rpi_pico/pico/pico-sdk/src/rp2_common/hardware_claim/claim.c.obj
                0x0000000010000490                hw_claim_unlock
 .text.hw_claim_or_assert
                0x00000000100004a4       0x32 CMakeFiles/pico_allegroMR.dir/home/avinash/rpi_pico/pico/pico-sdk/src/rp2_common/hardware_claim/claim.c.obj
                0x00000000100004a4                hw_claim_or_assert
 *fill*         0x00000000100004d6        0x2 
 .text.running_on_fpga
                0x00000000100004d8       0x14 CMakeFiles/pico_allegroMR.dir/home/avinash/rpi_pico/pico/pico-sdk/src/rp2_common/pico_platform/platform.c.obj
                0x00000000100004d8                running_on_fpga
 .text.spin_locks_reset
                0x00000000100004ec       0x20 CMakeFiles/pico_allegroMR.dir/home/avinash/rpi_pico/pico/pico-sdk/src/rp2_common/hardware_sync/sync.c.obj
                0x00000000100004ec                spin_locks_reset
 .text.next_striped_spin_lock_num
                0x000000001000050c       0x1c CMakeFiles/pico_allegroMR.dir/home/avinash/rpi_pico/pico/pico-sdk/src/rp2_common/hardware_sync/sync.c.obj
                0x000000001000050c                next_striped_spin_lock_num
 .text.alarm_pool_post_alloc_init
                0x0000000010000528       0x40 CMakeFiles/pico_allegroMR.dir/home/avinash/rpi_pico/pico/pico-sdk/src/common/pico_time/time.c.obj
 .text.timer_pool_entry_comparator
                0x0000000010000568       0x7c CMakeFiles/pico_allegroMR.dir/home/avinash/rpi_pico/pico/pico-sdk/src/common/pico_time/time.c.obj
                0x0000000010000568                timer_pool_entry_comparator
 .text.ph_add_child_node
                0x00000000100005e4       0xa4 CMakeFiles/pico_allegroMR.dir/home/avinash/rpi_pico/pico/pico-sdk/src/common/pico_time/time.c.obj
 .text.ph_merge_nodes
                0x0000000010000688       0x3e CMakeFiles/pico_allegroMR.dir/home/avinash/rpi_pico/pico/pico-sdk/src/common/pico_time/time.c.obj
 *fill*         0x00000000100006c6        0x2 
 .text.add_alarm_under_lock
                0x00000000100006c8      0x17c CMakeFiles/pico_allegroMR.dir/home/avinash/rpi_pico/pico/pico-sdk/src/common/pico_time/time.c.obj
 .text.alarm_pool_alarm_callback
                0x0000000010000844      0x330 CMakeFiles/pico_allegroMR.dir/home/avinash/rpi_pico/pico/pico-sdk/src/common/pico_time/time.c.obj
 .text.alarm_pool_init_default
                0x0000000010000b74       0x38 CMakeFiles/pico_allegroMR.dir/home/avinash/rpi_pico/pico/pico-sdk/src/common/pico_time/time.c.obj
                0x0000000010000b74                alarm_pool_init_default
 .text.hardware_alarm_irq_handler
                0x0000000010000bac       0x8c CMakeFiles/pico_allegroMR.dir/home/avinash/rpi_pico/pico/pico-sdk/src/rp2_common/hardware_timer/timer.c.obj
 .text.hardware_alarm_claim
                0x0000000010000c38       0x18 CMakeFiles/pico_allegroMR.dir/home/avinash/rpi_pico/pico/pico-sdk/src/rp2_common/hardware_timer/timer.c.obj
                0x0000000010000c38                hardware_alarm_claim
 .text.time_us_64
                0x0000000010000c50       0x18 CMakeFiles/pico_allegroMR.dir/home/avinash/rpi_pico/pico/pico-sdk/src/rp2_common/hardware_timer/timer.c.obj
                0x0000000010000c50                time_us_64
 .text.hardware_alarm_set_callback
                0x0000000010000c68       0x90 CMakeFiles/pico_allegroMR.dir/home/avinash/rpi_pico/pico/pico-sdk/src/rp2_common/hardware_timer/timer.c.obj
                0x0000000010000c68                hardware_alarm_set_callback
 .text.hardware_alarm_set_target
                0x0000000010000cf8       0xe8 CMakeFiles/pico_allegroMR.dir/home/avinash/rpi_pico/pico/pico-sdk/src/rp2_common/hardware_timer/timer.c.obj
                0x0000000010000cf8                hardware_alarm_set_target
 .text.hardware_alarm_cancel
                0x0000000010000de0       0x40 CMakeFiles/pico_allegroMR.dir/home/avinash/rpi_pico/pico/pico-sdk/src/rp2_common/hardware_timer/timer.c.obj
                0x0000000010000de0                hardware_alarm_cancel
 .text.lock_init
                0x0000000010000e20       0x10 CMakeFiles/pico_allegroMR.dir/home/avinash/rpi_pico/pico/pico-sdk/src/common/pico_sync/lock_core.c.obj
                0x0000000010000e20                lock_init
 .text.mutex_init
                0x0000000010000e30       0x1a CMakeFiles/pico_allegroMR.dir/home/avinash/rpi_pico/pico/pico-sdk/src/common/pico_sync/mutex.c.obj
                0x0000000010000e30                mutex_init
 .text.recursive_mutex_init
                0x0000000010000e4a       0x1e CMakeFiles/pico_allegroMR.dir/home/avinash/rpi_pico/pico/pico-sdk/src/common/pico_sync/mutex.c.obj
                0x0000000010000e4a                recursive_mutex_init
 .text.ph_add_child_node
                0x0000000010000e68       0xa4 CMakeFiles/pico_allegroMR.dir/home/avinash/rpi_pico/pico/pico-sdk/src/common/pico_util/pheap.c.obj
 .text.ph_merge_nodes
                0x0000000010000f0c       0x3e CMakeFiles/pico_allegroMR.dir/home/avinash/rpi_pico/pico/pico-sdk/src/common/pico_util/pheap.c.obj
 *fill*         0x0000000010000f4a        0x2 
 .text.ph_clear
                0x0000000010000f4c       0x70 CMakeFiles/pico_allegroMR.dir/home/avinash/rpi_pico/pico/pico-sdk/src/common/pico_util/pheap.c.obj
                0x0000000010000f4c                ph_clear
 .text.ph_post_alloc_init
                0x0000000010000fbc        0xe CMakeFiles/pico_allegroMR.dir/home/avinash/rpi_pico/pico/pico-sdk/src/common/pico_util/pheap.c.obj
                0x0000000010000fbc                ph_post_alloc_init
 *fill*         0x0000000010000fca        0x2 
 .text.ph_merge_two_pass
                0x0000000010000fcc       0x88 CMakeFiles/pico_allegroMR.dir/home/avinash/rpi_pico/pico/pico-sdk/src/common/pico_util/pheap.c.obj
                0x0000000010000fcc                ph_merge_two_pass
 .text.ph_remove_any_head
                0x0000000010001054      0x108 CMakeFiles/pico_allegroMR.dir/home/avinash/rpi_pico/pico/pico-sdk/src/common/pico_util/pheap.c.obj
 .text.ph_remove_head
                0x000000001000115c       0x14 CMakeFiles/pico_allegroMR.dir/home/avinash/rpi_pico/pico/pico-sdk/src/common/pico_util/pheap.c.obj
                0x000000001000115c                ph_remove_head
 .text.ph_remove_and_free_node
                0x0000000010001170      0x100 CMakeFiles/pico_allegroMR.dir/home/avinash/rpi_pico/pico/pico-sdk/src/common/pico_util/pheap.c.obj
                0x0000000010001170                ph_remove_and_free_node
 .text._exit    0x0000000010001270        0x4 CMakeFiles/pico_allegroMR.dir/home/avinash/rpi_pico/pico/pico-sdk/src/rp2_common/pico_runtime/runtime.c.obj
                0x0000000010001270                _exit
 .text.exit     0x0000000010001274        0x6 CMakeFiles/pico_allegroMR.dir/home/avinash/rpi_pico/pico/pico-sdk/src/rp2_common/pico_runtime/runtime.c.obj
                0x0000000010001274                exit
 *fill*         0x000000001000127a        0x2 
 .text.__assert_func
                0x000000001000127c       0x3c CMakeFiles/pico_allegroMR.dir/home/avinash/rpi_pico/pico/pico-sdk/src/rp2_common/pico_runtime/runtime.c.obj
                0x000000001000127c                __assert_func
 .text.runtime_init
                0x00000000100012b8       0xf8 CMakeFiles/pico_allegroMR.dir/home/avinash/rpi_pico/pico/pico-sdk/src/rp2_common/pico_runtime/runtime.c.obj
                0x00000000100012b8                runtime_init
 .text.panic    0x00000000100013b0       0x30 CMakeFiles/pico_allegroMR.dir/home/avinash/rpi_pico/pico/pico-sdk/src/rp2_common/pico_runtime/runtime.c.obj
                0x00000000100013b0                panic
 .text.clock_configure
                0x00000000100013e0      0x100 CMakeFiles/pico_allegroMR.dir/home/avinash/rpi_pico/pico/pico-sdk/src/rp2_common/hardware_clocks/clocks.c.obj
                0x00000000100013e0                clock_configure
 .text.clocks_init
                0x00000000100014e0      0x100 CMakeFiles/pico_allegroMR.dir/home/avinash/rpi_pico/pico/pico-sdk/src/rp2_common/hardware_clocks/clocks.c.obj
                0x00000000100014e0                clocks_init
 .text.set_raw_irq_handler_and_unlock
                0x00000000100015e0       0x28 CMakeFiles/pico_allegroMR.dir/home/avinash/rpi_pico/pico/pico-sdk/src/rp2_common/hardware_irq/irq.c.obj
 .text.make_branch
                0x0000000010001608       0x48 CMakeFiles/pico_allegroMR.dir/home/avinash/rpi_pico/pico/pico-sdk/src/rp2_common/hardware_irq/irq.c.obj
 .text.insert_branch_and_link
                0x0000000010001650       0x40 CMakeFiles/pico_allegroMR.dir/home/avinash/rpi_pico/pico/pico-sdk/src/rp2_common/hardware_irq/irq.c.obj
 .text.irq_is_enabled
                0x0000000010001690       0x18 CMakeFiles/pico_allegroMR.dir/home/avinash/rpi_pico/pico/pico-sdk/src/rp2_common/hardware_irq/irq.c.obj
                0x0000000010001690                irq_is_enabled
 .text.irq_set_mask_enabled
                0x00000000100016a8       0x20 CMakeFiles/pico_allegroMR.dir/home/avinash/rpi_pico/pico/pico-sdk/src/rp2_common/hardware_irq/irq.c.obj
                0x00000000100016a8                irq_set_mask_enabled
 .text.irq_set_enabled
                0x00000000100016c8        0xe CMakeFiles/pico_allegroMR.dir/home/avinash/rpi_pico/pico/pico-sdk/src/rp2_common/hardware_irq/irq.c.obj
                0x00000000100016c8                irq_set_enabled
 *fill*         0x00000000100016d6        0x2 
 .text.irq_get_vtable_handler
                0x00000000100016d8       0x10 CMakeFiles/pico_allegroMR.dir/home/avinash/rpi_pico/pico/pico-sdk/src/rp2_common/hardware_irq/irq.c.obj
                0x00000000100016d8                irq_get_vtable_handler
 .text.irq_set_exclusive_handler
                0x00000000100016e8       0x54 CMakeFiles/pico_allegroMR.dir/home/avinash/rpi_pico/pico/pico-sdk/src/rp2_common/hardware_irq/irq.c.obj
                0x00000000100016e8                irq_set_exclusive_handler
 .text.irq_remove_handler
                0x000000001000173c      0x1a4 CMakeFiles/pico_allegroMR.dir/home/avinash/rpi_pico/pico/pico-sdk/src/rp2_common/hardware_irq/irq.c.obj
                0x000000001000173c                irq_remove_handler
 .text.irq_add_tail_to_free_list
                0x00000000100018e0       0xfc CMakeFiles/pico_allegroMR.dir/home/avinash/rpi_pico/pico/pico-sdk/src/rp2_common/hardware_irq/irq.c.obj
                0x00000000100018e0                irq_add_tail_to_free_list
 .text.irq_init_priorities
                0x00000000100019dc       0x1c CMakeFiles/pico_allegroMR.dir/home/avinash/rpi_pico/pico/pico-sdk/src/rp2_common/hardware_irq/irq.c.obj
                0x00000000100019dc                irq_init_priorities
 .text.pll_init
                0x00000000100019f8      0x118 CMakeFiles/pico_allegroMR.dir/home/avinash/rpi_pico/pico/pico-sdk/src/rp2_common/hardware_pll/pll.c.obj
                0x00000000100019f8                pll_init
 .text.watchdog_start_tick
                0x0000000010001b10       0x10 CMakeFiles/pico_allegroMR.dir/home/avinash/rpi_pico/pico/pico-sdk/src/rp2_common/hardware_watchdog/watchdog.c.obj
                0x0000000010001b10                watchdog_start_tick
 .text.xosc_init
                0x0000000010001b20       0x28 CMakeFiles/pico_allegroMR.dir/home/avinash/rpi_pico/pico/pico-sdk/src/rp2_common/hardware_xosc/xosc.c.obj
                0x0000000010001b20                xosc_init
 .text._out_null
                0x0000000010001b48        0x2 CMakeFiles/pico_allegroMR.dir/home/avinash/rpi_pico/pico/pico-sdk/src/rp2_common/pico_printf/printf.c.obj
 .text._out_fct
                0x0000000010001b4a       0x10 CMakeFiles/pico_allegroMR.dir/home/avinash/rpi_pico/pico/pico-sdk/src/rp2_common/pico_printf/printf.c.obj
 .text._atoi    0x0000000010001b5a       0x28 CMakeFiles/pico_allegroMR.dir/home/avinash/rpi_pico/pico/pico-sdk/src/rp2_common/pico_printf/printf.c.obj
 .text._out_rev
                0x0000000010001b82       0xa2 CMakeFiles/pico_allegroMR.dir/home/avinash/rpi_pico/pico/pico-sdk/src/rp2_common/pico_printf/printf.c.obj
 .text._ntoa_format
                0x0000000010001c24      0x10e CMakeFiles/pico_allegroMR.dir/home/avinash/rpi_pico/pico/pico-sdk/src/rp2_common/pico_printf/printf.c.obj
 .text._ntoa_long
                0x0000000010001d32       0x9e CMakeFiles/pico_allegroMR.dir/home/avinash/rpi_pico/pico/pico-sdk/src/rp2_common/pico_printf/printf.c.obj
 .text._ntoa_long_long
                0x0000000010001dd0       0xde CMakeFiles/pico_allegroMR.dir/home/avinash/rpi_pico/pico/pico-sdk/src/rp2_common/pico_printf/printf.c.obj
 *fill*         0x0000000010001eae        0x2 
 .text._etoa    0x0000000010001eb0      0x410 CMakeFiles/pico_allegroMR.dir/home/avinash/rpi_pico/pico/pico-sdk/src/rp2_common/pico_printf/printf.c.obj
 .text._ftoa    0x00000000100022c0      0x33c CMakeFiles/pico_allegroMR.dir/home/avinash/rpi_pico/pico/pico-sdk/src/rp2_common/pico_printf/printf.c.obj
 .text._vsnprintf
                0x00000000100025fc      0x61c CMakeFiles/pico_allegroMR.dir/home/avinash/rpi_pico/pico/pico-sdk/src/rp2_common/pico_printf/printf.c.obj
 .text.vfctprintf
                0x0000000010002c18       0x20 CMakeFiles/pico_allegroMR.dir/home/avinash/rpi_pico/pico/pico-sdk/src/rp2_common/pico_printf/printf.c.obj
                0x0000000010002c18                vfctprintf
 .text          0x0000000010002c38       0x10 CMakeFiles/pico_allegroMR.dir/home/avinash/rpi_pico/pico/pico-sdk/src/rp2_common/pico_bit_ops/bit_ops_aeabi.S.obj
 .text.rom_func_lookup
                0x0000000010002c48       0x10 CMakeFiles/pico_allegroMR.dir/home/avinash/rpi_pico/pico/pico-sdk/src/rp2_common/pico_bootrom/bootrom.c.obj
                0x0000000010002c48                rom_func_lookup
 .text.rom_data_lookup
                0x0000000010002c58       0x10 CMakeFiles/pico_allegroMR.dir/home/avinash/rpi_pico/pico/pico-sdk/src/rp2_common/pico_bootrom/bootrom.c.obj
                0x0000000010002c58                rom_data_lookup
 .text.rom_funcs_lookup
                0x0000000010002c68       0x36 CMakeFiles/pico_allegroMR.dir/home/avinash/rpi_pico/pico/pico-sdk/src/rp2_common/pico_bootrom/bootrom.c.obj
                0x0000000010002c68                rom_funcs_lookup
 *fill*         0x0000000010002c9e        0x2 
 .text.__wrap___aeabi_idiv
                0x0000000010002ca0       0x50 CMakeFiles/pico_allegroMR.dir/home/avinash/rpi_pico/pico/pico-sdk/src/rp2_common/pico_divider/divider.S.obj
                0x0000000010002ca0                __wrap___aeabi_idivmod
                0x0000000010002ca0                divmod_s32s32
                0x0000000010002ca0                div_s32s32
                0x0000000010002ca0                __wrap___aeabi_idiv
                0x0000000010002ca8                divmod_s32s32_unsafe
                0x0000000010002cd4                divmod_s32s32_savestate
 .text.__wrap___aeabi_uidiv
                0x0000000010002cf0       0x4c CMakeFiles/pico_allegroMR.dir/home/avinash/rpi_pico/pico/pico-sdk/src/rp2_common/pico_divider/divider.S.obj
                0x0000000010002cf0                __wrap___aeabi_uidiv
                0x0000000010002cf0                __wrap___aeabi_uidivmod
                0x0000000010002cf0                div_u32u32
                0x0000000010002cf0                divmod_u32u32
                0x0000000010002cf8                divmod_u32u32_unsafe
                0x0000000010002d20                divmod_u32u32_savestate
 .text.__wrap___aeabi_ldiv
                0x0000000010002d3c      0x434 CMakeFiles/pico_allegroMR.dir/home/avinash/rpi_pico/pico/pico-sdk/src/rp2_common/pico_divider/divider.S.obj
                0x0000000010002d3c                div_s64s64
                0x0000000010002d3c                divmod_s64s64
                0x0000000010002d3c                __wrap___aeabi_ldivmod
                0x0000000010002d74                div_u64u64
                0x0000000010002d74                divmod_u64u64
                0x0000000010002d74                __wrap___aeabi_uldivmod
                0x0000000010002d84                divmod_u64u64_savestate
                0x0000000010002dac                divmod_s64s64_unsafe
                0x0000000010002e34                divmod_u64u64_unsafe
 .text.__wrap___aeabi_darithmetic
                0x0000000010003170       0x80 CMakeFiles/pico_allegroMR.dir/home/avinash/rpi_pico/pico/pico-sdk/src/rp2_common/pico_double/double_aeabi.S.obj
                0x0000000010003170                __wrap___aeabi_drsub
                0x0000000010003176                __wrap___aeabi_dsub
                0x0000000010003188                __wrap___aeabi_dadd
                0x000000001000319a                __wrap___aeabi_ddiv
                0x00000000100031d6                __wrap___aeabi_dmul
 .text.__wrap___aeabi_cdcmple
                0x00000000100031f0       0x6c CMakeFiles/pico_allegroMR.dir/home/avinash/rpi_pico/pico/pico-sdk/src/rp2_common/pico_double/double_aeabi.S.obj
                0x00000000100031f0                __wrap___aeabi_cdrcmple
                0x0000000010003200                __wrap___aeabi_cdcmple
                0x0000000010003200                __wrap___aeabi_cdcmpeq
 .text.__wrap___aeabi_dcmplt
                0x000000001000325c        0xc CMakeFiles/pico_allegroMR.dir/home/avinash/rpi_pico/pico/pico-sdk/src/rp2_common/pico_double/double_aeabi.S.obj
                0x000000001000325c                __wrap___aeabi_dcmplt
 .text.__wrap___aeabi_dcmple
                0x0000000010003268       0x10 CMakeFiles/pico_allegroMR.dir/home/avinash/rpi_pico/pico/pico-sdk/src/rp2_common/pico_double/double_aeabi.S.obj
                0x0000000010003268                __wrap___aeabi_dcmple
 .text.__wrap___aeabi_dcmpge
                0x0000000010003278       0x10 CMakeFiles/pico_allegroMR.dir/home/avinash/rpi_pico/pico/pico-sdk/src/rp2_common/pico_double/double_aeabi.S.obj
                0x0000000010003278                __wrap___aeabi_dcmpge
 .text.__wrap___aeabi_dcmpgt
                0x0000000010003288        0xa CMakeFiles/pico_allegroMR.dir/home/avinash/rpi_pico/pico/pico-sdk/src/rp2_common/pico_double/double_aeabi.S.obj
                0x0000000010003288                __wrap___aeabi_dcmpgt
 .text.__wrap___aeabi_dcmpun
                0x0000000010003292       0x1c CMakeFiles/pico_allegroMR.dir/home/avinash/rpi_pico/pico/pico-sdk/src/rp2_common/pico_double/double_aeabi.S.obj
                0x0000000010003292                __wrap___aeabi_dcmpun
 *fill*         0x00000000100032ae        0x2 
 .text.__wrap___aeabi_i2d
                0x00000000100032b0       0x38 CMakeFiles/pico_allegroMR.dir/home/avinash/rpi_pico/pico/pico-sdk/src/rp2_common/pico_double/double_aeabi.S.obj
                0x00000000100032b0                __wrap___aeabi_ui2d
                0x00000000100032b8                __wrap___aeabi_i2d
 .text.__wrap___aeabi_d2iz
                0x00000000100032e8       0x48 CMakeFiles/pico_allegroMR.dir/home/avinash/rpi_pico/pico/pico-sdk/src/rp2_common/pico_double/double_aeabi.S.obj
                0x00000000100032e8                __wrap___aeabi_d2iz
                0x00000000100032e8                double2int_z
 .text.__wrap___aeabi_d2uiz
                0x0000000010003330       0x18 CMakeFiles/pico_allegroMR.dir/home/avinash/rpi_pico/pico/pico-sdk/src/rp2_common/pico_double/double_aeabi.S.obj
                0x0000000010003330                double2uint
                0x0000000010003330                __wrap___aeabi_d2uiz
 .text.__aeabi_double_init
                0x0000000010003348       0xc8 CMakeFiles/pico_allegroMR.dir/home/avinash/rpi_pico/pico/pico-sdk/src/rp2_common/pico_double/double_init_rom.c.obj
                0x0000000010003348                __aeabi_double_init
 .text.double_table_shim_on_use_helper
                0x0000000010003410       0x34 CMakeFiles/pico_allegroMR.dir/home/avinash/rpi_pico/pico/pico-sdk/src/rp2_common/pico_double/double_v1_rom_shim.S.obj
                0x0000000010003410                double_table_shim_on_use_helper
 .text.__wrap___aeabi_dsub
                0x0000000010003444       0x10 CMakeFiles/pico_allegroMR.dir/home/avinash/rpi_pico/pico/pico-sdk/src/rp2_common/pico_double/double_v1_rom_shim.S.obj
                0x0000000010003444                drsub_shim
                0x000000001000344a                dsub_shim
 .text.dadd_shim
                0x0000000010003454      0x15c CMakeFiles/pico_allegroMR.dir/home/avinash/rpi_pico/pico/pico-sdk/src/rp2_common/pico_double/double_v1_rom_shim.S.obj
                0x0000000010003454                dadd_shim
 .text.dmul_shim
                0x00000000100035b0      0x15c CMakeFiles/pico_allegroMR.dir/home/avinash/rpi_pico/pico/pico-sdk/src/rp2_common/pico_double/double_v1_rom_shim.S.obj
                0x00000000100035b0                dmul_shim
 .text.ddiv_shim
                0x000000001000370c      0x1b0 CMakeFiles/pico_allegroMR.dir/home/avinash/rpi_pico/pico/pico-sdk/src/rp2_common/pico_double/double_v1_rom_shim.S.obj
                0x000000001000370c                ddiv_shim
 .text.double2uint_shim
                0x00000000100038bc        0xe CMakeFiles/pico_allegroMR.dir/home/avinash/rpi_pico/pico/pico-sdk/src/rp2_common/pico_double/double_v1_rom_shim.S.obj
                0x00000000100038bc                double2uint_shim
                0x00000000100038be                double2ufix_shim
 *fill*         0x00000000100038ca        0x2 
 .text.double2uint64_shim
                0x00000000100038cc       0x70 CMakeFiles/pico_allegroMR.dir/home/avinash/rpi_pico/pico/pico-sdk/src/rp2_common/pico_double/double_v1_rom_shim.S.obj
                0x00000000100038cc                double2uint64_shim
                0x00000000100038ce                double2ufix64_shim
                0x00000000100038ee                d2fix_a
 .text.dunpacks
                0x000000001000393c       0x3c CMakeFiles/pico_allegroMR.dir/home/avinash/rpi_pico/pico/pico-sdk/src/rp2_common/pico_double/double_v1_rom_shim.S.obj
                0x000000001000393c                dunpacks
 .text.__aeabi_float_init
                0x0000000010003978       0xfc CMakeFiles/pico_allegroMR.dir/home/avinash/rpi_pico/pico/pico-sdk/src/rp2_common/pico_float/float_init_rom.c.obj
                0x0000000010003978                __aeabi_float_init
 .text.float_table_shim_on_use_helper
                0x0000000010003a74       0x34 CMakeFiles/pico_allegroMR.dir/home/avinash/rpi_pico/pico/pico-sdk/src/rp2_common/pico_float/float_v1_rom_shim.S.obj
                0x0000000010003a74                float_table_shim_on_use_helper
 .text          0x0000000010003aa8       0x10 CMakeFiles/pico_allegroMR.dir/home/avinash/rpi_pico/pico/pico-sdk/src/rp2_common/pico_mem_ops/mem_ops_aeabi.S.obj
                0x0000000010003aa8                __aeabi_mem_init
 .text.memset   0x0000000010003ab8        0xc CMakeFiles/pico_allegroMR.dir/home/avinash/rpi_pico/pico/pico-sdk/src/rp2_common/pico_mem_ops/mem_ops_aeabi.S.obj
                0x0000000010003ab8                __wrap_memset
 .text.memcpy   0x0000000010003ac4        0xc CMakeFiles/pico_allegroMR.dir/home/avinash/rpi_pico/pico/pico-sdk/src/rp2_common/pico_mem_ops/mem_ops_aeabi.S.obj
                0x0000000010003ac4                __wrap___aeabi_memcpy
                0x0000000010003ac4                __wrap_memcpy
 .text.stdio_out_chars_no_crlf
                0x0000000010003ad0        0xe CMakeFiles/pico_allegroMR.dir/home/avinash/rpi_pico/pico/pico-sdk/src/rp2_common/pico_stdio/stdio.c.obj
 *fill*         0x0000000010003ade        0x2 
 .text.stdio_out_chars_crlf
                0x0000000010003ae0       0x84 CMakeFiles/pico_allegroMR.dir/home/avinash/rpi_pico/pico/pico-sdk/src/rp2_common/pico_stdio/stdio.c.obj
 .text.stdio_stack_buffer_flush
                0x0000000010003b64       0x44 CMakeFiles/pico_allegroMR.dir/home/avinash/rpi_pico/pico/pico-sdk/src/rp2_common/pico_stdio/stdio.c.obj
 .text.stdio_buffered_printer
                0x0000000010003ba8       0x20 CMakeFiles/pico_allegroMR.dir/home/avinash/rpi_pico/pico/pico-sdk/src/rp2_common/pico_stdio/stdio.c.obj
 .text.stdout_serialize_begin
                0x0000000010003bc8       0x30 CMakeFiles/pico_allegroMR.dir/home/avinash/rpi_pico/pico/pico-sdk/src/rp2_common/pico_stdio/stdio.c.obj
                0x0000000010003bc8                stdout_serialize_begin
 .text.stdout_serialize_end
                0x0000000010003bf8       0x10 CMakeFiles/pico_allegroMR.dir/home/avinash/rpi_pico/pico/pico-sdk/src/rp2_common/pico_stdio/stdio.c.obj
                0x0000000010003bf8                stdout_serialize_end
 .text.stdio_put_string
                0x0000000010003c08       0x94 CMakeFiles/pico_allegroMR.dir/home/avinash/rpi_pico/pico/pico-sdk/src/rp2_common/pico_stdio/stdio.c.obj
 .text.stdio_flush
                0x0000000010003c9c       0x20 CMakeFiles/pico_allegroMR.dir/home/avinash/rpi_pico/pico/pico-sdk/src/rp2_common/pico_stdio/stdio.c.obj
                0x0000000010003c9c                stdio_flush
 .text.__wrap_puts
                0x0000000010003cbc       0x1e CMakeFiles/pico_allegroMR.dir/home/avinash/rpi_pico/pico/pico-sdk/src/rp2_common/pico_stdio/stdio.c.obj
                0x0000000010003cbc                __wrap_puts
 *fill*         0x0000000010003cda        0x2 
 .text.__wrap_vprintf
                0x0000000010003cdc       0x44 CMakeFiles/pico_allegroMR.dir/home/avinash/rpi_pico/pico/pico-sdk/src/rp2_common/pico_stdio/stdio.c.obj
                0x0000000010003cdc                __wrap_vprintf
 .text.__wrap_printf
                0x0000000010003d20       0x18 CMakeFiles/pico_allegroMR.dir/home/avinash/rpi_pico/pico/pico-sdk/src/rp2_common/pico_stdio/stdio.c.obj
                0x0000000010003d20                __wrap_printf
 .text._retrieve_unique_id_on_boot
                0x0000000010003d38       0x10 CMakeFiles/pico_allegroMR.dir/home/avinash/rpi_pico/pico/pico-sdk/src/rp2_common/pico_unique_id/unique_id.c.obj
 .text.flash_get_unique_id
                0x0000000010003d48       0x40 CMakeFiles/pico_allegroMR.dir/home/avinash/rpi_pico/pico/pico-sdk/src/rp2_common/hardware_flash/flash.c.obj
                0x0000000010003d48                flash_get_unique_id
 .text.adc_init
                0x0000000010003d88       0x34 CMakeFiles/pico_allegroMR.dir/home/avinash/rpi_pico/pico/pico-sdk/src/rp2_common/hardware_adc/adc.c.obj
                0x0000000010003d88                adc_init
 .text          0x0000000010003dbc       0x64 /usr/lib/gcc/arm-none-eabi/6.3.1/../../../arm-none-eabi/lib/thumb/v6-m/libg.a(lib_a-strlen-stub.o)
                0x0000000010003dbc                strlen
 *(.fini)
 .fini          0x0000000010003e20        0x4 /usr/lib/gcc/arm-none-eabi/6.3.1/thumb/v6-m/crti.o
                0x0000000010003e20                _fini
 *fill*         0x0000000010003e24        0x4 
 .fini.__stub   0x0000000010003e28       0x60 linker stubs
 *crtbegin.o(.ctors)
 *crtbegin?.o(.ctors)
 *(EXCLUDE_FILE(*crtend.o *crtend?.o) .ctors)
 *(SORT(.ctors.*))
 *(.ctors)
 *crtbegin.o(.dtors)
 *crtbegin?.o(.dtors)
 *(EXCLUDE_FILE(*crtend.o *crtend?.o) .dtors)
 *(SORT(.dtors.*))
 *(.dtors)
 *(.eh_frame*)
 .eh_frame      0x0000000010003e88        0x0 /usr/lib/gcc/arm-none-eabi/6.3.1/thumb/v6-m/crtbegin.o
                0x0000000010003e88                . = ALIGN (0x4)

.glue_7         0x0000000010003e88        0x0
 .glue_7        0x0000000010003e88        0x0 linker stubs

.glue_7t        0x0000000010003e88        0x0
 .glue_7t       0x0000000010003e88        0x0 linker stubs

.vfp11_veneer   0x0000000010003e88        0x0
 .vfp11_veneer  0x0000000010003e88        0x0 linker stubs

.v4_bx          0x0000000010003e88        0x0
 .v4_bx         0x0000000010003e88        0x0 linker stubs

.iplt           0x0000000010003e88        0x0
 .iplt          0x0000000010003e88        0x0 /usr/lib/gcc/arm-none-eabi/6.3.1/thumb/v6-m/crtbegin.o

.rodata         0x0000000010003e88      0xf98
 *(EXCLUDE_FILE(*libm.a: *libc.a:*lib_a-mem*.o *libgcc.a:) .rodata*)
 .rodata.main.str1.4
                0x0000000010003e88        0xb CMakeFiles/pico_allegroMR.dir/linearizeMR.c.obj
 *fill*         0x0000000010003e93        0x1 
 .rodata.__func__.5576
                0x0000000010003e94       0x15 CMakeFiles/pico_allegroMR.dir/home/avinash/rpi_pico/pico/pico-sdk/src/common/pico_time/time.c.obj
 *fill*         0x0000000010003ea9        0x3 
 .rodata.__func__.5888
                0x0000000010003eac        0xc CMakeFiles/pico_allegroMR.dir/home/avinash/rpi_pico/pico/pico-sdk/src/common/pico_time/time.c.obj
 .rodata.__func__.5895
                0x0000000010003eb8       0x12 CMakeFiles/pico_allegroMR.dir/home/avinash/rpi_pico/pico/pico-sdk/src/common/pico_time/time.c.obj
 *fill*         0x0000000010003eca        0x2 
 .rodata.__func__.5911
                0x0000000010003ecc        0xf CMakeFiles/pico_allegroMR.dir/home/avinash/rpi_pico/pico/pico-sdk/src/common/pico_time/time.c.obj
 *fill*         0x0000000010003edb        0x1 
 .rodata.__func__.5933
                0x0000000010003edc        0xd CMakeFiles/pico_allegroMR.dir/home/avinash/rpi_pico/pico/pico-sdk/src/common/pico_time/time.c.obj
 *fill*         0x0000000010003ee9        0x3 
 .rodata.__func__.6157
                0x0000000010003eec        0xa CMakeFiles/pico_allegroMR.dir/home/avinash/rpi_pico/pico/pico-sdk/src/common/pico_time/time.c.obj
 *fill*         0x0000000010003ef6        0x2 
 .rodata.__func__.6162
                0x0000000010003ef8       0x12 CMakeFiles/pico_allegroMR.dir/home/avinash/rpi_pico/pico/pico-sdk/src/common/pico_time/time.c.obj
 *fill*         0x0000000010003f0a        0x2 
 .rodata.__func__.6188
                0x0000000010003f0c       0x15 CMakeFiles/pico_allegroMR.dir/home/avinash/rpi_pico/pico/pico-sdk/src/common/pico_time/time.c.obj
 *fill*         0x0000000010003f21        0x3 
 .rodata.__func__.6205
                0x0000000010003f24       0x1a CMakeFiles/pico_allegroMR.dir/home/avinash/rpi_pico/pico/pico-sdk/src/common/pico_time/time.c.obj
 *fill*         0x0000000010003f3e        0x2 
 .rodata.add_alarm_under_lock.str1.4
                0x0000000010003f40       0x28 CMakeFiles/pico_allegroMR.dir/home/avinash/rpi_pico/pico/pico-sdk/src/common/pico_time/time.c.obj
                                         0x2b (size before relaxing)
 .rodata.alarm_pool_alarm_callback.str1.4
                0x0000000010003f68       0xee CMakeFiles/pico_allegroMR.dir/home/avinash/rpi_pico/pico/pico-sdk/src/common/pico_time/time.c.obj
 *fill*         0x0000000010004056        0x2 
 .rodata.alarm_pool_dump_key.str1.4
                0x0000000010004058       0x33 CMakeFiles/pico_allegroMR.dir/home/avinash/rpi_pico/pico/pico-sdk/src/common/pico_time/time.c.obj
 *fill*         0x000000001000408b        0x1 
 .rodata.ph_add_child_node.str1.4
                0x000000001000408c       0x9e CMakeFiles/pico_allegroMR.dir/home/avinash/rpi_pico/pico/pico-sdk/src/common/pico_time/time.c.obj
 *fill*         0x000000001000412a        0x2 
 .rodata.repeating_timer_callback.str1.4
                0x000000001000412c       0x55 CMakeFiles/pico_allegroMR.dir/home/avinash/rpi_pico/pico/pico-sdk/src/common/pico_time/time.c.obj
 *fill*         0x0000000010004181        0x3 
 .rodata.__func__.4534
                0x0000000010004184       0x1a CMakeFiles/pico_allegroMR.dir/home/avinash/rpi_pico/pico/pico-sdk/src/rp2_common/hardware_timer/timer.c.obj
 *fill*         0x000000001000419e        0x2 
 .rodata.hardware_alarm_claim.str1.4
                0x00000000100041a0       0x22 CMakeFiles/pico_allegroMR.dir/home/avinash/rpi_pico/pico/pico-sdk/src/rp2_common/hardware_timer/timer.c.obj
 *fill*         0x00000000100041c2        0x2 
 .rodata.hardware_alarm_set_target.str1.4
                0x00000000100041c4       0x6f CMakeFiles/pico_allegroMR.dir/home/avinash/rpi_pico/pico/pico-sdk/src/rp2_common/hardware_timer/timer.c.obj
 *fill*         0x0000000010004233        0x1 
 .rodata.__func__.4678
                0x0000000010004234        0xb CMakeFiles/pico_allegroMR.dir/home/avinash/rpi_pico/pico/pico-sdk/src/common/pico_sync/mutex.c.obj
 *fill*         0x000000001000423f        0x1 
 .rodata.str1.4
                0x0000000010004240       0x95 CMakeFiles/pico_allegroMR.dir/home/avinash/rpi_pico/pico/pico-sdk/src/common/pico_sync/mutex.c.obj
                                        0x101 (size before relaxing)
 *fill*         0x00000000100042d5        0x3 
 .rodata.__func__.5627
                0x00000000100042d8        0xc CMakeFiles/pico_allegroMR.dir/home/avinash/rpi_pico/pico/pico-sdk/src/common/pico_util/pheap.c.obj
 .rodata.__func__.5634
                0x00000000100042e4       0x12 CMakeFiles/pico_allegroMR.dir/home/avinash/rpi_pico/pico/pico-sdk/src/common/pico_util/pheap.c.obj
 *fill*         0x00000000100042f6        0x2 
 .rodata.__func__.5720
                0x00000000100042f8       0x13 CMakeFiles/pico_allegroMR.dir/home/avinash/rpi_pico/pico/pico-sdk/src/common/pico_util/pheap.c.obj
 *fill*         0x000000001000430b        0x1 
 .rodata.__func__.5738
                0x000000001000430c       0x18 CMakeFiles/pico_allegroMR.dir/home/avinash/rpi_pico/pico/pico-sdk/src/common/pico_util/pheap.c.obj
 .rodata.ph_add_child_node.str1.4
                0x0000000010004324       0x9e CMakeFiles/pico_allegroMR.dir/home/avinash/rpi_pico/pico/pico-sdk/src/common/pico_util/pheap.c.obj
 .rodata.ph_remove_and_free_node.str1.4
                0x0000000010004324       0x26 CMakeFiles/pico_allegroMR.dir/home/avinash/rpi_pico/pico/pico-sdk/src/common/pico_util/pheap.c.obj
 *fill*         0x000000001000434a        0x2 
 .rodata.ph_remove_any_head.str1.4
                0x000000001000434c       0x98 CMakeFiles/pico_allegroMR.dir/home/avinash/rpi_pico/pico/pico-sdk/src/common/pico_util/pheap.c.obj
 .rodata.__assert_func.str1.4
                0x00000000100043e4       0x3f CMakeFiles/pico_allegroMR.dir/home/avinash/rpi_pico/pico/pico-sdk/src/rp2_common/pico_runtime/runtime.c.obj
                                         0x43 (size before relaxing)
 *fill*         0x0000000010004423        0x1 
 .rodata.__func__.5743
                0x0000000010004424        0xd CMakeFiles/pico_allegroMR.dir/home/avinash/rpi_pico/pico/pico-sdk/src/rp2_common/pico_runtime/runtime.c.obj
 *fill*         0x0000000010004431        0x3 
 .rodata.panic.str1.4
                0x0000000010004434       0x12 CMakeFiles/pico_allegroMR.dir/home/avinash/rpi_pico/pico/pico-sdk/src/rp2_common/pico_runtime/runtime.c.obj
 *fill*         0x0000000010004446        0x2 
 .rodata.runtime_init.str1.4
                0x0000000010004448       0x6b CMakeFiles/pico_allegroMR.dir/home/avinash/rpi_pico/pico/pico-sdk/src/rp2_common/pico_runtime/runtime.c.obj
 *fill*         0x00000000100044b3        0x1 
 .rodata.__func__.4681
                0x00000000100044b4       0x10 CMakeFiles/pico_allegroMR.dir/home/avinash/rpi_pico/pico/pico-sdk/src/rp2_common/hardware_clocks/clocks.c.obj
 .rodata.clock_configure.str1.4
                0x00000000100044c4       0x61 CMakeFiles/pico_allegroMR.dir/home/avinash/rpi_pico/pico/pico-sdk/src/rp2_common/hardware_clocks/clocks.c.obj
 *fill*         0x0000000010004525        0x3 
 .rodata.__func__.4711
                0x0000000010004528       0x1a CMakeFiles/pico_allegroMR.dir/home/avinash/rpi_pico/pico/pico-sdk/src/rp2_common/hardware_irq/irq.c.obj
 *fill*         0x0000000010004542        0x2 
 .rodata.__func__.4725
                0x0000000010004544        0xc CMakeFiles/pico_allegroMR.dir/home/avinash/rpi_pico/pico/pico-sdk/src/rp2_common/hardware_irq/irq.c.obj
 .rodata.__func__.4733
                0x0000000010004550       0x17 CMakeFiles/pico_allegroMR.dir/home/avinash/rpi_pico/pico/pico-sdk/src/rp2_common/hardware_irq/irq.c.obj
 *fill*         0x0000000010004567        0x1 
 .rodata.__func__.4737
                0x0000000010004568        0xf CMakeFiles/pico_allegroMR.dir/home/avinash/rpi_pico/pico/pico-sdk/src/rp2_common/hardware_irq/irq.c.obj
 *fill*         0x0000000010004577        0x1 
 .rodata.__func__.4776
                0x0000000010004578       0x13 CMakeFiles/pico_allegroMR.dir/home/avinash/rpi_pico/pico/pico-sdk/src/rp2_common/hardware_irq/irq.c.obj
 *fill*         0x000000001000458b        0x1 
 .rodata.__func__.4798
                0x000000001000458c       0x1a CMakeFiles/pico_allegroMR.dir/home/avinash/rpi_pico/pico/pico-sdk/src/rp2_common/hardware_irq/irq.c.obj
 *fill*         0x00000000100045a6        0x2 
 .rodata.insert_branch_and_link.str1.4
                0x00000000100045a8       0x10 CMakeFiles/pico_allegroMR.dir/home/avinash/rpi_pico/pico/pico-sdk/src/rp2_common/hardware_irq/irq.c.obj
 .rodata.irq_add_shared_handler.str1.4
                0x00000000100045b8       0xd9 CMakeFiles/pico_allegroMR.dir/home/avinash/rpi_pico/pico/pico-sdk/src/rp2_common/hardware_irq/irq.c.obj
 *fill*         0x0000000010004691        0x3 
 .rodata.irq_add_tail_to_free_list.str1.4
                0x0000000010004694       0x32 CMakeFiles/pico_allegroMR.dir/home/avinash/rpi_pico/pico/pico-sdk/src/rp2_common/hardware_irq/irq.c.obj
                                         0x3a (size before relaxing)
 *fill*         0x00000000100046c6        0x2 
 .rodata.irq_remove_handler.str1.4
                0x00000000100046c8       0x2a CMakeFiles/pico_allegroMR.dir/home/avinash/rpi_pico/pico/pico-sdk/src/rp2_common/hardware_irq/irq.c.obj
 *fill*         0x00000000100046f2        0x2 
 .rodata.irq_set_exclusive_handler.str1.4
                0x00000000100046f4       0x36 CMakeFiles/pico_allegroMR.dir/home/avinash/rpi_pico/pico/pico-sdk/src/rp2_common/hardware_irq/irq.c.obj
 *fill*         0x000000001000472a        0x2 
 .rodata.make_branch.str1.4
                0x000000001000472c       0x77 CMakeFiles/pico_allegroMR.dir/home/avinash/rpi_pico/pico/pico-sdk/src/rp2_common/hardware_irq/irq.c.obj
 *fill*         0x00000000100047a3        0x1 
 .rodata.__func__.4383
                0x00000000100047a4        0x9 CMakeFiles/pico_allegroMR.dir/home/avinash/rpi_pico/pico/pico-sdk/src/rp2_common/hardware_pll/pll.c.obj
 *fill*         0x00000000100047ad        0x3 
 .rodata.pll_init.str1.4
                0x00000000100047b0       0xe3 CMakeFiles/pico_allegroMR.dir/home/avinash/rpi_pico/pico/pico-sdk/src/rp2_common/hardware_pll/pll.c.obj
 *fill*         0x0000000010004893        0x1 
 .rodata._vsnprintf
                0x0000000010004894      0x1e0 CMakeFiles/pico_allegroMR.dir/home/avinash/rpi_pico/pico/pico-sdk/src/rp2_common/pico_printf/printf.c.obj
 .rodata._ftoa.str1.4
                0x0000000010004a74       0x15 CMakeFiles/pico_allegroMR.dir/home/avinash/rpi_pico/pico/pico-sdk/src/rp2_common/pico_printf/printf.c.obj
 *fill*         0x0000000010004a89        0x7 
 .rodata.pow10.5346
                0x0000000010004a90       0x50 CMakeFiles/pico_allegroMR.dir/home/avinash/rpi_pico/pico/pico-sdk/src/rp2_common/pico_printf/printf.c.obj
 .rodata.__aeabi_double_init.str1.4
                0x0000000010004ae0       0xb2 CMakeFiles/pico_allegroMR.dir/home/avinash/rpi_pico/pico/pico-sdk/src/rp2_common/pico_double/double_init_rom.c.obj
 *fill*         0x0000000010004b92        0x2 
 .rodata.__func__.4656
                0x0000000010004b94       0x14 CMakeFiles/pico_allegroMR.dir/home/avinash/rpi_pico/pico/pico-sdk/src/rp2_common/pico_double/double_init_rom.c.obj
 .rodata.__aeabi_float_init.str1.4
                0x0000000010004ba8       0x84 CMakeFiles/pico_allegroMR.dir/home/avinash/rpi_pico/pico/pico-sdk/src/rp2_common/pico_float/float_init_rom.c.obj
                                         0x88 (size before relaxing)
 .rodata.__func__.4657
                0x0000000010004c2c       0x13 CMakeFiles/pico_allegroMR.dir/home/avinash/rpi_pico/pico/pico-sdk/src/rp2_common/pico_float/float_init_rom.c.obj
 *fill*         0x0000000010004c3f        0x1 
 .rodata.__bi_44
                0x0000000010004c40        0xc CMakeFiles/pico_allegroMR.dir/home/avinash/rpi_pico/pico/pico-sdk/src/rp2_common/pico_standard_link/binary_info.c.obj
 .rodata.__bi_75
                0x0000000010004c4c        0xc CMakeFiles/pico_allegroMR.dir/home/avinash/rpi_pico/pico/pico-sdk/src/rp2_common/pico_standard_link/binary_info.c.obj
 .rodata.__bi_81
                0x0000000010004c58        0xc CMakeFiles/pico_allegroMR.dir/home/avinash/rpi_pico/pico/pico-sdk/src/rp2_common/pico_standard_link/binary_info.c.obj
 .rodata.str1.4
                0x0000000010004c64       0x44 CMakeFiles/pico_allegroMR.dir/home/avinash/rpi_pico/pico/pico-sdk/src/rp2_common/pico_standard_link/binary_info.c.obj
 .rodata.crlf_str.5792
                0x0000000010004ca8        0x2 CMakeFiles/pico_allegroMR.dir/home/avinash/rpi_pico/pico/pico-sdk/src/rp2_common/pico_stdio/stdio.c.obj
 *fill*         0x0000000010004caa        0x2 
 .rodata.__func__.4436
                0x0000000010004cac        0xd CMakeFiles/pico_allegroMR.dir/home/avinash/rpi_pico/pico/pico-sdk/src/rp2_common/hardware_flash/flash.c.obj
 *fill*         0x0000000010004cb9        0x3 
 .rodata.str1.4
                0x0000000010004cbc      0x164 CMakeFiles/pico_allegroMR.dir/home/avinash/rpi_pico/pico/pico-sdk/src/rp2_common/hardware_flash/flash.c.obj
                                        0x162 (size before relaxing)
                0x0000000010004e20                . = ALIGN (0x4)
 *(SORT(.flashdata*))
                0x0000000010004e20                . = ALIGN (0x4)

.rel.dyn        0x0000000010004e20        0x0
 .rel.iplt      0x0000000010004e20        0x0 /usr/lib/gcc/arm-none-eabi/6.3.1/thumb/v6-m/crtbegin.o

.ARM.extab
 *(.ARM.extab* .gnu.linkonce.armextab.*)
                0x0000000010004e20                __exidx_start = .

.ARM.exidx
 *(.ARM.exidx* .gnu.linkonce.armexidx.*)
                0x0000000010004e20                __exidx_end = .
                0x0000000010004e20                . = ALIGN (0x4)
                0x0000000010004e20                __binary_info_start = .

.binary_info    0x0000000010004e20       0x1c
 *(.binary_info.keep.*)
 .binary_info.keep.__bi_ptr22
                0x0000000010004e20        0x4 CMakeFiles/pico_allegroMR.dir/home/avinash/rpi_pico/pico/pico-sdk/src/rp2_common/pico_standard_link/binary_info.c.obj
 .binary_info.keep.__bi_ptr30
                0x0000000010004e24        0x4 CMakeFiles/pico_allegroMR.dir/home/avinash/rpi_pico/pico/pico-sdk/src/rp2_common/pico_standard_link/binary_info.c.obj
 .binary_info.keep.__bi_ptr38
                0x0000000010004e28        0x4 CMakeFiles/pico_allegroMR.dir/home/avinash/rpi_pico/pico/pico-sdk/src/rp2_common/pico_standard_link/binary_info.c.obj
 .binary_info.keep.__bi_ptr44
                0x0000000010004e2c        0x4 CMakeFiles/pico_allegroMR.dir/home/avinash/rpi_pico/pico/pico-sdk/src/rp2_common/pico_standard_link/binary_info.c.obj
 .binary_info.keep.__bi_ptr50
                0x0000000010004e30        0x4 CMakeFiles/pico_allegroMR.dir/home/avinash/rpi_pico/pico/pico-sdk/src/rp2_common/pico_standard_link/binary_info.c.obj
 .binary_info.keep.__bi_ptr75
                0x0000000010004e34        0x4 CMakeFiles/pico_allegroMR.dir/home/avinash/rpi_pico/pico/pico-sdk/src/rp2_common/pico_standard_link/binary_info.c.obj
 .binary_info.keep.__bi_ptr81
                0x0000000010004e38        0x4 CMakeFiles/pico_allegroMR.dir/home/avinash/rpi_pico/pico/pico-sdk/src/rp2_common/pico_standard_link/binary_info.c.obj
 *(.binary_info.*)
                0x0000000010004e3c                __binary_info_end = .
                0x0000000010004e3c                . = ALIGN (0x4)
                0x0000000010004e3c                __etext = .

.ram_vector_table
                0x0000000020000000       0xc0
 *(.ram_vector_table)
 .ram_vector_table
                0x0000000020000000       0xc0 CMakeFiles/pico_allegroMR.dir/home/avinash/rpi_pico/pico/pico-sdk/src/rp2_common/pico_runtime/runtime.c.obj
                0x0000000020000000                ram_vector_table

.data           0x00000000200000c0      0x2f0 load address 0x0000000010004e3c
                0x00000000200000c0                __data_start__ = .
 *(vtable)
 *(.time_critical*)
 .time_critical.mutex_enter_blocking
                0x00000000200000c0       0x48 CMakeFiles/pico_allegroMR.dir/home/avinash/rpi_pico/pico/pico-sdk/src/common/pico_sync/mutex.c.obj
                0x00000000200000c0                mutex_enter_blocking
 .time_critical.mutex_try_enter
                0x0000000020000108       0x48 CMakeFiles/pico_allegroMR.dir/home/avinash/rpi_pico/pico/pico-sdk/src/common/pico_sync/mutex.c.obj
                0x0000000020000108                mutex_try_enter
 .time_critical.mutex_exit
                0x0000000020000150       0x4c CMakeFiles/pico_allegroMR.dir/home/avinash/rpi_pico/pico/pico-sdk/src/common/pico_sync/mutex.c.obj
                0x0000000020000150                mutex_exit
 .time_critical.flash_init_boot2_copyout
                0x000000002000019c       0x30 CMakeFiles/pico_allegroMR.dir/home/avinash/rpi_pico/pico/pico-sdk/src/rp2_common/hardware_flash/flash.c.obj
 .time_critical.flash_enable_xip_via_boot2
                0x00000000200001cc       0x10 CMakeFiles/pico_allegroMR.dir/home/avinash/rpi_pico/pico/pico-sdk/src/rp2_common/hardware_flash/flash.c.obj
 .time_critical.flash_cs_force
                0x00000000200001dc       0x28 CMakeFiles/pico_allegroMR.dir/home/avinash/rpi_pico/pico/pico-sdk/src/rp2_common/hardware_flash/flash.c.obj
 .time_critical.flash_do_cmd
                0x0000000020000204       0xd4 CMakeFiles/pico_allegroMR.dir/home/avinash/rpi_pico/pico/pico-sdk/src/rp2_common/hardware_flash/flash.c.obj
                0x0000000020000204                flash_do_cmd
 *(.text*)
 .text          0x00000000200002d8        0x4 /usr/lib/gcc/arm-none-eabi/6.3.1/thumb/v6-m/libgcc.a(_dvmd_tls.o)
                0x00000000200002d8                __aeabi_ldiv0
                0x00000000200002d8                __aeabi_idiv0
 *fill*         0x00000000200002dc        0x4 
 .text.__stub   0x00000000200002e0       0x10 linker stubs
                0x00000000200002f0                . = ALIGN (0x4)
 *(.rodata*)
                0x00000000200002f0                . = ALIGN (0x4)
 *(.data*)
 .data.striped_spin_lock_num
                0x00000000200002f0        0x1 CMakeFiles/pico_allegroMR.dir/home/avinash/rpi_pico/pico/pico-sdk/src/rp2_common/hardware_sync/sync.c.obj
 *fill*         0x00000000200002f1        0x3 
 .data.default_alarm_pool
                0x00000000200002f4       0x18 CMakeFiles/pico_allegroMR.dir/home/avinash/rpi_pico/pico/pico-sdk/src/common/pico_time/time.c.obj
 .data.default_alarm_pool_heap
                0x000000002000030c       0x10 CMakeFiles/pico_allegroMR.dir/home/avinash/rpi_pico/pico/pico-sdk/src/common/pico_time/time.c.obj
 .data          0x000000002000031c       0x48 CMakeFiles/pico_allegroMR.dir/home/avinash/rpi_pico/pico/pico-sdk/src/rp2_common/hardware_irq/irq_handler_chain.S.obj
                0x000000002000031c                irq_handler_chain_slots
                0x000000002000034c                irq_handler_chain_first_slot
                0x0000000020000356                irq_handler_chain_remove_tail
 *fill*         0x0000000020000364        0xc 
 .data.aeabi_bits_funcs
                0x0000000020000370       0x10 CMakeFiles/pico_allegroMR.dir/home/avinash/rpi_pico/pico/pico-sdk/src/rp2_common/pico_bit_ops/bit_ops_aeabi.S.obj
                0x0000000020000370                aeabi_bits_funcs
                0x0000000020000380                aeabi_bits_funcs_end
 .data.aeabi_mem_funcs
                0x0000000020000380       0x10 CMakeFiles/pico_allegroMR.dir/home/avinash/rpi_pico/pico/pico-sdk/src/rp2_common/pico_mem_ops/mem_ops_aeabi.S.obj
                0x0000000020000380                aeabi_mem_funcs
                0x0000000020000390                aeabi_mem_funcs_end
                0x0000000020000390                . = ALIGN (0x4)
 *(.after_data.*)
                0x0000000020000390                . = ALIGN (0x4)
                0x0000000020000390                PROVIDE (__mutex_array_start, .)
 *(SORT(.mutex_array.*))
 *(.mutex_array)
 .mutex_array   0x0000000020000390        0x8 CMakeFiles/pico_allegroMR.dir/home/avinash/rpi_pico/pico/pico-sdk/src/rp2_common/pico_stdio/stdio.c.obj
                0x0000000020000398                PROVIDE (__mutex_array_end, .)
                0x0000000020000398                . = ALIGN (0x4)
                0x0000000020000398                PROVIDE (__preinit_array_start, .)
 *(SORT(.preinit_array.*))
 .preinit_array.00001
                0x0000000020000398        0x4 CMakeFiles/pico_allegroMR.dir/home/avinash/rpi_pico/pico/pico-sdk/src/rp2_common/pico_mem_ops/mem_ops_aeabi.S.obj
 .preinit_array.00010
                0x000000002000039c        0x4 CMakeFiles/pico_allegroMR.dir/home/avinash/rpi_pico/pico/pico-sdk/src/rp2_common/pico_bit_ops/bit_ops_aeabi.S.obj
 .preinit_array.00020
                0x00000000200003a0        0x4 CMakeFiles/pico_allegroMR.dir/home/avinash/rpi_pico/pico/pico-sdk/src/rp2_common/pico_double/double_aeabi.S.obj
 .preinit_array.00020
                0x00000000200003a4        0x4 CMakeFiles/pico_allegroMR.dir/home/avinash/rpi_pico/pico/pico-sdk/src/rp2_common/pico_float/float_aeabi.S.obj
 *(.preinit_array)
                0x00000000200003a8                PROVIDE (__preinit_array_end, .)
                0x00000000200003a8                . = ALIGN (0x4)
                0x00000000200003a8                PROVIDE (__init_array_start, .)
 *(SORT(.init_array.*))
 *(.init_array)
 .init_array    0x00000000200003a8        0x4 /usr/lib/gcc/arm-none-eabi/6.3.1/thumb/v6-m/crtbegin.o
 .init_array    0x00000000200003ac        0x4 CMakeFiles/pico_allegroMR.dir/home/avinash/rpi_pico/pico/pico-sdk/src/rp2_common/pico_unique_id/unique_id.c.obj
                0x00000000200003b0                PROVIDE (__init_array_end, .)
                0x00000000200003b0                . = ALIGN (0x4)
                0x00000000200003b0                PROVIDE (__fini_array_start, .)
 *(SORT(.fini_array.*))
 *(.fini_array)
                0x00000000200003b0                PROVIDE (__fini_array_end, .)
 *(.jcr)
 .jcr           0x00000000200003b0        0x0 /usr/lib/gcc/arm-none-eabi/6.3.1/thumb/v6-m/crtbegin.o
                0x00000000200003b0                . = ALIGN (0x4)
                0x00000000200003b0                __data_end__ = .

.tm_clone_table
                0x00000000200003b0        0x0 load address 0x000000001000512c
 .tm_clone_table
                0x00000000200003b0        0x0 /usr/lib/gcc/arm-none-eabi/6.3.1/thumb/v6-m/crtbegin.o
 .tm_clone_table
                0x00000000200003b0        0x0 /usr/lib/gcc/arm-none-eabi/6.3.1/thumb/v6-m/crtend.o

.igot.plt       0x00000000200003b0        0x0 load address 0x000000001000512c
 .igot.plt      0x00000000200003b0        0x0 /usr/lib/gcc/arm-none-eabi/6.3.1/thumb/v6-m/crtbegin.o

.uninitialized_data
                0x00000000200003b0        0x0 load address 0x000000001000512c
                0x00000000200003b0                . = ALIGN (0x4)
 *(.uninitialized_data*)

.scratch_x      0x0000000020040000        0x0 load address 0x000000001000512c
                0x0000000020040000                __scratch_x_start__ = .
 *(.scratch_x.*)
                0x0000000020040000                . = ALIGN (0x4)
                0x0000000020040000                __scratch_x_end__ = .
                0x000000001000512c                __scratch_x_source__ = LOADADDR (.scratch_x)

.scratch_y      0x0000000020041000        0x0 load address 0x000000001000512c
                0x0000000020041000                __scratch_y_start__ = .
 *(.scratch_y.*)
                0x0000000020041000                . = ALIGN (0x4)
                0x0000000020041000                __scratch_y_end__ = .
                0x000000001000512c                __scratch_y_source__ = LOADADDR (.scratch_y)

.bss            0x00000000200003b0      0x4d0
                0x00000000200003b0                . = ALIGN (0x4)
                0x00000000200003b0                __bss_start__ = .
 *(SORT(.bss*))
 .bss.default_alarm_pool_entries
                0x00000000200003b0      0x100 CMakeFiles/pico_allegroMR.dir/home/avinash/rpi_pico/pico/pico-sdk/src/common/pico_time/time.c.obj
 .bss           0x00000000200004b0       0x1c /usr/lib/gcc/arm-none-eabi/6.3.1/thumb/v6-m/crtbegin.o
 .bss.alarm_callbacks
                0x00000000200004cc       0x10 CMakeFiles/pico_allegroMR.dir/home/avinash/rpi_pico/pico/pico-sdk/src/rp2_common/hardware_timer/timer.c.obj
 .bss.boot2_copyout
                0x00000000200004dc      0x100 CMakeFiles/pico_allegroMR.dir/home/avinash/rpi_pico/pico/pico-sdk/src/rp2_common/hardware_flash/flash.c.obj
 .bss.configured_freq
                0x00000000200005dc       0x28 CMakeFiles/pico_allegroMR.dir/home/avinash/rpi_pico/pico/pico-sdk/src/rp2_common/hardware_clocks/clocks.c.obj
 .bss.default_alarm_pool_entry_ids_high
                0x0000000020000604       0x10 CMakeFiles/pico_allegroMR.dir/home/avinash/rpi_pico/pico/pico-sdk/src/common/pico_time/time.c.obj
 .bss.default_alarm_pool_heap_nodes
                0x0000000020000614       0x30 CMakeFiles/pico_allegroMR.dir/home/avinash/rpi_pico/pico/pico-sdk/src/common/pico_time/time.c.obj
 .bss.drivers   0x0000000020000644        0x4 CMakeFiles/pico_allegroMR.dir/home/avinash/rpi_pico/pico/pico-sdk/src/rp2_common/pico_stdio/stdio.c.obj
 .bss.filter    0x0000000020000648        0x4 CMakeFiles/pico_allegroMR.dir/home/avinash/rpi_pico/pico/pico-sdk/src/rp2_common/pico_stdio/stdio.c.obj
 .bss.pools     0x000000002000064c       0x10 CMakeFiles/pico_allegroMR.dir/home/avinash/rpi_pico/pico/pico-sdk/src/common/pico_time/time.c.obj
 .bss.retrieved_id
                0x000000002000065c        0x8 CMakeFiles/pico_allegroMR.dir/home/avinash/rpi_pico/pico/pico-sdk/src/rp2_common/pico_unique_id/unique_id.c.obj
 .bss.sf_clz_func
                0x0000000020000664        0x4 CMakeFiles/pico_allegroMR.dir/home/avinash/rpi_pico/pico/pico-sdk/src/rp2_common/pico_double/double_init_rom.c.obj
                0x0000000020000664                sf_clz_func
 .bss.sleep_notifier
                0x0000000020000668        0x4 CMakeFiles/pico_allegroMR.dir/home/avinash/rpi_pico/pico/pico-sdk/src/common/pico_time/time.c.obj
 .bss.target_hi
                0x000000002000066c       0x10 CMakeFiles/pico_allegroMR.dir/home/avinash/rpi_pico/pico/pico-sdk/src/rp2_common/hardware_timer/timer.c.obj
 .bss.boot2_copyout_valid
                0x000000002000067c        0x1 CMakeFiles/pico_allegroMR.dir/home/avinash/rpi_pico/pico/pico-sdk/src/rp2_common/hardware_flash/flash.c.obj
 .bss.claimed   0x000000002000067d        0x1 CMakeFiles/pico_allegroMR.dir/home/avinash/rpi_pico/pico/pico-sdk/src/rp2_common/hardware_timer/timer.c.obj
 .bss.irq_hander_chain_free_slot_head
                0x000000002000067e        0x1 CMakeFiles/pico_allegroMR.dir/home/avinash/rpi_pico/pico/pico-sdk/src/rp2_common/hardware_irq/irq.c.obj
 .bss.timer_callbacks_pending
                0x000000002000067f        0x1 CMakeFiles/pico_allegroMR.dir/home/avinash/rpi_pico/pico/pico-sdk/src/rp2_common/hardware_timer/timer.c.obj
 *(COMMON)
 COMMON         0x0000000020000680      0x100 CMakeFiles/pico_allegroMR.dir/home/avinash/rpi_pico/pico/pico-sdk/src/rp2_common/pico_double/double_init_rom.c.obj
                0x0000000020000680                sd_table
 COMMON         0x0000000020000780      0x100 CMakeFiles/pico_allegroMR.dir/home/avinash/rpi_pico/pico/pico-sdk/src/rp2_common/pico_float/float_init_rom.c.obj
                0x0000000020000780                sf_table
                0x0000000020000880                . = ALIGN (0x4)
                0x0000000020000880                __bss_end__ = .

.heap           0x0000000020000880      0x800
                0x0000000020000880                __end__ = .
                0x0000000020000880                end = __end__
 *(.heap*)
 .heap          0x0000000020000880      0x800 CMakeFiles/pico_allegroMR.dir/home/avinash/rpi_pico/pico/pico-sdk/src/rp2_common/pico_standard_link/crt0.S.obj
                0x0000000020001080                __HeapLimit = .

.stack1_dummy   0x0000000020040000        0x0
 *(.stack1*)

.stack_dummy    0x0000000020041000      0x800
 *(.stack*)
 .stack         0x0000000020041000      0x800 CMakeFiles/pico_allegroMR.dir/home/avinash/rpi_pico/pico/pico-sdk/src/rp2_common/pico_standard_link/crt0.S.obj

.flash_end      0x000000001000512c        0x0
                0x000000001000512c                __flash_binary_end = .
                0x0000000020040000                __StackLimit = (ORIGIN (RAM) + LENGTH (RAM))
                0x0000000020041000                __StackOneTop = (ORIGIN (SCRATCH_X) + LENGTH (SCRATCH_X))
                0x0000000020042000                __StackTop = (ORIGIN (SCRATCH_Y) + LENGTH (SCRATCH_Y))
                0x0000000020041000                __StackOneBottom = (__StackOneTop - SIZEOF (.stack1_dummy))
                0x0000000020041800                __StackBottom = (__StackTop - SIZEOF (.stack_dummy))
                0x0000000020042000                PROVIDE (__stack, __StackTop)
                0x0000000000000001                ASSERT ((__StackLimit >= __HeapLimit), region RAM overflowed)
                0x0000000000000001                ASSERT (((__binary_info_header_end - __logical_binary_start) <= 0x100), Binary info must be in first 256 bytes of the binary)
LOAD CMakeFiles/pico_allegroMR.dir/linearizeMR.c.obj
LOAD CMakeFiles/pico_allegroMR.dir/home/avinash/rpi_pico/pico/pico-sdk/src/rp2_common/pico_stdlib/stdlib.c.obj
LOAD CMakeFiles/pico_allegroMR.dir/home/avinash/rpi_pico/pico/pico-sdk/src/rp2_common/hardware_gpio/gpio.c.obj
LOAD CMakeFiles/pico_allegroMR.dir/home/avinash/rpi_pico/pico/pico-sdk/src/rp2_common/hardware_claim/claim.c.obj
LOAD CMakeFiles/pico_allegroMR.dir/home/avinash/rpi_pico/pico/pico-sdk/src/rp2_common/pico_platform/platform.c.obj
LOAD CMakeFiles/pico_allegroMR.dir/home/avinash/rpi_pico/pico/pico-sdk/src/rp2_common/hardware_sync/sync.c.obj
LOAD CMakeFiles/pico_allegroMR.dir/home/avinash/rpi_pico/pico/pico-sdk/src/rp2_common/hardware_uart/uart.c.obj
LOAD CMakeFiles/pico_allegroMR.dir/home/avinash/rpi_pico/pico/pico-sdk/src/rp2_common/hardware_divider/divider.S.obj
LOAD CMakeFiles/pico_allegroMR.dir/home/avinash/rpi_pico/pico/pico-sdk/src/common/pico_time/time.c.obj
LOAD CMakeFiles/pico_allegroMR.dir/home/avinash/rpi_pico/pico/pico-sdk/src/common/pico_time/timeout_helper.c.obj
LOAD CMakeFiles/pico_allegroMR.dir/home/avinash/rpi_pico/pico/pico-sdk/src/rp2_common/hardware_timer/timer.c.obj
LOAD CMakeFiles/pico_allegroMR.dir/home/avinash/rpi_pico/pico/pico-sdk/src/common/pico_sync/sem.c.obj
LOAD CMakeFiles/pico_allegroMR.dir/home/avinash/rpi_pico/pico/pico-sdk/src/common/pico_sync/lock_core.c.obj
LOAD CMakeFiles/pico_allegroMR.dir/home/avinash/rpi_pico/pico/pico-sdk/src/common/pico_sync/mutex.c.obj
LOAD CMakeFiles/pico_allegroMR.dir/home/avinash/rpi_pico/pico/pico-sdk/src/common/pico_sync/critical_section.c.obj
LOAD CMakeFiles/pico_allegroMR.dir/home/avinash/rpi_pico/pico/pico-sdk/src/common/pico_util/datetime.c.obj
LOAD CMakeFiles/pico_allegroMR.dir/home/avinash/rpi_pico/pico/pico-sdk/src/common/pico_util/pheap.c.obj
LOAD CMakeFiles/pico_allegroMR.dir/home/avinash/rpi_pico/pico/pico-sdk/src/common/pico_util/queue.c.obj
LOAD CMakeFiles/pico_allegroMR.dir/home/avinash/rpi_pico/pico/pico-sdk/src/rp2_common/pico_runtime/runtime.c.obj
LOAD CMakeFiles/pico_allegroMR.dir/home/avinash/rpi_pico/pico/pico-sdk/src/rp2_common/hardware_clocks/clocks.c.obj
LOAD CMakeFiles/pico_allegroMR.dir/home/avinash/rpi_pico/pico/pico-sdk/src/rp2_common/hardware_irq/irq.c.obj
LOAD CMakeFiles/pico_allegroMR.dir/home/avinash/rpi_pico/pico/pico-sdk/src/rp2_common/hardware_irq/irq_handler_chain.S.obj
LOAD CMakeFiles/pico_allegroMR.dir/home/avinash/rpi_pico/pico/pico-sdk/src/rp2_common/hardware_pll/pll.c.obj
LOAD CMakeFiles/pico_allegroMR.dir/home/avinash/rpi_pico/pico/pico-sdk/src/rp2_common/hardware_vreg/vreg.c.obj
LOAD CMakeFiles/pico_allegroMR.dir/home/avinash/rpi_pico/pico/pico-sdk/src/rp2_common/hardware_watchdog/watchdog.c.obj
LOAD CMakeFiles/pico_allegroMR.dir/home/avinash/rpi_pico/pico/pico-sdk/src/rp2_common/hardware_xosc/xosc.c.obj
LOAD CMakeFiles/pico_allegroMR.dir/home/avinash/rpi_pico/pico/pico-sdk/src/rp2_common/pico_printf/printf.c.obj
LOAD CMakeFiles/pico_allegroMR.dir/home/avinash/rpi_pico/pico/pico-sdk/src/rp2_common/pico_bit_ops/bit_ops_aeabi.S.obj
LOAD CMakeFiles/pico_allegroMR.dir/home/avinash/rpi_pico/pico/pico-sdk/src/rp2_common/pico_bootrom/bootrom.c.obj
LOAD CMakeFiles/pico_allegroMR.dir/home/avinash/rpi_pico/pico/pico-sdk/src/rp2_common/pico_divider/divider.S.obj
LOAD CMakeFiles/pico_allegroMR.dir/home/avinash/rpi_pico/pico/pico-sdk/src/rp2_common/pico_double/double_aeabi.S.obj
LOAD CMakeFiles/pico_allegroMR.dir/home/avinash/rpi_pico/pico/pico-sdk/src/rp2_common/pico_double/double_init_rom.c.obj
LOAD CMakeFiles/pico_allegroMR.dir/home/avinash/rpi_pico/pico/pico-sdk/src/rp2_common/pico_double/double_math.c.obj
LOAD CMakeFiles/pico_allegroMR.dir/home/avinash/rpi_pico/pico/pico-sdk/src/rp2_common/pico_double/double_v1_rom_shim.S.obj
LOAD CMakeFiles/pico_allegroMR.dir/home/avinash/rpi_pico/pico/pico-sdk/src/rp2_common/pico_int64_ops/pico_int64_ops_aeabi.S.obj
LOAD CMakeFiles/pico_allegroMR.dir/home/avinash/rpi_pico/pico/pico-sdk/src/rp2_common/pico_float/float_aeabi.S.obj
LOAD CMakeFiles/pico_allegroMR.dir/home/avinash/rpi_pico/pico/pico-sdk/src/rp2_common/pico_float/float_init_rom.c.obj
LOAD CMakeFiles/pico_allegroMR.dir/home/avinash/rpi_pico/pico/pico-sdk/src/rp2_common/pico_float/float_math.c.obj
LOAD CMakeFiles/pico_allegroMR.dir/home/avinash/rpi_pico/pico/pico-sdk/src/rp2_common/pico_float/float_v1_rom_shim.S.obj
LOAD CMakeFiles/pico_allegroMR.dir/home/avinash/rpi_pico/pico/pico-sdk/src/rp2_common/pico_malloc/pico_malloc.c.obj
LOAD CMakeFiles/pico_allegroMR.dir/home/avinash/rpi_pico/pico/pico-sdk/src/rp2_common/pico_mem_ops/mem_ops_aeabi.S.obj
LOAD CMakeFiles/pico_allegroMR.dir/home/avinash/rpi_pico/pico/pico-sdk/src/rp2_common/pico_standard_link/crt0.S.obj
LOAD CMakeFiles/pico_allegroMR.dir/home/avinash/rpi_pico/pico/pico-sdk/src/rp2_common/pico_standard_link/new_delete.cpp.obj
LOAD CMakeFiles/pico_allegroMR.dir/home/avinash/rpi_pico/pico/pico-sdk/src/rp2_common/pico_standard_link/binary_info.c.obj
LOAD CMakeFiles/pico_allegroMR.dir/home/avinash/rpi_pico/pico/pico-sdk/src/rp2_common/pico_stdio/stdio.c.obj
LOAD CMakeFiles/pico_allegroMR.dir/home/avinash/rpi_pico/pico/pico-sdk/src/rp2_common/pico_stdio_usb/reset_interface.c.obj
LOAD CMakeFiles/pico_allegroMR.dir/home/avinash/rpi_pico/pico/pico-sdk/src/rp2_common/pico_stdio_usb/stdio_usb.c.obj
LOAD CMakeFiles/pico_allegroMR.dir/home/avinash/rpi_pico/pico/pico-sdk/src/rp2_common/pico_stdio_usb/stdio_usb_descriptors.c.obj
LOAD CMakeFiles/pico_allegroMR.dir/home/avinash/rpi_pico/pico/pico-sdk/lib/tinyusb/src/portable/raspberrypi/rp2040/dcd_rp2040.c.obj
LOAD CMakeFiles/pico_allegroMR.dir/home/avinash/rpi_pico/pico/pico-sdk/lib/tinyusb/src/portable/raspberrypi/rp2040/rp2040_usb.c.obj
LOAD CMakeFiles/pico_allegroMR.dir/home/avinash/rpi_pico/pico/pico-sdk/lib/tinyusb/src/device/usbd.c.obj
LOAD CMakeFiles/pico_allegroMR.dir/home/avinash/rpi_pico/pico/pico-sdk/lib/tinyusb/src/device/usbd_control.c.obj
LOAD CMakeFiles/pico_allegroMR.dir/home/avinash/rpi_pico/pico/pico-sdk/lib/tinyusb/src/class/audio/audio_device.c.obj
LOAD CMakeFiles/pico_allegroMR.dir/home/avinash/rpi_pico/pico/pico-sdk/lib/tinyusb/src/class/cdc/cdc_device.c.obj
LOAD CMakeFiles/pico_allegroMR.dir/home/avinash/rpi_pico/pico/pico-sdk/lib/tinyusb/src/class/dfu/dfu_device.c.obj
LOAD CMakeFiles/pico_allegroMR.dir/home/avinash/rpi_pico/pico/pico-sdk/lib/tinyusb/src/class/dfu/dfu_rt_device.c.obj
LOAD CMakeFiles/pico_allegroMR.dir/home/avinash/rpi_pico/pico/pico-sdk/lib/tinyusb/src/class/hid/hid_device.c.obj
LOAD CMakeFiles/pico_allegroMR.dir/home/avinash/rpi_pico/pico/pico-sdk/lib/tinyusb/src/class/midi/midi_device.c.obj
LOAD CMakeFiles/pico_allegroMR.dir/home/avinash/rpi_pico/pico/pico-sdk/lib/tinyusb/src/class/msc/msc_device.c.obj
LOAD CMakeFiles/pico_allegroMR.dir/home/avinash/rpi_pico/pico/pico-sdk/lib/tinyusb/src/class/net/ecm_rndis_device.c.obj
LOAD CMakeFiles/pico_allegroMR.dir/home/avinash/rpi_pico/pico/pico-sdk/lib/tinyusb/src/class/net/ncm_device.c.obj
LOAD CMakeFiles/pico_allegroMR.dir/home/avinash/rpi_pico/pico/pico-sdk/lib/tinyusb/src/class/usbtmc/usbtmc_device.c.obj
LOAD CMakeFiles/pico_allegroMR.dir/home/avinash/rpi_pico/pico/pico-sdk/lib/tinyusb/src/class/vendor/vendor_device.c.obj
LOAD CMakeFiles/pico_allegroMR.dir/home/avinash/rpi_pico/pico/pico-sdk/lib/tinyusb/src/class/video/video_device.c.obj
LOAD CMakeFiles/pico_allegroMR.dir/home/avinash/rpi_pico/pico/pico-sdk/lib/tinyusb/src/tusb.c.obj
LOAD CMakeFiles/pico_allegroMR.dir/home/avinash/rpi_pico/pico/pico-sdk/lib/tinyusb/src/common/tusb_fifo.c.obj
LOAD CMakeFiles/pico_allegroMR.dir/home/avinash/rpi_pico/pico/pico-sdk/src/rp2_common/pico_fix/rp2040_usb_device_enumeration/rp2040_usb_device_enumeration.c.obj
LOAD CMakeFiles/pico_allegroMR.dir/home/avinash/rpi_pico/pico/pico-sdk/src/rp2_common/pico_unique_id/unique_id.c.obj
LOAD CMakeFiles/pico_allegroMR.dir/home/avinash/rpi_pico/pico/pico-sdk/src/rp2_common/hardware_flash/flash.c.obj
LOAD CMakeFiles/pico_allegroMR.dir/home/avinash/rpi_pico/pico/pico-sdk/src/rp2_common/hardware_adc/adc.c.obj
LOAD /tmp/ccBVdy6T.o
LOAD /usr/lib/gcc/arm-none-eabi/6.3.1/../../../arm-none-eabi/lib/thumb/v6-m/libstdc++.a
LOAD /usr/lib/gcc/arm-none-eabi/6.3.1/../../../arm-none-eabi/lib/thumb/v6-m/libm.a
START GROUP
LOAD /usr/lib/gcc/arm-none-eabi/6.3.1/thumb/v6-m/libgcc.a
LOAD /usr/lib/gcc/arm-none-eabi/6.3.1/../../../arm-none-eabi/lib/thumb/v6-m/libg.a
LOAD /usr/lib/gcc/arm-none-eabi/6.3.1/../../../arm-none-eabi/lib/thumb/v6-m/libc.a
END GROUP
START GROUP
LOAD /usr/lib/gcc/arm-none-eabi/6.3.1/thumb/v6-m/libgcc.a
LOAD /usr/lib/gcc/arm-none-eabi/6.3.1/../../../arm-none-eabi/lib/thumb/v6-m/libc.a
LOAD /usr/lib/gcc/arm-none-eabi/6.3.1/../../../arm-none-eabi/lib/thumb/v6-m/libnosys.a
END GROUP
LOAD /usr/lib/gcc/arm-none-eabi/6.3.1/thumb/v6-m/crtend.o
LOAD /usr/lib/gcc/arm-none-eabi/6.3.1/thumb/v6-m/crtn.o
OUTPUT(pico_allegroMR.elf elf32-littlearm)

.ARM.attributes
                0x0000000000000000       0x28
 .ARM.attributes
                0x0000000000000000       0x1e /usr/lib/gcc/arm-none-eabi/6.3.1/thumb/v6-m/crti.o
 .ARM.attributes
                0x000000000000001e       0x2c /usr/lib/gcc/arm-none-eabi/6.3.1/thumb/v6-m/crtbegin.o
 .ARM.attributes
                0x000000000000004a       0x32 CMakeFiles/pico_allegroMR.dir/linearizeMR.c.obj
 .ARM.attributes
                0x000000000000007c       0x32 CMakeFiles/pico_allegroMR.dir/home/avinash/rpi_pico/pico/pico-sdk/src/rp2_common/hardware_gpio/gpio.c.obj
 .ARM.attributes
                0x00000000000000ae       0x32 CMakeFiles/pico_allegroMR.dir/home/avinash/rpi_pico/pico/pico-sdk/src/rp2_common/hardware_claim/claim.c.obj
 .ARM.attributes
                0x00000000000000e0       0x32 CMakeFiles/pico_allegroMR.dir/home/avinash/rpi_pico/pico/pico-sdk/src/rp2_common/pico_platform/platform.c.obj
 .ARM.attributes
                0x0000000000000112       0x32 CMakeFiles/pico_allegroMR.dir/home/avinash/rpi_pico/pico/pico-sdk/src/rp2_common/hardware_sync/sync.c.obj
 .ARM.attributes
                0x0000000000000144       0x32 CMakeFiles/pico_allegroMR.dir/home/avinash/rpi_pico/pico/pico-sdk/src/common/pico_time/time.c.obj
 .ARM.attributes
                0x0000000000000176       0x32 CMakeFiles/pico_allegroMR.dir/home/avinash/rpi_pico/pico/pico-sdk/src/rp2_common/hardware_timer/timer.c.obj
 .ARM.attributes
                0x00000000000001a8       0x32 CMakeFiles/pico_allegroMR.dir/home/avinash/rpi_pico/pico/pico-sdk/src/common/pico_sync/lock_core.c.obj
 .ARM.attributes
                0x00000000000001da       0x32 CMakeFiles/pico_allegroMR.dir/home/avinash/rpi_pico/pico/pico-sdk/src/common/pico_sync/mutex.c.obj
 .ARM.attributes
                0x000000000000020c       0x32 CMakeFiles/pico_allegroMR.dir/home/avinash/rpi_pico/pico/pico-sdk/src/common/pico_util/pheap.c.obj
 .ARM.attributes
                0x000000000000023e       0x32 CMakeFiles/pico_allegroMR.dir/home/avinash/rpi_pico/pico/pico-sdk/src/rp2_common/pico_runtime/runtime.c.obj
 .ARM.attributes
                0x0000000000000270       0x32 CMakeFiles/pico_allegroMR.dir/home/avinash/rpi_pico/pico/pico-sdk/src/rp2_common/hardware_clocks/clocks.c.obj
 .ARM.attributes
                0x00000000000002a2       0x32 CMakeFiles/pico_allegroMR.dir/home/avinash/rpi_pico/pico/pico-sdk/src/rp2_common/hardware_irq/irq.c.obj
 .ARM.attributes
                0x00000000000002d4       0x22 CMakeFiles/pico_allegroMR.dir/home/avinash/rpi_pico/pico/pico-sdk/src/rp2_common/hardware_irq/irq_handler_chain.S.obj
 .ARM.attributes
                0x00000000000002f6       0x32 CMakeFiles/pico_allegroMR.dir/home/avinash/rpi_pico/pico/pico-sdk/src/rp2_common/hardware_pll/pll.c.obj
 .ARM.attributes
                0x0000000000000328       0x32 CMakeFiles/pico_allegroMR.dir/home/avinash/rpi_pico/pico/pico-sdk/src/rp2_common/hardware_watchdog/watchdog.c.obj
 .ARM.attributes
                0x000000000000035a       0x32 CMakeFiles/pico_allegroMR.dir/home/avinash/rpi_pico/pico/pico-sdk/src/rp2_common/hardware_xosc/xosc.c.obj
 .ARM.attributes
                0x000000000000038c       0x32 CMakeFiles/pico_allegroMR.dir/home/avinash/rpi_pico/pico/pico-sdk/src/rp2_common/pico_printf/printf.c.obj
 .ARM.attributes
                0x00000000000003be       0x22 CMakeFiles/pico_allegroMR.dir/home/avinash/rpi_pico/pico/pico-sdk/src/rp2_common/pico_bit_ops/bit_ops_aeabi.S.obj
 .ARM.attributes
                0x00000000000003e0       0x32 CMakeFiles/pico_allegroMR.dir/home/avinash/rpi_pico/pico/pico-sdk/src/rp2_common/pico_bootrom/bootrom.c.obj
 .ARM.attributes
                0x0000000000000412       0x22 CMakeFiles/pico_allegroMR.dir/home/avinash/rpi_pico/pico/pico-sdk/src/rp2_common/pico_divider/divider.S.obj
 .ARM.attributes
                0x0000000000000434       0x22 CMakeFiles/pico_allegroMR.dir/home/avinash/rpi_pico/pico/pico-sdk/src/rp2_common/pico_double/double_aeabi.S.obj
 .ARM.attributes
                0x0000000000000456       0x32 CMakeFiles/pico_allegroMR.dir/home/avinash/rpi_pico/pico/pico-sdk/src/rp2_common/pico_double/double_init_rom.c.obj
 .ARM.attributes
                0x0000000000000488       0x22 CMakeFiles/pico_allegroMR.dir/home/avinash/rpi_pico/pico/pico-sdk/src/rp2_common/pico_double/double_v1_rom_shim.S.obj
 .ARM.attributes
                0x00000000000004aa       0x22 CMakeFiles/pico_allegroMR.dir/home/avinash/rpi_pico/pico/pico-sdk/src/rp2_common/pico_float/float_aeabi.S.obj
 .ARM.attributes
                0x00000000000004cc       0x32 CMakeFiles/pico_allegroMR.dir/home/avinash/rpi_pico/pico/pico-sdk/src/rp2_common/pico_float/float_init_rom.c.obj
 .ARM.attributes
                0x00000000000004fe       0x22 CMakeFiles/pico_allegroMR.dir/home/avinash/rpi_pico/pico/pico-sdk/src/rp2_common/pico_float/float_v1_rom_shim.S.obj
 .ARM.attributes
                0x0000000000000520       0x22 CMakeFiles/pico_allegroMR.dir/home/avinash/rpi_pico/pico/pico-sdk/src/rp2_common/pico_mem_ops/mem_ops_aeabi.S.obj
 .ARM.attributes
                0x0000000000000542       0x22 CMakeFiles/pico_allegroMR.dir/home/avinash/rpi_pico/pico/pico-sdk/src/rp2_common/pico_standard_link/crt0.S.obj
 .ARM.attributes
                0x0000000000000564       0x32 CMakeFiles/pico_allegroMR.dir/home/avinash/rpi_pico/pico/pico-sdk/src/rp2_common/pico_standard_link/binary_info.c.obj
 .ARM.attributes
                0x0000000000000596       0x32 CMakeFiles/pico_allegroMR.dir/home/avinash/rpi_pico/pico/pico-sdk/src/rp2_common/pico_stdio/stdio.c.obj
 .ARM.attributes
                0x00000000000005c8       0x32 CMakeFiles/pico_allegroMR.dir/home/avinash/rpi_pico/pico/pico-sdk/src/rp2_common/pico_unique_id/unique_id.c.obj
 .ARM.attributes
                0x00000000000005fa       0x32 CMakeFiles/pico_allegroMR.dir/home/avinash/rpi_pico/pico/pico-sdk/src/rp2_common/hardware_flash/flash.c.obj
 .ARM.attributes
                0x000000000000062c       0x32 CMakeFiles/pico_allegroMR.dir/home/avinash/rpi_pico/pico/pico-sdk/src/rp2_common/hardware_adc/adc.c.obj
 .ARM.attributes
                0x000000000000065e       0x22 /tmp/ccBVdy6T.o
 .ARM.attributes
                0x0000000000000680       0x1e /usr/lib/gcc/arm-none-eabi/6.3.1/thumb/v6-m/libgcc.a(_dvmd_tls.o)
 .ARM.attributes
                0x000000000000069e       0x2c /usr/lib/gcc/arm-none-eabi/6.3.1/../../../arm-none-eabi/lib/thumb/v6-m/libg.a(lib_a-strlen-stub.o)
 .ARM.attributes
                0x00000000000006ca       0x2c /usr/lib/gcc/arm-none-eabi/6.3.1/thumb/v6-m/crtend.o

.comment        0x0000000000000000       0x31
 .comment       0x0000000000000000       0x31 /usr/lib/gcc/arm-none-eabi/6.3.1/thumb/v6-m/crtbegin.o
                                         0x32 (size before relaxing)
 .comment       0x0000000000000031       0x32 CMakeFiles/pico_allegroMR.dir/linearizeMR.c.obj
 .comment       0x0000000000000031       0x32 CMakeFiles/pico_allegroMR.dir/home/avinash/rpi_pico/pico/pico-sdk/src/rp2_common/hardware_gpio/gpio.c.obj
 .comment       0x0000000000000031       0x32 CMakeFiles/pico_allegroMR.dir/home/avinash/rpi_pico/pico/pico-sdk/src/rp2_common/hardware_claim/claim.c.obj
 .comment       0x0000000000000031       0x32 CMakeFiles/pico_allegroMR.dir/home/avinash/rpi_pico/pico/pico-sdk/src/rp2_common/pico_platform/platform.c.obj
 .comment       0x0000000000000031       0x32 CMakeFiles/pico_allegroMR.dir/home/avinash/rpi_pico/pico/pico-sdk/src/rp2_common/hardware_sync/sync.c.obj
 .comment       0x0000000000000031       0x32 CMakeFiles/pico_allegroMR.dir/home/avinash/rpi_pico/pico/pico-sdk/src/common/pico_time/time.c.obj
 .comment       0x0000000000000031       0x32 CMakeFiles/pico_allegroMR.dir/home/avinash/rpi_pico/pico/pico-sdk/src/rp2_common/hardware_timer/timer.c.obj
 .comment       0x0000000000000031       0x32 CMakeFiles/pico_allegroMR.dir/home/avinash/rpi_pico/pico/pico-sdk/src/common/pico_sync/lock_core.c.obj
 .comment       0x0000000000000031       0x32 CMakeFiles/pico_allegroMR.dir/home/avinash/rpi_pico/pico/pico-sdk/src/common/pico_sync/mutex.c.obj
 .comment       0x0000000000000031       0x32 CMakeFiles/pico_allegroMR.dir/home/avinash/rpi_pico/pico/pico-sdk/src/common/pico_util/pheap.c.obj
 .comment       0x0000000000000031       0x32 CMakeFiles/pico_allegroMR.dir/home/avinash/rpi_pico/pico/pico-sdk/src/rp2_common/pico_runtime/runtime.c.obj
 .comment       0x0000000000000031       0x32 CMakeFiles/pico_allegroMR.dir/home/avinash/rpi_pico/pico/pico-sdk/src/rp2_common/hardware_clocks/clocks.c.obj
 .comment       0x0000000000000031       0x32 CMakeFiles/pico_allegroMR.dir/home/avinash/rpi_pico/pico/pico-sdk/src/rp2_common/hardware_irq/irq.c.obj
 .comment       0x0000000000000031       0x32 CMakeFiles/pico_allegroMR.dir/home/avinash/rpi_pico/pico/pico-sdk/src/rp2_common/hardware_pll/pll.c.obj
 .comment       0x0000000000000031       0x32 CMakeFiles/pico_allegroMR.dir/home/avinash/rpi_pico/pico/pico-sdk/src/rp2_common/hardware_watchdog/watchdog.c.obj
 .comment       0x0000000000000031       0x32 CMakeFiles/pico_allegroMR.dir/home/avinash/rpi_pico/pico/pico-sdk/src/rp2_common/hardware_xosc/xosc.c.obj
 .comment       0x0000000000000031       0x32 CMakeFiles/pico_allegroMR.dir/home/avinash/rpi_pico/pico/pico-sdk/src/rp2_common/pico_printf/printf.c.obj
 .comment       0x0000000000000031       0x32 CMakeFiles/pico_allegroMR.dir/home/avinash/rpi_pico/pico/pico-sdk/src/rp2_common/pico_bootrom/bootrom.c.obj
 .comment       0x0000000000000031       0x32 CMakeFiles/pico_allegroMR.dir/home/avinash/rpi_pico/pico/pico-sdk/src/rp2_common/pico_double/double_init_rom.c.obj
 .comment       0x0000000000000031       0x32 CMakeFiles/pico_allegroMR.dir/home/avinash/rpi_pico/pico/pico-sdk/src/rp2_common/pico_float/float_init_rom.c.obj
 .comment       0x0000000000000031       0x32 CMakeFiles/pico_allegroMR.dir/home/avinash/rpi_pico/pico/pico-sdk/src/rp2_common/pico_standard_link/binary_info.c.obj
 .comment       0x0000000000000031       0x32 CMakeFiles/pico_allegroMR.dir/home/avinash/rpi_pico/pico/pico-sdk/src/rp2_common/pico_stdio/stdio.c.obj
 .comment       0x0000000000000031       0x32 CMakeFiles/pico_allegroMR.dir/home/avinash/rpi_pico/pico/pico-sdk/src/rp2_common/pico_unique_id/unique_id.c.obj
 .comment       0x0000000000000031       0x32 CMakeFiles/pico_allegroMR.dir/home/avinash/rpi_pico/pico/pico-sdk/src/rp2_common/hardware_flash/flash.c.obj
 .comment       0x0000000000000031       0x32 CMakeFiles/pico_allegroMR.dir/home/avinash/rpi_pico/pico/pico-sdk/src/rp2_common/hardware_adc/adc.c.obj
 .comment       0x0000000000000031       0x32 /usr/lib/gcc/arm-none-eabi/6.3.1/../../../arm-none-eabi/lib/thumb/v6-m/libg.a(lib_a-strlen-stub.o)
 .comment       0x0000000000000031       0x32 /usr/lib/gcc/arm-none-eabi/6.3.1/thumb/v6-m/crtend.o

.debug_info     0x0000000000000000    0x1674e
 .debug_info    0x0000000000000000      0xf7b CMakeFiles/pico_allegroMR.dir/linearizeMR.c.obj
 .debug_info    0x0000000000000f7b     0x11c7 CMakeFiles/pico_allegroMR.dir/home/avinash/rpi_pico/pico/pico-sdk/src/rp2_common/hardware_gpio/gpio.c.obj
 .debug_info    0x0000000000002142      0x5db CMakeFiles/pico_allegroMR.dir/home/avinash/rpi_pico/pico/pico-sdk/src/rp2_common/hardware_claim/claim.c.obj
 .debug_info    0x000000000000271d      0x1c9 CMakeFiles/pico_allegroMR.dir/home/avinash/rpi_pico/pico/pico-sdk/src/rp2_common/pico_platform/platform.c.obj
 .debug_info    0x00000000000028e6      0x51d CMakeFiles/pico_allegroMR.dir/home/avinash/rpi_pico/pico/pico-sdk/src/rp2_common/hardware_sync/sync.c.obj
 .debug_info    0x0000000000002e03     0x3b90 CMakeFiles/pico_allegroMR.dir/home/avinash/rpi_pico/pico/pico-sdk/src/common/pico_time/time.c.obj
 .debug_info    0x0000000000006993      0xe65 CMakeFiles/pico_allegroMR.dir/home/avinash/rpi_pico/pico/pico-sdk/src/rp2_common/hardware_timer/timer.c.obj
 .debug_info    0x00000000000077f8      0x1f1 CMakeFiles/pico_allegroMR.dir/home/avinash/rpi_pico/pico/pico-sdk/src/common/pico_sync/lock_core.c.obj
 .debug_info    0x00000000000079e9     0x1af1 CMakeFiles/pico_allegroMR.dir/home/avinash/rpi_pico/pico/pico-sdk/src/common/pico_sync/mutex.c.obj
 .debug_info    0x00000000000094da     0x1894 CMakeFiles/pico_allegroMR.dir/home/avinash/rpi_pico/pico/pico-sdk/src/common/pico_util/pheap.c.obj
 .debug_info    0x000000000000ad6e     0x11bf CMakeFiles/pico_allegroMR.dir/home/avinash/rpi_pico/pico/pico-sdk/src/rp2_common/pico_runtime/runtime.c.obj
 .debug_info    0x000000000000bf2d      0xd7b CMakeFiles/pico_allegroMR.dir/home/avinash/rpi_pico/pico/pico-sdk/src/rp2_common/hardware_clocks/clocks.c.obj
 .debug_info    0x000000000000cca8     0x15df CMakeFiles/pico_allegroMR.dir/home/avinash/rpi_pico/pico/pico-sdk/src/rp2_common/hardware_irq/irq.c.obj
 .debug_info    0x000000000000e287       0xa7 CMakeFiles/pico_allegroMR.dir/home/avinash/rpi_pico/pico/pico-sdk/src/rp2_common/hardware_irq/irq_handler_chain.S.obj
 .debug_info    0x000000000000e32e      0x467 CMakeFiles/pico_allegroMR.dir/home/avinash/rpi_pico/pico/pico-sdk/src/rp2_common/hardware_pll/pll.c.obj
 .debug_info    0x000000000000e795      0xc59 CMakeFiles/pico_allegroMR.dir/home/avinash/rpi_pico/pico/pico-sdk/src/rp2_common/hardware_watchdog/watchdog.c.obj
 .debug_info    0x000000000000f3ee      0x1b5 CMakeFiles/pico_allegroMR.dir/home/avinash/rpi_pico/pico/pico-sdk/src/rp2_common/hardware_xosc/xosc.c.obj
 .debug_info    0x000000000000f5a3     0x1d53 CMakeFiles/pico_allegroMR.dir/home/avinash/rpi_pico/pico/pico-sdk/src/rp2_common/pico_printf/printf.c.obj
 .debug_info    0x00000000000112f6       0x9f CMakeFiles/pico_allegroMR.dir/home/avinash/rpi_pico/pico/pico-sdk/src/rp2_common/pico_bit_ops/bit_ops_aeabi.S.obj
 .debug_info    0x0000000000011395      0x23a CMakeFiles/pico_allegroMR.dir/home/avinash/rpi_pico/pico/pico-sdk/src/rp2_common/pico_bootrom/bootrom.c.obj
 .debug_info    0x00000000000115cf       0x99 CMakeFiles/pico_allegroMR.dir/home/avinash/rpi_pico/pico/pico-sdk/src/rp2_common/pico_divider/divider.S.obj
 .debug_info    0x0000000000011668       0x9d CMakeFiles/pico_allegroMR.dir/home/avinash/rpi_pico/pico/pico-sdk/src/rp2_common/pico_double/double_aeabi.S.obj
 .debug_info    0x0000000000011705      0xaa7 CMakeFiles/pico_allegroMR.dir/home/avinash/rpi_pico/pico/pico-sdk/src/rp2_common/pico_double/double_init_rom.c.obj
 .debug_info    0x00000000000121ac       0xa3 CMakeFiles/pico_allegroMR.dir/home/avinash/rpi_pico/pico/pico-sdk/src/rp2_common/pico_double/double_v1_rom_shim.S.obj
 .debug_info    0x000000000001224f       0x9b CMakeFiles/pico_allegroMR.dir/home/avinash/rpi_pico/pico/pico-sdk/src/rp2_common/pico_float/float_aeabi.S.obj
 .debug_info    0x00000000000122ea      0xac4 CMakeFiles/pico_allegroMR.dir/home/avinash/rpi_pico/pico/pico-sdk/src/rp2_common/pico_float/float_init_rom.c.obj
 .debug_info    0x0000000000012dae       0xa1 CMakeFiles/pico_allegroMR.dir/home/avinash/rpi_pico/pico/pico-sdk/src/rp2_common/pico_float/float_v1_rom_shim.S.obj
 .debug_info    0x0000000000012e4f       0x9f CMakeFiles/pico_allegroMR.dir/home/avinash/rpi_pico/pico/pico-sdk/src/rp2_common/pico_mem_ops/mem_ops_aeabi.S.obj
 .debug_info    0x0000000000012eee       0x9c CMakeFiles/pico_allegroMR.dir/home/avinash/rpi_pico/pico/pico-sdk/src/rp2_common/pico_standard_link/crt0.S.obj
 .debug_info    0x0000000000012f8a      0x2cf CMakeFiles/pico_allegroMR.dir/home/avinash/rpi_pico/pico/pico-sdk/src/rp2_common/pico_standard_link/binary_info.c.obj
 .debug_info    0x0000000000013259     0x18ef CMakeFiles/pico_allegroMR.dir/home/avinash/rpi_pico/pico/pico-sdk/src/rp2_common/pico_stdio/stdio.c.obj
 .debug_info    0x0000000000014b48      0x232 CMakeFiles/pico_allegroMR.dir/home/avinash/rpi_pico/pico/pico-sdk/src/rp2_common/pico_unique_id/unique_id.c.obj
 .debug_info    0x0000000000014d7a      0xdac CMakeFiles/pico_allegroMR.dir/home/avinash/rpi_pico/pico/pico-sdk/src/rp2_common/hardware_flash/flash.c.obj
 .debug_info    0x0000000000015b26      0x28b CMakeFiles/pico_allegroMR.dir/home/avinash/rpi_pico/pico/pico-sdk/src/rp2_common/hardware_adc/adc.c.obj
 .debug_info    0x0000000000015db1       0xbf /usr/lib/gcc/arm-none-eabi/6.3.1/thumb/v6-m/libgcc.a(_dvmd_tls.o)
 .debug_info    0x0000000000015e70      0x8de /usr/lib/gcc/arm-none-eabi/6.3.1/../../../arm-none-eabi/lib/thumb/v6-m/libg.a(lib_a-strlen-stub.o)

.debug_abbrev   0x0000000000000000     0x41ea
 .debug_abbrev  0x0000000000000000      0x357 CMakeFiles/pico_allegroMR.dir/linearizeMR.c.obj
 .debug_abbrev  0x0000000000000357      0x28c CMakeFiles/pico_allegroMR.dir/home/avinash/rpi_pico/pico/pico-sdk/src/rp2_common/hardware_gpio/gpio.c.obj
 .debug_abbrev  0x00000000000005e3      0x263 CMakeFiles/pico_allegroMR.dir/home/avinash/rpi_pico/pico/pico-sdk/src/rp2_common/hardware_claim/claim.c.obj
 .debug_abbrev  0x0000000000000846       0xdc CMakeFiles/pico_allegroMR.dir/home/avinash/rpi_pico/pico/pico-sdk/src/rp2_common/pico_platform/platform.c.obj
 .debug_abbrev  0x0000000000000922      0x1e4 CMakeFiles/pico_allegroMR.dir/home/avinash/rpi_pico/pico/pico-sdk/src/rp2_common/hardware_sync/sync.c.obj
 .debug_abbrev  0x0000000000000b06      0x593 CMakeFiles/pico_allegroMR.dir/home/avinash/rpi_pico/pico/pico-sdk/src/common/pico_time/time.c.obj
 .debug_abbrev  0x0000000000001099      0x306 CMakeFiles/pico_allegroMR.dir/home/avinash/rpi_pico/pico/pico-sdk/src/rp2_common/hardware_timer/timer.c.obj
 .debug_abbrev  0x000000000000139f      0x132 CMakeFiles/pico_allegroMR.dir/home/avinash/rpi_pico/pico/pico-sdk/src/common/pico_sync/lock_core.c.obj
 .debug_abbrev  0x00000000000014d1      0x2d1 CMakeFiles/pico_allegroMR.dir/home/avinash/rpi_pico/pico/pico-sdk/src/common/pico_sync/mutex.c.obj
 .debug_abbrev  0x00000000000017a2      0x3ba CMakeFiles/pico_allegroMR.dir/home/avinash/rpi_pico/pico/pico-sdk/src/common/pico_util/pheap.c.obj
 .debug_abbrev  0x0000000000001b5c      0x3de CMakeFiles/pico_allegroMR.dir/home/avinash/rpi_pico/pico/pico-sdk/src/rp2_common/pico_runtime/runtime.c.obj
 .debug_abbrev  0x0000000000001f3a      0x359 CMakeFiles/pico_allegroMR.dir/home/avinash/rpi_pico/pico/pico-sdk/src/rp2_common/hardware_clocks/clocks.c.obj
 .debug_abbrev  0x0000000000002293      0x416 CMakeFiles/pico_allegroMR.dir/home/avinash/rpi_pico/pico/pico-sdk/src/rp2_common/hardware_irq/irq.c.obj
 .debug_abbrev  0x00000000000026a9       0x14 CMakeFiles/pico_allegroMR.dir/home/avinash/rpi_pico/pico/pico-sdk/src/rp2_common/hardware_irq/irq_handler_chain.S.obj
 .debug_abbrev  0x00000000000026bd      0x19e CMakeFiles/pico_allegroMR.dir/home/avinash/rpi_pico/pico/pico-sdk/src/rp2_common/hardware_pll/pll.c.obj
 .debug_abbrev  0x000000000000285b      0x27f CMakeFiles/pico_allegroMR.dir/home/avinash/rpi_pico/pico/pico-sdk/src/rp2_common/hardware_watchdog/watchdog.c.obj
 .debug_abbrev  0x0000000000002ada       0xea CMakeFiles/pico_allegroMR.dir/home/avinash/rpi_pico/pico/pico-sdk/src/rp2_common/hardware_xosc/xosc.c.obj
 .debug_abbrev  0x0000000000002bc4      0x3f9 CMakeFiles/pico_allegroMR.dir/home/avinash/rpi_pico/pico/pico-sdk/src/rp2_common/pico_printf/printf.c.obj
 .debug_abbrev  0x0000000000002fbd       0x12 CMakeFiles/pico_allegroMR.dir/home/avinash/rpi_pico/pico/pico-sdk/src/rp2_common/pico_bit_ops/bit_ops_aeabi.S.obj
 .debug_abbrev  0x0000000000002fcf      0x11c CMakeFiles/pico_allegroMR.dir/home/avinash/rpi_pico/pico/pico-sdk/src/rp2_common/pico_bootrom/bootrom.c.obj
 .debug_abbrev  0x00000000000030eb       0x12 CMakeFiles/pico_allegroMR.dir/home/avinash/rpi_pico/pico/pico-sdk/src/rp2_common/pico_divider/divider.S.obj
 .debug_abbrev  0x00000000000030fd       0x12 CMakeFiles/pico_allegroMR.dir/home/avinash/rpi_pico/pico/pico-sdk/src/rp2_common/pico_double/double_aeabi.S.obj
 .debug_abbrev  0x000000000000310f      0x270 CMakeFiles/pico_allegroMR.dir/home/avinash/rpi_pico/pico/pico-sdk/src/rp2_common/pico_double/double_init_rom.c.obj
 .debug_abbrev  0x000000000000337f       0x12 CMakeFiles/pico_allegroMR.dir/home/avinash/rpi_pico/pico/pico-sdk/src/rp2_common/pico_double/double_v1_rom_shim.S.obj
 .debug_abbrev  0x0000000000003391       0x12 CMakeFiles/pico_allegroMR.dir/home/avinash/rpi_pico/pico/pico-sdk/src/rp2_common/pico_float/float_aeabi.S.obj
 .debug_abbrev  0x00000000000033a3      0x278 CMakeFiles/pico_allegroMR.dir/home/avinash/rpi_pico/pico/pico-sdk/src/rp2_common/pico_float/float_init_rom.c.obj
 .debug_abbrev  0x000000000000361b       0x12 CMakeFiles/pico_allegroMR.dir/home/avinash/rpi_pico/pico/pico-sdk/src/rp2_common/pico_float/float_v1_rom_shim.S.obj
 .debug_abbrev  0x000000000000362d       0x12 CMakeFiles/pico_allegroMR.dir/home/avinash/rpi_pico/pico/pico-sdk/src/rp2_common/pico_mem_ops/mem_ops_aeabi.S.obj
 .debug_abbrev  0x000000000000363f       0x12 CMakeFiles/pico_allegroMR.dir/home/avinash/rpi_pico/pico/pico-sdk/src/rp2_common/pico_standard_link/crt0.S.obj
 .debug_abbrev  0x0000000000003651       0x9d CMakeFiles/pico_allegroMR.dir/home/avinash/rpi_pico/pico/pico-sdk/src/rp2_common/pico_standard_link/binary_info.c.obj
 .debug_abbrev  0x00000000000036ee      0x494 CMakeFiles/pico_allegroMR.dir/home/avinash/rpi_pico/pico/pico-sdk/src/rp2_common/pico_stdio/stdio.c.obj
 .debug_abbrev  0x0000000000003b82      0x13b CMakeFiles/pico_allegroMR.dir/home/avinash/rpi_pico/pico/pico-sdk/src/rp2_common/pico_unique_id/unique_id.c.obj
 .debug_abbrev  0x0000000000003cbd      0x271 CMakeFiles/pico_allegroMR.dir/home/avinash/rpi_pico/pico/pico-sdk/src/rp2_common/hardware_flash/flash.c.obj
 .debug_abbrev  0x0000000000003f2e       0xf9 CMakeFiles/pico_allegroMR.dir/home/avinash/rpi_pico/pico/pico-sdk/src/rp2_common/hardware_adc/adc.c.obj
 .debug_abbrev  0x0000000000004027       0x14 /usr/lib/gcc/arm-none-eabi/6.3.1/thumb/v6-m/libgcc.a(_dvmd_tls.o)
 .debug_abbrev  0x000000000000403b      0x1af /usr/lib/gcc/arm-none-eabi/6.3.1/../../../arm-none-eabi/lib/thumb/v6-m/libg.a(lib_a-strlen-stub.o)

.debug_loc      0x0000000000000000     0xa4d6
 .debug_loc     0x0000000000000000       0x65 CMakeFiles/pico_allegroMR.dir/linearizeMR.c.obj