Archive member included to satisfy reference by file (symbol)

/usr/lib/gcc/arm-none-eabi/6.3.1/thumb/v6-m/libgcc.a(_dvmd_tls.o)
                              CMakeFiles/pico_allegroMR.dir/home/avinash/rpi_pico/pico/pico-sdk/src/rp2_common/pico_divider/divider.S.obj (__aeabi_idiv0)
/usr/lib/gcc/arm-none-eabi/6.3.1/../../../arm-none-eabi/lib/thumb/v6-m/libg.a(lib_a-atexit.o)
                              /usr/lib/gcc/arm-none-eabi/6.3.1/../../../arm-none-eabi/lib/thumb/v6-m/crt0.o (atexit)
/usr/lib/gcc/arm-none-eabi/6.3.1/../../../arm-none-eabi/lib/thumb/v6-m/libg.a(lib_a-calloc.o)
                              CMakeFiles/pico_allegroMR.dir/home/avinash/rpi_pico/pico/pico-sdk/src/rp2_common/pico_malloc/pico_malloc.c.obj (calloc)
/usr/lib/gcc/arm-none-eabi/6.3.1/../../../arm-none-eabi/lib/thumb/v6-m/libg.a(lib_a-callocr.o)
                              /usr/lib/gcc/arm-none-eabi/6.3.1/../../../arm-none-eabi/lib/thumb/v6-m/libg.a(lib_a-calloc.o) (_calloc_r)
/usr/lib/gcc/arm-none-eabi/6.3.1/../../../arm-none-eabi/lib/thumb/v6-m/libg.a(lib_a-ctype_.o)
                              CMakeFiles/pico_allegroMR.dir/home/avinash/rpi_pico/pico/pico-sdk/lib/tinyusb/src/tusb.c.obj (__ctype_ptr__)
/usr/lib/gcc/arm-none-eabi/6.3.1/../../../arm-none-eabi/lib/thumb/v6-m/libg.a(lib_a-fini.o)
                              /usr/lib/gcc/arm-none-eabi/6.3.1/../../../arm-none-eabi/lib/thumb/v6-m/crt0.o (__libc_fini_array)
/usr/lib/gcc/arm-none-eabi/6.3.1/../../../arm-none-eabi/lib/thumb/v6-m/libg.a(lib_a-impure.o)
                              CMakeFiles/pico_allegroMR.dir/home/avinash/rpi_pico/pico/pico-sdk/src/common/pico_util/pheap.c.obj (_impure_ptr)
/usr/lib/gcc/arm-none-eabi/6.3.1/../../../arm-none-eabi/lib/thumb/v6-m/libg.a(lib_a-init.o)
                              /usr/lib/gcc/arm-none-eabi/6.3.1/../../../arm-none-eabi/lib/thumb/v6-m/crt0.o (__libc_init_array)
/usr/lib/gcc/arm-none-eabi/6.3.1/../../../arm-none-eabi/lib/thumb/v6-m/libg.a(lib_a-malloc.o)
                              CMakeFiles/pico_allegroMR.dir/home/avinash/rpi_pico/pico/pico-sdk/src/rp2_common/pico_malloc/pico_malloc.c.obj (malloc)
/usr/lib/gcc/arm-none-eabi/6.3.1/../../../arm-none-eabi/lib/thumb/v6-m/libg.a(lib_a-mallocr.o)
                              /usr/lib/gcc/arm-none-eabi/6.3.1/../../../arm-none-eabi/lib/thumb/v6-m/libg.a(lib_a-callocr.o) (_malloc_r)
/usr/lib/gcc/arm-none-eabi/6.3.1/../../../arm-none-eabi/lib/thumb/v6-m/libg.a(lib_a-mlock.o)
                              /usr/lib/gcc/arm-none-eabi/6.3.1/../../../arm-none-eabi/lib/thumb/v6-m/libg.a(lib_a-mallocr.o) (__malloc_lock)
/usr/lib/gcc/arm-none-eabi/6.3.1/../../../arm-none-eabi/lib/thumb/v6-m/libg.a(lib_a-sbrkr.o)
                              /usr/lib/gcc/arm-none-eabi/6.3.1/../../../arm-none-eabi/lib/thumb/v6-m/libg.a(lib_a-mallocr.o) (_sbrk_r)
/usr/lib/gcc/arm-none-eabi/6.3.1/../../../arm-none-eabi/lib/thumb/v6-m/libg.a(lib_a-strlen-stub.o)
                              CMakeFiles/pico_allegroMR.dir/home/avinash/rpi_pico/pico/pico-sdk/src/rp2_common/pico_stdio/stdio.c.obj (strlen)
/usr/lib/gcc/arm-none-eabi/6.3.1/../../../arm-none-eabi/lib/thumb/v6-m/libg.a(lib_a-wbuf.o)
                              CMakeFiles/pico_allegroMR.dir/home/avinash/rpi_pico/pico/pico-sdk/src/common/pico_util/pheap.c.obj (__swbuf_r)
/usr/lib/gcc/arm-none-eabi/6.3.1/../../../arm-none-eabi/lib/thumb/v6-m/libg.a(lib_a-wsetup.o)
                              /usr/lib/gcc/arm-none-eabi/6.3.1/../../../arm-none-eabi/lib/thumb/v6-m/libg.a(lib_a-wbuf.o) (__swsetup_r)
/usr/lib/gcc/arm-none-eabi/6.3.1/../../../arm-none-eabi/lib/thumb/v6-m/libg.a(lib_a-__atexit.o)
                              /usr/lib/gcc/arm-none-eabi/6.3.1/../../../arm-none-eabi/lib/thumb/v6-m/libg.a(lib_a-atexit.o) (__register_exitproc)
/usr/lib/gcc/arm-none-eabi/6.3.1/../../../arm-none-eabi/lib/thumb/v6-m/libg.a(lib_a-fflush.o)
                              /usr/lib/gcc/arm-none-eabi/6.3.1/../../../arm-none-eabi/lib/thumb/v6-m/libg.a(lib_a-wbuf.o) (_fflush_r)
/usr/lib/gcc/arm-none-eabi/6.3.1/../../../arm-none-eabi/lib/thumb/v6-m/libg.a(lib_a-findfp.o)
                              /usr/lib/gcc/arm-none-eabi/6.3.1/../../../arm-none-eabi/lib/thumb/v6-m/libg.a(lib_a-wbuf.o) (__sinit)
/usr/lib/gcc/arm-none-eabi/6.3.1/../../../arm-none-eabi/lib/thumb/v6-m/libg.a(lib_a-freer.o)
                              /usr/lib/gcc/arm-none-eabi/6.3.1/../../../arm-none-eabi/lib/thumb/v6-m/libg.a(lib_a-malloc.o) (_free_r)
/usr/lib/gcc/arm-none-eabi/6.3.1/../../../arm-none-eabi/lib/thumb/v6-m/libg.a(lib_a-fwalk.o)
                              /usr/lib/gcc/arm-none-eabi/6.3.1/../../../arm-none-eabi/lib/thumb/v6-m/libg.a(lib_a-findfp.o) (_fwalk)
/usr/lib/gcc/arm-none-eabi/6.3.1/../../../arm-none-eabi/lib/thumb/v6-m/libg.a(lib_a-makebuf.o)
                              /usr/lib/gcc/arm-none-eabi/6.3.1/../../../arm-none-eabi/lib/thumb/v6-m/libg.a(lib_a-wsetup.o) (__smakebuf_r)
/usr/lib/gcc/arm-none-eabi/6.3.1/../../../arm-none-eabi/lib/thumb/v6-m/libg.a(lib_a-reent.o)
[...]
Memory Configuration

Name             Origin             Length             Attributes
FLASH            0x0000000010000000 0x0000000000200000 xr
RAM              0x0000000020000000 0x0000000000040000 xrw
SCRATCH_X        0x0000000020040000 0x0000000000001000 xrw
SCRATCH_Y        0x0000000020041000 0x0000000000001000 xrw
*default*        0x0000000000000000 0xffffffffffffffff

Linker script and memory map

LOAD /usr/lib/gcc/arm-none-eabi/6.3.1/thumb/v6-m/crti.o
LOAD /usr/lib/gcc/arm-none-eabi/6.3.1/thumb/v6-m/crtbegin.o
LOAD /usr/lib/gcc/arm-none-eabi/6.3.1/../../../arm-none-eabi/lib/thumb/v6-m/crt0.o

.flash_begin    0x0000000010000000        0x0
                0x0000000010000000                __flash_binary_start = .

.boot2          0x0000000010000000      0x100
                0x0000000010000000                __boot2_start__ = .
 *(.boot2)
 .boot2         0x0000000010000000      0x100 /tmp/ccveZ9Aw.o
                0x0000000010000100                __boot2_end__ = .
                0x0000000000000001                ASSERT (((__boot2_end__ - __boot2_start__) == 0x100), ERROR: Pico second stage bootloader must be 256 bytes in size)

.text           0x0000000010000100     0x6f18
                0x0000000010000100                __logical_binary_start = .
 *(.vectors)
 .vectors       0x0000000010000100       0xd4 CMakeFiles/pico_allegroMR.dir/home/avinash/rpi_pico/pico/pico-sdk/src/rp2_common/pico_standard_link/crt0.S.obj
                0x0000000010000100                __vectors
                0x0000000010000100                __VECTOR_TABLE
                0x00000000100001c0                isr_invalid
                0x00000000100001c0                __default_isrs_start
                0x00000000100001c2                isr_nmi
                0x00000000100001c4                isr_hardfault
                0x00000000100001c6                isr_svcall
                0x00000000100001c8                isr_pendsv
                0x00000000100001ca                isr_systick
                0x00000000100001cc                isr_irq30
                0x00000000100001cc                __unhandled_user_irq
                0x00000000100001cc                isr_irq13
                0x00000000100001cc                isr_irq27
                0x00000000100001cc                isr_irq31
                0x00000000100001cc                isr_irq5
                0x00000000100001cc                isr_irq11
                0x00000000100001cc                isr_irq23
                0x00000000100001cc                isr_irq18
                0x00000000100001cc                isr_irq28
                0x00000000100001cc                isr_irq19
                0x00000000100001cc                isr_irq0
                0x00000000100001cc                isr_irq6
                0x00000000100001cc                isr_irq22
                0x00000000100001cc                isr_irq17
                0x00000000100001cc                isr_irq14
                0x00000000100001cc                isr_irq2
                0x00000000100001cc                isr_irq10
                0x00000000100001cc                isr_irq8
                0x00000000100001cc                isr_irq24
                0x00000000100001cc                isr_irq1
                0x00000000100001cc                isr_irq7
                0x00000000100001cc                isr_irq21
                0x00000000100001cc                isr_irq20
                0x00000000100001cc                isr_irq15
                0x00000000100001cc                isr_irq25
                0x00000000100001cc                isr_irq4
                0x00000000100001cc                isr_irq16
                0x00000000100001cc                isr_irq29
                0x00000000100001cc                isr_irq26
                0x00000000100001cc                __default_isrs_end
                0x00000000100001cc                isr_irq3
                0x00000000100001cc                isr_irq12
                0x00000000100001cc                isr_irq9
                0x00000000100001d2                unhandled_user_irq_num_in_r0
 *(.binary_info_header)
 .binary_info_header
                0x00000000100001d4       0x14 CMakeFiles/pico_allegroMR.dir/home/avinash/rpi_pico/pico/pico-sdk/src/rp2_common/pico_standard_link/crt0.S.obj
                0x00000000100001e8                __binary_info_header_end = .
 *(.reset)
 .reset         0x00000000100001e8       0xa8 CMakeFiles/pico_allegroMR.dir/home/avinash/rpi_pico/pico/pico-sdk/src/rp2_common/pico_standard_link/crt0.S.obj
                0x00000000100001e8                _entry_point
                0x0000000010000266                __get_current_exception
 .reset         0x0000000010000290       0x30 CMakeFiles/pico_allegroMR.dir/home/avinash/rpi_pico/pico/pico-sdk/src/rp2_common/pico_standard_link/binary_info.c.obj
 *(.init)
 .init          0x00000000100002c0        0x4 /usr/lib/gcc/arm-none-eabi/6.3.1/thumb/v6-m/crti.o
                0x00000000100002c0                _init
 *(EXCLUDE_FILE(*libm.a: *libc.a:*lib_a-mem*.o *libgcc.a:) .text*)
 .text          0x00000000100002c4       0xb4 /usr/lib/gcc/arm-none-eabi/6.3.1/thumb/v6-m/crtbegin.o
 .text._Z9linearizemmmm
                0x0000000010000378       0x50 CMakeFiles/pico_allegroMR.dir/src/linearizeMR.cpp.obj
                0x0000000010000378                linearize(unsigned long, unsigned long, unsigned long, unsigned long)
 .text.main     0x00000000100003c8       0x90 CMakeFiles/pico_allegroMR.dir/src/linearizeMR.cpp.obj
                0x00000000100003c8                main
 .text.gpio_set_function
                0x0000000010000458       0x30 CMakeFiles/pico_allegroMR.dir/home/avinash/rpi_pico/pico/pico-sdk/src/rp2_common/hardware_gpio/gpio.c.obj
                0x0000000010000458                gpio_set_function
 .text.gpio_set_pulls
                0x0000000010000488       0x34 CMakeFiles/pico_allegroMR.dir/home/avinash/rpi_pico/pico/pico-sdk/src/rp2_common/hardware_gpio/gpio.c.obj
                0x0000000010000488                gpio_set_pulls
 .text.gpio_set_input_enabled
                0x00000000100004bc       0x30 CMakeFiles/pico_allegroMR.dir/home/avinash/rpi_pico/pico/pico-sdk/src/rp2_common/hardware_gpio/gpio.c.obj
                0x00000000100004bc                gpio_set_input_enabled
 .text.gpio_init
                0x00000000100004ec       0x16 CMakeFiles/pico_allegroMR.dir/home/avinash/rpi_pico/pico/pico-sdk/src/rp2_common/hardware_gpio/gpio.c.obj
                0x00000000100004ec                gpio_init
 *fill*         0x0000000010000502        0x2 
 .text.hw_claim_lock
                0x0000000010000504       0x18 CMakeFiles/pico_allegroMR.dir/home/avinash/rpi_pico/pico/pico-sdk/src/rp2_common/hardware_claim/claim.c.obj
                0x0000000010000504                hw_claim_lock
 .text.hw_claim_unlock
                0x000000001000051c       0x14 CMakeFiles/pico_allegroMR.dir/home/avinash/rpi_pico/pico/pico-sdk/src/rp2_common/hardware_claim/claim.c.obj
                0x000000001000051c                hw_claim_unlock
 .text.hw_claim_or_assert
                0x0000000010000530       0x32 CMakeFiles/pico_allegroMR.dir/home/avinash/rpi_pico/pico/pico-sdk/src/rp2_common/hardware_claim/claim.c.obj
                0x0000000010000530                hw_claim_or_assert
 .text.hw_claim_unused_from_range
                0x0000000010000562       0x50 CMakeFiles/pico_allegroMR.dir/home/avinash/rpi_pico/pico/pico-sdk/src/rp2_common/hardware_claim/claim.c.obj
                0x0000000010000562                hw_claim_unused_from_range
 *fill*         0x00000000100005b2        0x2 
 .text.running_on_fpga
                0x00000000100005b4       0x14 CMakeFiles/pico_allegroMR.dir/home/avinash/rpi_pico/pico/pico-sdk/src/rp2_common/pico_platform/platform.c.obj
                0x00000000100005b4                running_on_fpga
 .text.spin_locks_reset
                0x00000000100005c8       0x20 CMakeFiles/pico_allegroMR.dir/home/avinash/rpi_pico/pico/pico-sdk/src/rp2_common/hardware_sync/sync.c.obj
                0x00000000100005c8                spin_locks_reset
 .text.next_striped_spin_lock_num
                0x00000000100005e8       0x1c CMakeFiles/pico_allegroMR.dir/home/avinash/rpi_pico/pico/pico-sdk/src/rp2_common/hardware_sync/sync.c.obj
                0x00000000100005e8                next_striped_spin_lock_num
 .text.spin_lock_claim_unused
                0x0000000010000604       0x20 CMakeFiles/pico_allegroMR.dir/home/avinash/rpi_pico/pico/pico-sdk/src/rp2_common/hardware_sync/sync.c.obj
                0x0000000010000604                spin_lock_claim_unused
 .text.alarm_pool_post_alloc_init
                0x0000000010000624       0x40 CMakeFiles/pico_allegroMR.dir/home/avinash/rpi_pico/pico/pico-sdk/src/common/pico_time/time.c.obj
 .text.sleep_until_callback
                0x0000000010000664       0x30 CMakeFiles/pico_allegroMR.dir/home/avinash/rpi_pico/pico/pico-sdk/src/common/pico_time/time.c.obj
 .text.timer_pool_entry_comparator
                0x0000000010000694       0x7c CMakeFiles/pico_allegroMR.dir/home/avinash/rpi_pico/pico/pico-sdk/src/common/pico_time/time.c.obj
                0x0000000010000694                timer_pool_entry_comparator
 .text.ph_add_child_node
                0x0000000010000710       0xa4 CMakeFiles/pico_allegroMR.dir/home/avinash/rpi_pico/pico/pico-sdk/src/common/pico_time/time.c.obj
 .text.ph_merge_nodes
                0x00000000100007b4       0x3e CMakeFiles/pico_allegroMR.dir/home/avinash/rpi_pico/pico/pico-sdk/src/common/pico_time/time.c.obj
 *fill*         0x00000000100007f2        0x2 
 .text.add_alarm_under_lock
                0x00000000100007f4      0x17c CMakeFiles/pico_allegroMR.dir/home/avinash/rpi_pico/pico/pico-sdk/src/common/pico_time/time.c.obj
 .text.alarm_pool_alarm_callback
                0x0000000010000970      0x330 CMakeFiles/pico_allegroMR.dir/home/avinash/rpi_pico/pico/pico-sdk/src/common/pico_time/time.c.obj
 .text.alarm_pool_init_default
                0x0000000010000ca0       0x38 CMakeFiles/pico_allegroMR.dir/home/avinash/rpi_pico/pico/pico-sdk/src/common/pico_time/time.c.obj
                0x0000000010000ca0                alarm_pool_init_default
 .text.alarm_pool_get_default
                0x0000000010000cd8       0x2c CMakeFiles/pico_allegroMR.dir/home/avinash/rpi_pico/pico/pico-sdk/src/common/pico_time/time.c.obj
                0x0000000010000cd8                alarm_pool_get_default
 .text.alarm_pool_add_alarm_at
                0x0000000010000d04      0x164 CMakeFiles/pico_allegroMR.dir/home/avinash/rpi_pico/pico/pico-sdk/src/common/pico_time/time.c.obj
                0x0000000010000d04                alarm_pool_add_alarm_at
 .text.alarm_pool_cancel_alarm
                0x0000000010000e68       0xec CMakeFiles/pico_allegroMR.dir/home/avinash/rpi_pico/pico/pico-sdk/src/common/pico_time/time.c.obj
                0x0000000010000e68                alarm_pool_cancel_alarm
 .text.best_effort_wfe_or_timeout
                0x0000000010000f54       0x80 CMakeFiles/pico_allegroMR.dir/home/avinash/rpi_pico/pico/pico-sdk/src/common/pico_time/time.c.obj
                0x0000000010000f54                best_effort_wfe_or_timeout
 .text.hardware_alarm_irq_handler
                0x0000000010000fd4       0x8c CMakeFiles/pico_allegroMR.dir/home/avinash/rpi_pico/pico/pico-sdk/src/rp2_common/hardware_timer/timer.c.obj
 .text.hardware_alarm_claim
                0x0000000010001060       0x18 CMakeFiles/pico_allegroMR.dir/home/avinash/rpi_pico/pico/pico-sdk/src/rp2_common/hardware_timer/timer.c.obj
                0x0000000010001060                hardware_alarm_claim
 .text.time_us_64
                0x0000000010001078       0x18 CMakeFiles/pico_allegroMR.dir/home/avinash/rpi_pico/pico/pico-sdk/src/rp2_common/hardware_timer/timer.c.obj
                0x0000000010001078                time_us_64
 .text.hardware_alarm_set_callback
                0x0000000010001090       0x90 CMakeFiles/pico_allegroMR.dir/home/avinash/rpi_pico/pico/pico-sdk/src/rp2_common/hardware_timer/timer.c.obj
                0x0000000010001090                hardware_alarm_set_callback
 .text.hardware_alarm_set_target
                0x0000000010001120       0xe8 CMakeFiles/pico_allegroMR.dir/home/avinash/rpi_pico/pico/pico-sdk/src/rp2_common/hardware_timer/timer.c.obj
                0x0000000010001120                hardware_alarm_set_target
 .text.hardware_alarm_cancel
                0x0000000010001208       0x40 CMakeFiles/pico_allegroMR.dir/home/avinash/rpi_pico/pico/pico-sdk/src/rp2_common/hardware_timer/timer.c.obj
                0x0000000010001208                hardware_alarm_cancel
 .text.lock_init
                0x0000000010001248       0x10 CMakeFiles/pico_allegroMR.dir/home/avinash/rpi_pico/pico/pico-sdk/src/common/pico_sync/lock_core.c.obj
                0x0000000010001248                lock_init
 .text.mutex_init
                0x0000000010001258       0x1a CMakeFiles/pico_allegroMR.dir/home/avinash/rpi_pico/pico/pico-sdk/src/common/pico_sync/mutex.c.obj
                0x0000000010001258                mutex_init
 .text.recursive_mutex_init
                0x0000000010001272       0x1e CMakeFiles/pico_allegroMR.dir/home/avinash/rpi_pico/pico/pico-sdk/src/common/pico_sync/mutex.c.obj
                0x0000000010001272                recursive_mutex_init
 .text.critical_section_init_with_lock_num
                0x0000000010001290       0x14 CMakeFiles/pico_allegroMR.dir/home/avinash/rpi_pico/pico/pico-sdk/src/common/pico_sync/critical_section.c.obj
                0x0000000010001290                critical_section_init_with_lock_num
 .text.critical_section_init
                0x00000000100012a4       0x14 CMakeFiles/pico_allegroMR.dir/home/avinash/rpi_pico/pico/pico-sdk/src/common/pico_sync/critical_section.c.obj
                0x00000000100012a4                critical_section_init
 .text.ph_add_child_node
                0x00000000100012b8       0xa4 CMakeFiles/pico_allegroMR.dir/home/avinash/rpi_pico/pico/pico-sdk/src/common/pico_util/pheap.c.obj
 .text.ph_merge_nodes
                0x000000001000135c       0x3e CMakeFiles/pico_allegroMR.dir/home/avinash/rpi_pico/pico/pico-sdk/src/common/pico_util/pheap.c.obj
 *fill*         0x000000001000139a        0x2 
 .text.ph_clear
                0x000000001000139c       0x70 CMakeFiles/pico_allegroMR.dir/home/avinash/rpi_pico/pico/pico-sdk/src/common/pico_util/pheap.c.obj
                0x000000001000139c                ph_clear
 .text.ph_post_alloc_init
                0x000000001000140c        0xe CMakeFiles/pico_allegroMR.dir/home/avinash/rpi_pico/pico/pico-sdk/src/common/pico_util/pheap.c.obj
                0x000000001000140c                ph_post_alloc_init
 *fill*         0x000000001000141a        0x2 
 .text.ph_merge_two_pass
                0x000000001000141c       0x88 CMakeFiles/pico_allegroMR.dir/home/avinash/rpi_pico/pico/pico-sdk/src/common/pico_util/pheap.c.obj
                0x000000001000141c                ph_merge_two_pass
 .text.ph_remove_any_head
                0x00000000100014a4      0x108 CMakeFiles/pico_allegroMR.dir/home/avinash/rpi_pico/pico/pico-sdk/src/common/pico_util/pheap.c.obj
 .text.ph_remove_head
                0x00000000100015ac       0x14 CMakeFiles/pico_allegroMR.dir/home/avinash/rpi_pico/pico/pico-sdk/src/common/pico_util/pheap.c.obj
                0x00000000100015ac                ph_remove_head
 .text.ph_remove_and_free_node
                0x00000000100015c0      0x100 CMakeFiles/pico_allegroMR.dir/home/avinash/rpi_pico/pico/pico-sdk/src/common/pico_util/pheap.c.obj
                0x00000000100015c0                ph_remove_and_free_node
 .text._exit    0x00000000100016c0        0x4 CMakeFiles/pico_allegroMR.dir/home/avinash/rpi_pico/pico/pico-sdk/src/rp2_common/pico_runtime/runtime.c.obj
                0x00000000100016c0                _exit
 .text.exit     0x00000000100016c4        0x6 CMakeFiles/pico_allegroMR.dir/home/avinash/rpi_pico/pico/pico-sdk/src/rp2_common/pico_runtime/runtime.c.obj
                0x00000000100016c4                exit
 *fill*         0x00000000100016ca        0x2 
 .text.__assert_func
                0x00000000100016cc       0x3c CMakeFiles/pico_allegroMR.dir/home/avinash/rpi_pico/pico/pico-sdk/src/rp2_common/pico_runtime/runtime.c.obj
                0x00000000100016cc                __assert_func
 .text.runtime_init
                0x0000000010001708       0xf8 CMakeFiles/pico_allegroMR.dir/home/avinash/rpi_pico/pico/pico-sdk/src/rp2_common/pico_runtime/runtime.c.obj
                0x0000000010001708                runtime_init
 .text.panic    0x0000000010001800       0x30 CMakeFiles/pico_allegroMR.dir/home/avinash/rpi_pico/pico/pico-sdk/src/rp2_common/pico_runtime/runtime.c.obj
                0x0000000010001800                panic
 .text.clock_configure
                0x0000000010001830      0x100 CMakeFiles/pico_allegroMR.dir/home/avinash/rpi_pico/pico/pico-sdk/src/rp2_common/hardware_clocks/clocks.c.obj
                0x0000000010001830                clock_configure
 .text.clocks_init
                0x0000000010001930      0x100 CMakeFiles/pico_allegroMR.dir/home/avinash/rpi_pico/pico/pico-sdk/src/rp2_common/hardware_clocks/clocks.c.obj
                0x0000000010001930                clocks_init
 .text.set_raw_irq_handler_and_unlock
                0x0000000010001a30       0x28 CMakeFiles/pico_allegroMR.dir/home/avinash/rpi_pico/pico/pico-sdk/src/rp2_common/hardware_irq/irq.c.obj
 .text.make_branch
                0x0000000010001a58       0x48 CMakeFiles/pico_allegroMR.dir/home/avinash/rpi_pico/pico/pico-sdk/src/rp2_common/hardware_irq/irq.c.obj
 .text.insert_branch_and_link
                0x0000000010001aa0       0x40 CMakeFiles/pico_allegroMR.dir/home/avinash/rpi_pico/pico/pico-sdk/src/rp2_common/hardware_irq/irq.c.obj
 .text.irq_is_enabled
                0x0000000010001ae0       0x18 CMakeFiles/pico_allegroMR.dir/home/avinash/rpi_pico/pico/pico-sdk/src/rp2_common/hardware_irq/irq.c.obj
                0x0000000010001ae0                irq_is_enabled
 .text.irq_set_mask_enabled
                0x0000000010001af8       0x20 CMakeFiles/pico_allegroMR.dir/home/avinash/rpi_pico/pico/pico-sdk/src/rp2_common/hardware_irq/irq.c.obj
                0x0000000010001af8                irq_set_mask_enabled
 .text.irq_set_enabled
                0x0000000010001b18        0xe CMakeFiles/pico_allegroMR.dir/home/avinash/rpi_pico/pico/pico-sdk/src/rp2_common/hardware_irq/irq.c.obj
                0x0000000010001b18                irq_set_enabled
 *fill*         0x0000000010001b26        0x2 
 .text.irq_set_pending
                0x0000000010001b28       0x10 CMakeFiles/pico_allegroMR.dir/home/avinash/rpi_pico/pico/pico-sdk/src/rp2_common/hardware_irq/irq.c.obj
                0x0000000010001b28                irq_set_pending
 .text.irq_get_vtable_handler
                0x0000000010001b38       0x10 CMakeFiles/pico_allegroMR.dir/home/avinash/rpi_pico/pico/pico-sdk/src/rp2_common/hardware_irq/irq.c.obj
                0x0000000010001b38                irq_get_vtable_handler
 .text.irq_set_exclusive_handler
                0x0000000010001b48       0x54 CMakeFiles/pico_allegroMR.dir/home/avinash/rpi_pico/pico/pico-sdk/src/rp2_common/hardware_irq/irq.c.obj
                0x0000000010001b48                irq_set_exclusive_handler
 .text.irq_remove_handler
                0x0000000010001b9c      0x1a4 CMakeFiles/pico_allegroMR.dir/home/avinash/rpi_pico/pico/pico-sdk/src/rp2_common/hardware_irq/irq.c.obj
                0x0000000010001b9c                irq_remove_handler
 .text.irq_add_tail_to_free_list
                0x0000000010001d40       0xfc CMakeFiles/pico_allegroMR.dir/home/avinash/rpi_pico/pico/pico-sdk/src/rp2_common/hardware_irq/irq.c.obj
                0x0000000010001d40                irq_add_tail_to_free_list
 .text.irq_init_priorities
                0x0000000010001e3c       0x1c CMakeFiles/pico_allegroMR.dir/home/avinash/rpi_pico/pico/pico-sdk/src/rp2_common/hardware_irq/irq.c.obj
                0x0000000010001e3c                irq_init_priorities
 .text.pll_init
                0x0000000010001e58      0x118 CMakeFiles/pico_allegroMR.dir/home/avinash/rpi_pico/pico/pico-sdk/src/rp2_common/hardware_pll/pll.c.obj
                0x0000000010001e58                pll_init
 .text.watchdog_start_tick
                0x0000000010001f70       0x10 CMakeFiles/pico_allegroMR.dir/home/avinash/rpi_pico/pico/pico-sdk/src/rp2_common/hardware_watchdog/watchdog.c.obj
                0x0000000010001f70                watchdog_start_tick
 .text.watchdog_update
                0x0000000010001f80       0x14 CMakeFiles/pico_allegroMR.dir/home/avinash/rpi_pico/pico/pico-sdk/src/rp2_common/hardware_watchdog/watchdog.c.obj
                0x0000000010001f80                watchdog_update
 .text._watchdog_enable
                0x0000000010001f94       0x70 CMakeFiles/pico_allegroMR.dir/home/avinash/rpi_pico/pico/pico-sdk/src/rp2_common/hardware_watchdog/watchdog.c.obj
                0x0000000010001f94                _watchdog_enable
 .text.watchdog_reboot
                0x0000000010002004       0x44 CMakeFiles/pico_allegroMR.dir/home/avinash/rpi_pico/pico/pico-sdk/src/rp2_common/hardware_watchdog/watchdog.c.obj
                0x0000000010002004                watchdog_reboot
 .text.xosc_init
                0x0000000010002048       0x28 CMakeFiles/pico_allegroMR.dir/home/avinash/rpi_pico/pico/pico-sdk/src/rp2_common/hardware_xosc/xosc.c.obj
                0x0000000010002048                xosc_init
 .text._out_null
                0x0000000010002070        0x2 CMakeFiles/pico_allegroMR.dir/home/avinash/rpi_pico/pico/pico-sdk/src/rp2_common/pico_printf/printf.c.obj
 .text._out_fct
                0x0000000010002072       0x10 CMakeFiles/pico_allegroMR.dir/home/avinash/rpi_pico/pico/pico-sdk/src/rp2_common/pico_printf/printf.c.obj
 .text._atoi    0x0000000010002082       0x28 CMakeFiles/pico_allegroMR.dir/home/avinash/rpi_pico/pico/pico-sdk/src/rp2_common/pico_printf/printf.c.obj
 .text._out_rev
                0x00000000100020aa       0xa2 CMakeFiles/pico_allegroMR.dir/home/avinash/rpi_pico/pico/pico-sdk/src/rp2_common/pico_printf/printf.c.obj
 .text._ntoa_format
                0x000000001000214c      0x10e CMakeFiles/pico_allegroMR.dir/home/avinash/rpi_pico/pico/pico-sdk/src/rp2_common/pico_printf/printf.c.obj
 .text._ntoa_long
                0x000000001000225a       0x9e CMakeFiles/pico_allegroMR.dir/home/avinash/rpi_pico/pico/pico-sdk/src/rp2_common/pico_printf/printf.c.obj
 .text._ntoa_long_long
                0x00000000100022f8       0xde CMakeFiles/pico_allegroMR.dir/home/avinash/rpi_pico/pico/pico-sdk/src/rp2_common/pico_printf/printf.c.obj
 *fill*         0x00000000100023d6        0x2 
 .text._etoa    0x00000000100023d8      0x410 CMakeFiles/pico_allegroMR.dir/home/avinash/rpi_pico/pico/pico-sdk/src/rp2_common/pico_printf/printf.c.obj
 .text._ftoa    0x00000000100027e8      0x33c CMakeFiles/pico_allegroMR.dir/home/avinash/rpi_pico/pico/pico-sdk/src/rp2_common/pico_printf/printf.c.obj
 .text._vsnprintf
                0x0000000010002b24      0x61c CMakeFiles/pico_allegroMR.dir/home/avinash/rpi_pico/pico/pico-sdk/src/rp2_common/pico_printf/printf.c.obj
 .text.vfctprintf
                0x0000000010003140       0x20 CMakeFiles/pico_allegroMR.dir/home/avinash/rpi_pico/pico/pico-sdk/src/rp2_common/pico_printf/printf.c.obj
                0x0000000010003140                vfctprintf
 .text          0x0000000010003160       0x10 CMakeFiles/pico_allegroMR.dir/home/avinash/rpi_pico/pico/pico-sdk/src/rp2_common/pico_bit_ops/bit_ops_aeabi.S.obj
 .text.rom_func_lookup
                0x0000000010003170       0x10 CMakeFiles/pico_allegroMR.dir/home/avinash/rpi_pico/pico/pico-sdk/src/rp2_common/pico_bootrom/bootrom.c.obj
                0x0000000010003170                rom_func_lookup
 .text.rom_data_lookup
                0x0000000010003180       0x10 CMakeFiles/pico_allegroMR.dir/home/avinash/rpi_pico/pico/pico-sdk/src/rp2_common/pico_bootrom/bootrom.c.obj
                0x0000000010003180                rom_data_lookup
 .text.rom_funcs_lookup
                0x0000000010003190       0x36 CMakeFiles/pico_allegroMR.dir/home/avinash/rpi_pico/pico/pico-sdk/src/rp2_common/pico_bootrom/bootrom.c.obj
                0x0000000010003190                rom_funcs_lookup
 *fill*         0x00000000100031c6        0x2 
 .text.__wrap___aeabi_idiv
                0x00000000100031c8       0x50 CMakeFiles/pico_allegroMR.dir/home/avinash/rpi_pico/pico/pico-sdk/src/rp2_common/pico_divider/divider.S.obj
                0x00000000100031c8                __wrap___aeabi_idivmod
                0x00000000100031c8                divmod_s32s32
                0x00000000100031c8                div_s32s32
                0x00000000100031c8                __wrap___aeabi_idiv
                0x00000000100031d0                divmod_s32s32_unsafe
                0x00000000100031fc                divmod_s32s32_savestate
 .text.__wrap___aeabi_uidiv
                0x0000000010003218       0x4c CMakeFiles/pico_allegroMR.dir/home/avinash/rpi_pico/pico/pico-sdk/src/rp2_common/pico_divider/divider.S.obj
                0x0000000010003218                __wrap___aeabi_uidiv
                0x0000000010003218                __wrap___aeabi_uidivmod
                0x0000000010003218                div_u32u32
                0x0000000010003218                divmod_u32u32
                0x0000000010003220                divmod_u32u32_unsafe
                0x0000000010003248                divmod_u32u32_savestate
 .text.__wrap___aeabi_ldiv
                0x0000000010003264      0x434 CMakeFiles/pico_allegroMR.dir/home/avinash/rpi_pico/pico/pico-sdk/src/rp2_common/pico_divider/divider.S.obj
                0x0000000010003264                div_s64s64
                0x0000000010003264                divmod_s64s64
                0x0000000010003264                __wrap___aeabi_ldivmod
                0x000000001000329c                div_u64u64
                0x000000001000329c                divmod_u64u64
                0x000000001000329c                __wrap___aeabi_uldivmod
                0x00000000100032ac                divmod_u64u64_savestate
                0x00000000100032d4                divmod_s64s64_unsafe
                0x000000001000335c                divmod_u64u64_unsafe
 .text.__wrap___aeabi_darithmetic
                0x0000000010003698       0x80 CMakeFiles/pico_allegroMR.dir/home/avinash/rpi_pico/pico/pico-sdk/src/rp2_common/pico_double/double_aeabi.S.obj
                0x0000000010003698                __wrap___aeabi_drsub
                0x000000001000369e                __wrap___aeabi_dsub
                0x00000000100036b0                __wrap___aeabi_dadd
                0x00000000100036c2                __wrap___aeabi_ddiv
                0x00000000100036fe                __wrap___aeabi_dmul
 .text.__wrap___aeabi_cdcmple
                0x0000000010003718       0x6c CMakeFiles/pico_allegroMR.dir/home/avinash/rpi_pico/pico/pico-sdk/src/rp2_common/pico_double/double_aeabi.S.obj
                0x0000000010003718                __wrap___aeabi_cdrcmple
                0x0000000010003728                __wrap___aeabi_cdcmple
                0x0000000010003728                __wrap___aeabi_cdcmpeq
 .text.__wrap___aeabi_dcmplt
                0x0000000010003784        0xc CMakeFiles/pico_allegroMR.dir/home/avinash/rpi_pico/pico/pico-sdk/src/rp2_common/pico_double/double_aeabi.S.obj
                0x0000000010003784                __wrap___aeabi_dcmplt
 .text.__wrap___aeabi_dcmple
                0x0000000010003790       0x10 CMakeFiles/pico_allegroMR.dir/home/avinash/rpi_pico/pico/pico-sdk/src/rp2_common/pico_double/double_aeabi.S.obj
                0x0000000010003790                __wrap___aeabi_dcmple
 .text.__wrap___aeabi_dcmpge
                0x00000000100037a0       0x10 CMakeFiles/pico_allegroMR.dir/home/avinash/rpi_pico/pico/pico-sdk/src/rp2_common/pico_double/double_aeabi.S.obj
                0x00000000100037a0                __wrap___aeabi_dcmpge
 .text.__wrap___aeabi_dcmpgt
                0x00000000100037b0        0xa CMakeFiles/pico_allegroMR.dir/home/avinash/rpi_pico/pico/pico-sdk/src/rp2_common/pico_double/double_aeabi.S.obj
                0x00000000100037b0                __wrap___aeabi_dcmpgt
 .text.__wrap___aeabi_dcmpun
                0x00000000100037ba       0x1c CMakeFiles/pico_allegroMR.dir/home/avinash/rpi_pico/pico/pico-sdk/src/rp2_common/pico_double/double_aeabi.S.obj
                0x00000000100037ba                __wrap___aeabi_dcmpun
 *fill*         0x00000000100037d6        0x2 
 .text.__wrap___aeabi_i2d
                0x00000000100037d8       0x38 CMakeFiles/pico_allegroMR.dir/home/avinash/rpi_pico/pico/pico-sdk/src/rp2_common/pico_double/double_aeabi.S.obj
                0x00000000100037d8                __wrap___aeabi_ui2d
                0x00000000100037e0                __wrap___aeabi_i2d
 .text.__wrap___aeabi_d2iz
                0x0000000010003810       0x48 CMakeFiles/pico_allegroMR.dir/home/avinash/rpi_pico/pico/pico-sdk/src/rp2_common/pico_double/double_aeabi.S.obj
                0x0000000010003810                __wrap___aeabi_d2iz
                0x0000000010003810                double2int_z
 .text.__wrap___aeabi_d2uiz
                0x0000000010003858       0x18 CMakeFiles/pico_allegroMR.dir/home/avinash/rpi_pico/pico/pico-sdk/src/rp2_common/pico_double/double_aeabi.S.obj
                0x0000000010003858                double2uint
                0x0000000010003858                __wrap___aeabi_d2uiz
 .text.__aeabi_double_init
                0x0000000010003870       0xc8 CMakeFiles/pico_allegroMR.dir/home/avinash/rpi_pico/pico/pico-sdk/src/rp2_common/pico_double/double_init_rom.c.obj
                0x0000000010003870                __aeabi_double_init
 .text.double_table_shim_on_use_helper
                0x0000000010003938       0x34 CMakeFiles/pico_allegroMR.dir/home/avinash/rpi_pico/pico/pico-sdk/src/rp2_common/pico_double/double_v1_rom_shim.S.obj
                0x0000000010003938                double_table_shim_on_use_helper
 .text.__wrap___aeabi_dsub
                0x000000001000396c       0x10 CMakeFiles/pico_allegroMR.dir/home/avinash/rpi_pico/pico/pico-sdk/src/rp2_common/pico_double/double_v1_rom_shim.S.obj
                0x000000001000396c                drsub_shim
                0x0000000010003972                dsub_shim
 .text.dadd_shim
                0x000000001000397c      0x15c CMakeFiles/pico_allegroMR.dir/home/avinash/rpi_pico/pico/pico-sdk/src/rp2_common/pico_double/double_v1_rom_shim.S.obj
                0x000000001000397c                dadd_shim
 .text.dmul_shim
                0x0000000010003ad8      0x15c CMakeFiles/pico_allegroMR.dir/home/avinash/rpi_pico/pico/pico-sdk/src/rp2_common/pico_double/double_v1_rom_shim.S.obj
                0x0000000010003ad8                dmul_shim
 .text.ddiv_shim
                0x0000000010003c34      0x1b0 CMakeFiles/pico_allegroMR.dir/home/avinash/rpi_pico/pico/pico-sdk/src/rp2_common/pico_double/double_v1_rom_shim.S.obj
                0x0000000010003c34                ddiv_shim
 .text.double2uint_shim
                0x0000000010003de4        0xe CMakeFiles/pico_allegroMR.dir/home/avinash/rpi_pico/pico/pico-sdk/src/rp2_common/pico_double/double_v1_rom_shim.S.obj
                0x0000000010003de4                double2uint_shim
                0x0000000010003de6                double2ufix_shim
 *fill*         0x0000000010003df2        0x2 
 .text.double2uint64_shim
                0x0000000010003df4       0x70 CMakeFiles/pico_allegroMR.dir/home/avinash/rpi_pico/pico/pico-sdk/src/rp2_common/pico_double/double_v1_rom_shim.S.obj
                0x0000000010003df4                double2uint64_shim
                0x0000000010003df6                double2ufix64_shim
                0x0000000010003e16                d2fix_a
 .text.dunpacks
                0x0000000010003e64       0x3c CMakeFiles/pico_allegroMR.dir/home/avinash/rpi_pico/pico/pico-sdk/src/rp2_common/pico_double/double_v1_rom_shim.S.obj
                0x0000000010003e64                dunpacks
 .text.__aeabi_lmul
                0x0000000010003ea0       0x32 CMakeFiles/pico_allegroMR.dir/home/avinash/rpi_pico/pico/pico-sdk/src/rp2_common/pico_int64_ops/pico_int64_ops_aeabi.S.obj
                0x0000000010003ea0                __wrap___aeabi_lmul
 .text.__wrap___aeabi_ui2f
                0x0000000010003ed2        0xa CMakeFiles/pico_allegroMR.dir/home/avinash/rpi_pico/pico/pico-sdk/src/rp2_common/pico_float/float_aeabi.S.obj
                0x0000000010003ed2                __wrap___aeabi_ui2f
 .text.__wrap___aeabi_i2f
                0x0000000010003edc       0x44 CMakeFiles/pico_allegroMR.dir/home/avinash/rpi_pico/pico/pico-sdk/src/rp2_common/pico_float/float_aeabi.S.obj
                0x0000000010003edc                __wrap___aeabi_i2f
 .text.__wrap___aeabi_f2d
                0x0000000010003f20       0x14 CMakeFiles/pico_allegroMR.dir/home/avinash/rpi_pico/pico/pico-sdk/src/rp2_common/pico_float/float_aeabi.S.obj
                0x0000000010003f20                __wrap___aeabi_f2d
 .text.__aeabi_float_init
                0x0000000010003f34       0xfc CMakeFiles/pico_allegroMR.dir/home/avinash/rpi_pico/pico/pico-sdk/src/rp2_common/pico_float/float_init_rom.c.obj
                0x0000000010003f34                __aeabi_float_init
 .text.float_table_shim_on_use_helper
                0x0000000010004030       0x34 CMakeFiles/pico_allegroMR.dir/home/avinash/rpi_pico/pico/pico-sdk/src/rp2_common/pico_float/float_v1_rom_shim.S.obj
                0x0000000010004030                float_table_shim_on_use_helper
 .text.float2double_shim
                0x0000000010004064       0x30 CMakeFiles/pico_allegroMR.dir/home/avinash/rpi_pico/pico/pico-sdk/src/rp2_common/pico_float/float_v1_rom_shim.S.obj
                0x0000000010004064                float2double_shim
 .text          0x0000000010004094       0x10 CMakeFiles/pico_allegroMR.dir/home/avinash/rpi_pico/pico/pico-sdk/src/rp2_common/pico_mem_ops/mem_ops_aeabi.S.obj
                0x0000000010004094                __aeabi_mem_init
 .text.memset   0x00000000100040a4        0xc CMakeFiles/pico_allegroMR.dir/home/avinash/rpi_pico/pico/pico-sdk/src/rp2_common/pico_mem_ops/mem_ops_aeabi.S.obj
                0x00000000100040a4                __wrap_memset
 .text.memcpy   0x00000000100040b0        0xc CMakeFiles/pico_allegroMR.dir/home/avinash/rpi_pico/pico/pico-sdk/src/rp2_common/pico_mem_ops/mem_ops_aeabi.S.obj
                0x00000000100040b0                __wrap___aeabi_memcpy
                0x00000000100040b0                __wrap_memcpy
 .text.stdio_out_chars_no_crlf
                0x00000000100040bc        0xe CMakeFiles/pico_allegroMR.dir/home/avinash/rpi_pico/pico/pico-sdk/src/rp2_common/pico_stdio/stdio.c.obj
 *fill*         0x00000000100040ca        0x2 
 .text.stdio_out_chars_crlf
                0x00000000100040cc       0x84 CMakeFiles/pico_allegroMR.dir/home/avinash/rpi_pico/pico/pico-sdk/src/rp2_common/pico_stdio/stdio.c.obj
 .text.stdio_stack_buffer_flush
                0x0000000010004150       0x44 CMakeFiles/pico_allegroMR.dir/home/avinash/rpi_pico/pico/pico-sdk/src/rp2_common/pico_stdio/stdio.c.obj
 .text.stdio_buffered_printer
                0x0000000010004194       0x20 CMakeFiles/pico_allegroMR.dir/home/avinash/rpi_pico/pico/pico-sdk/src/rp2_common/pico_stdio/stdio.c.obj
 .text.stdout_serialize_begin
                0x00000000100041b4       0x30 CMakeFiles/pico_allegroMR.dir/home/avinash/rpi_pico/pico/pico-sdk/src/rp2_common/pico_stdio/stdio.c.obj
                0x00000000100041b4                stdout_serialize_begin
 .text.stdout_serialize_end
                0x00000000100041e4       0x10 CMakeFiles/pico_allegroMR.dir/home/avinash/rpi_pico/pico/pico-sdk/src/rp2_common/pico_stdio/stdio.c.obj
                0x00000000100041e4                stdout_serialize_end
 .text.stdio_put_string
                0x00000000100041f4       0x94 CMakeFiles/pico_allegroMR.dir/home/avinash/rpi_pico/pico/pico-sdk/src/rp2_common/pico_stdio/stdio.c.obj
 .text.stdio_set_driver_enabled
                0x0000000010004288       0x2c CMakeFiles/pico_allegroMR.dir/home/avinash/rpi_pico/pico/pico-sdk/src/rp2_common/pico_stdio/stdio.c.obj
                0x0000000010004288                stdio_set_driver_enabled
 .text.stdio_flush
                0x00000000100042b4       0x20 CMakeFiles/pico_allegroMR.dir/home/avinash/rpi_pico/pico/pico-sdk/src/rp2_common/pico_stdio/stdio.c.obj
                0x00000000100042b4                stdio_flush
 .text.__wrap_puts
                0x00000000100042d4       0x1e CMakeFiles/pico_allegroMR.dir/home/avinash/rpi_pico/pico/pico-sdk/src/rp2_common/pico_stdio/stdio.c.obj
                0x00000000100042d4                __wrap_puts
 *fill*         0x00000000100042f2        0x2 
 .text.__wrap_vprintf
                0x00000000100042f4       0x44 CMakeFiles/pico_allegroMR.dir/home/avinash/rpi_pico/pico/pico-sdk/src/rp2_common/pico_stdio/stdio.c.obj
                0x00000000100042f4                __wrap_vprintf
 .text.__wrap_printf
                0x0000000010004338       0x18 CMakeFiles/pico_allegroMR.dir/home/avinash/rpi_pico/pico/pico-sdk/src/rp2_common/pico_stdio/stdio.c.obj
                0x0000000010004338                __wrap_printf
 .text.stdio_init_all
                0x0000000010004350        0x8 CMakeFiles/pico_allegroMR.dir/home/avinash/rpi_pico/pico/pico-sdk/src/rp2_common/pico_stdio/stdio.c.obj
                0x0000000010004350                stdio_init_all
 .text.resetd_init
                0x0000000010004358        0x2 CMakeFiles/pico_allegroMR.dir/home/avinash/rpi_pico/pico/pico-sdk/src/rp2_common/pico_stdio_usb/reset_interface.c.obj
 *fill*         0x000000001000435a        0x2 
 .text.resetd_reset
                0x000000001000435c        0xc CMakeFiles/pico_allegroMR.dir/home/avinash/rpi_pico/pico/pico-sdk/src/rp2_common/pico_stdio_usb/reset_interface.c.obj
 .text.resetd_open
                0x0000000010004368       0x34 CMakeFiles/pico_allegroMR.dir/home/avinash/rpi_pico/pico/pico-sdk/src/rp2_common/pico_stdio_usb/reset_interface.c.obj
 .text.resetd_xfer_cb
                0x000000001000439c        0x4 CMakeFiles/pico_allegroMR.dir/home/avinash/rpi_pico/pico/pico-sdk/src/rp2_common/pico_stdio_usb/reset_interface.c.obj
 .text.resetd_control_xfer_cb
                0x00000000100043a0       0x6c CMakeFiles/pico_allegroMR.dir/home/avinash/rpi_pico/pico/pico-sdk/src/rp2_common/pico_stdio_usb/reset_interface.c.obj
 .text.usbd_app_driver_get_cb
                0x000000001000440c        0xc CMakeFiles/pico_allegroMR.dir/home/avinash/rpi_pico/pico/pico-sdk/src/rp2_common/pico_stdio_usb/reset_interface.c.obj
                0x000000001000440c                usbd_app_driver_get_cb
 .text.tud_cdc_line_coding_cb
                0x0000000010004418       0x34 CMakeFiles/pico_allegroMR.dir/home/avinash/rpi_pico/pico/pico-sdk/src/rp2_common/pico_stdio_usb/reset_interface.c.obj
                0x0000000010004418                tud_cdc_line_coding_cb
 .text.stdio_usb_in_chars
                0x000000001000444c       0x70 CMakeFiles/pico_allegroMR.dir/home/avinash/rpi_pico/pico/pico-sdk/src/rp2_common/pico_stdio_usb/stdio_usb.c.obj
                0x000000001000444c                stdio_usb_in_chars
 .text.low_priority_worker_irq
                0x00000000100044bc       0x20 CMakeFiles/pico_allegroMR.dir/home/avinash/rpi_pico/pico/pico-sdk/src/rp2_common/pico_stdio_usb/stdio_usb.c.obj
 .text.stdio_usb_out_chars
                0x00000000100044dc       0xd4 CMakeFiles/pico_allegroMR.dir/home/avinash/rpi_pico/pico/pico-sdk/src/rp2_common/pico_stdio_usb/stdio_usb.c.obj
 .text.timer_task
                0x00000000100045b0       0x10 CMakeFiles/pico_allegroMR.dir/home/avinash/rpi_pico/pico/pico-sdk/src/rp2_common/pico_stdio_usb/stdio_usb.c.obj
 .text.stdio_usb_init
                0x00000000100045c0       0xb4 CMakeFiles/pico_allegroMR.dir/home/avinash/rpi_pico/pico/pico-sdk/src/rp2_common/pico_stdio_usb/stdio_usb.c.obj
                0x00000000100045c0                stdio_usb_init
 .text.tud_descriptor_device_cb
                0x0000000010004674        0x8 CMakeFiles/pico_allegroMR.dir/home/avinash/rpi_pico/pico/pico-sdk/src/rp2_common/pico_stdio_usb/stdio_usb_descriptors.c.obj
                0x0000000010004674                tud_descriptor_device_cb
 .text.tud_descriptor_configuration_cb
                0x000000001000467c        0x8 CMakeFiles/pico_allegroMR.dir/home/avinash/rpi_pico/pico/pico-sdk/src/rp2_common/pico_stdio_usb/stdio_usb_descriptors.c.obj
                0x000000001000467c                tud_descriptor_configuration_cb
 .text.tud_descriptor_string_cb
                0x0000000010004684       0x68 CMakeFiles/pico_allegroMR.dir/home/avinash/rpi_pico/pico/pico-sdk/src/rp2_common/pico_stdio_usb/stdio_usb_descriptors.c.obj
                0x0000000010004684                tud_descriptor_string_cb
 .text.hw_endpoint_get_by_addr
                0x00000000100046ec       0x18 CMakeFiles/pico_allegroMR.dir/home/avinash/rpi_pico/pico/pico-sdk/lib/tinyusb/src/portable/raspberrypi/rp2040/dcd_rp2040.c.obj
 .text.reset_ep0_pid
                0x0000000010004704       0x28 CMakeFiles/pico_allegroMR.dir/home/avinash/rpi_pico/pico/pico-sdk/lib/tinyusb/src/portable/raspberrypi/rp2040/dcd_rp2040.c.obj
 .text._hw_endpoint_alloc
                0x000000001000472c       0x70 CMakeFiles/pico_allegroMR.dir/home/avinash/rpi_pico/pico/pico-sdk/lib/tinyusb/src/portable/raspberrypi/rp2040/dcd_rp2040.c.obj
 .text.hw_endpoint_init
                0x000000001000479c       0x88 CMakeFiles/pico_allegroMR.dir/home/avinash/rpi_pico/pico/pico-sdk/lib/tinyusb/src/portable/raspberrypi/rp2040/dcd_rp2040.c.obj
 .text.reset_non_control_endpoints
                0x0000000010004824       0x44 CMakeFiles/pico_allegroMR.dir/home/avinash/rpi_pico/pico/pico-sdk/lib/tinyusb/src/portable/raspberrypi/rp2040/dcd_rp2040.c.obj
 .text.hw_handle_buff_status
                0x0000000010004868       0x8c CMakeFiles/pico_allegroMR.dir/home/avinash/rpi_pico/pico/pico-sdk/lib/tinyusb/src/portable/raspberrypi/rp2040/dcd_rp2040.c.obj
 .text.dcd_rp2040_irq
                0x00000000100048f4       0xbc CMakeFiles/pico_allegroMR.dir/home/avinash/rpi_pico/pico/pico-sdk/lib/tinyusb/src/portable/raspberrypi/rp2040/dcd_rp2040.c.obj
 .text.hw_endpoint_xfer
                0x00000000100049b0       0x14 CMakeFiles/pico_allegroMR.dir/home/avinash/rpi_pico/pico/pico-sdk/lib/tinyusb/src/portable/raspberrypi/rp2040/dcd_rp2040.c.obj
 .text.dcd_int_enable
                0x00000000100049c4       0x2c CMakeFiles/pico_allegroMR.dir/home/avinash/rpi_pico/pico/pico-sdk/lib/tinyusb/src/portable/raspberrypi/rp2040/dcd_rp2040.c.obj
                0x00000000100049c4                dcd_int_enable
 .text.dcd_set_address
                0x00000000100049f0       0x2c CMakeFiles/pico_allegroMR.dir/home/avinash/rpi_pico/pico/pico-sdk/lib/tinyusb/src/portable/raspberrypi/rp2040/dcd_rp2040.c.obj
                0x00000000100049f0                dcd_set_address
 .text.dcd_connect
                0x0000000010004a1c       0x10 CMakeFiles/pico_allegroMR.dir/home/avinash/rpi_pico/pico/pico-sdk/lib/tinyusb/src/portable/raspberrypi/rp2040/dcd_rp2040.c.obj
                0x0000000010004a1c                dcd_connect
 .text.dcd_init
                0x0000000010004a2c       0x7c CMakeFiles/pico_allegroMR.dir/home/avinash/rpi_pico/pico/pico-sdk/lib/tinyusb/src/portable/raspberrypi/rp2040/dcd_rp2040.c.obj
                0x0000000010004a2c                dcd_init
 .text.dcd_edpt0_status_complete
                0x0000000010004aa8       0x1c CMakeFiles/pico_allegroMR.dir/home/avinash/rpi_pico/pico/pico-sdk/lib/tinyusb/src/portable/raspberrypi/rp2040/dcd_rp2040.c.obj
                0x0000000010004aa8                dcd_edpt0_status_complete
 .text.dcd_edpt_open
                0x0000000010004ac4       0x40 CMakeFiles/pico_allegroMR.dir/home/avinash/rpi_pico/pico/pico-sdk/lib/tinyusb/src/portable/raspberrypi/rp2040/dcd_rp2040.c.obj
                0x0000000010004ac4                dcd_edpt_open
 .text.dcd_edpt_close_all
                0x0000000010004b04        0x8 CMakeFiles/pico_allegroMR.dir/home/avinash/rpi_pico/pico/pico-sdk/lib/tinyusb/src/portable/raspberrypi/rp2040/dcd_rp2040.c.obj
                0x0000000010004b04                dcd_edpt_close_all
 .text.dcd_edpt_xfer
                0x0000000010004b0c       0x30 CMakeFiles/pico_allegroMR.dir/home/avinash/rpi_pico/pico/pico-sdk/lib/tinyusb/src/portable/raspberrypi/rp2040/dcd_rp2040.c.obj
                0x0000000010004b0c                dcd_edpt_xfer
 .text.dcd_edpt_stall
                0x0000000010004b3c       0x2c CMakeFiles/pico_allegroMR.dir/home/avinash/rpi_pico/pico/pico-sdk/lib/tinyusb/src/portable/raspberrypi/rp2040/dcd_rp2040.c.obj
                0x0000000010004b3c                dcd_edpt_stall
 .text.dcd_edpt_clear_stall
                0x0000000010004b68       0x20 CMakeFiles/pico_allegroMR.dir/home/avinash/rpi_pico/pico/pico-sdk/lib/tinyusb/src/portable/raspberrypi/rp2040/dcd_rp2040.c.obj
                0x0000000010004b68                dcd_edpt_clear_stall
 .text.prepare_ep_buffer
                0x0000000010004b88       0x70 CMakeFiles/pico_allegroMR.dir/home/avinash/rpi_pico/pico/pico-sdk/lib/tinyusb/src/portable/raspberrypi/rp2040/rp2040_usb.c.obj
 .text.sync_ep_buffer
                0x0000000010004bf8       0x7c CMakeFiles/pico_allegroMR.dir/home/avinash/rpi_pico/pico/pico-sdk/lib/tinyusb/src/portable/raspberrypi/rp2040/rp2040_usb.c.obj
 .text._hw_endpoint_xfer_sync
                0x0000000010004c74       0x28 CMakeFiles/pico_allegroMR.dir/home/avinash/rpi_pico/pico/pico-sdk/lib/tinyusb/src/portable/raspberrypi/rp2040/rp2040_usb.c.obj
 .text.rp2040_usb_init
                0x0000000010004c9c       0x4c CMakeFiles/pico_allegroMR.dir/home/avinash/rpi_pico/pico/pico-sdk/lib/tinyusb/src/portable/raspberrypi/rp2040/rp2040_usb.c.obj
                0x0000000010004c9c                rp2040_usb_init
 .text.hw_endpoint_reset_transfer
                0x0000000010004ce8        0xc CMakeFiles/pico_allegroMR.dir/home/avinash/rpi_pico/pico/pico-sdk/lib/tinyusb/src/portable/raspberrypi/rp2040/rp2040_usb.c.obj
                0x0000000010004ce8                hw_endpoint_reset_transfer
 .text._hw_endpoint_buffer_control_update32
                0x0000000010004cf4       0x58 CMakeFiles/pico_allegroMR.dir/home/avinash/rpi_pico/pico/pico-sdk/lib/tinyusb/src/portable/raspberrypi/rp2040/rp2040_usb.c.obj
                0x0000000010004cf4                _hw_endpoint_buffer_control_update32
 .text._hw_endpoint_start_next_buffer
                0x0000000010004d4c       0x74 CMakeFiles/pico_allegroMR.dir/home/avinash/rpi_pico/pico/pico-sdk/lib/tinyusb/src/portable/raspberrypi/rp2040/rp2040_usb.c.obj
 .text.hw_endpoint_xfer_start
                0x0000000010004dc0       0x48 CMakeFiles/pico_allegroMR.dir/home/avinash/rpi_pico/pico/pico-sdk/lib/tinyusb/src/portable/raspberrypi/rp2040/rp2040_usb.c.obj
                0x0000000010004dc0                hw_endpoint_xfer_start
 .text.hw_endpoint_xfer_continue
                0x0000000010004e08       0x38 CMakeFiles/pico_allegroMR.dir/home/avinash/rpi_pico/pico/pico-sdk/lib/tinyusb/src/portable/raspberrypi/rp2040/rp2040_usb.c.obj
                0x0000000010004e08                hw_endpoint_xfer_continue
 .text.configuration_reset
                0x0000000010004e40       0x88 CMakeFiles/pico_allegroMR.dir/home/avinash/rpi_pico/pico/pico-sdk/lib/tinyusb/src/device/usbd.c.obj
 .text.usbd_reset
                0x0000000010004ec8        0xc CMakeFiles/pico_allegroMR.dir/home/avinash/rpi_pico/pico/pico-sdk/lib/tinyusb/src/device/usbd.c.obj
 .text.invoke_class_control
                0x0000000010004ed4       0x1a CMakeFiles/pico_allegroMR.dir/home/avinash/rpi_pico/pico/pico-sdk/lib/tinyusb/src/device/usbd.c.obj
 *fill*         0x0000000010004eee        0x2 
 .text.process_set_config
                0x0000000010004ef0      0x1ac CMakeFiles/pico_allegroMR.dir/home/avinash/rpi_pico/pico/pico-sdk/lib/tinyusb/src/device/usbd.c.obj
 .text.process_get_descriptor
                0x000000001000509c       0xf8 CMakeFiles/pico_allegroMR.dir/home/avinash/rpi_pico/pico/pico-sdk/lib/tinyusb/src/device/usbd.c.obj
 .text.tud_mounted
                0x0000000010005194       0x10 CMakeFiles/pico_allegroMR.dir/home/avinash/rpi_pico/pico/pico-sdk/lib/tinyusb/src/device/usbd.c.obj
                0x0000000010005194                tud_mounted
 .text.tud_suspended
                0x00000000100051a4       0x10 CMakeFiles/pico_allegroMR.dir/home/avinash/rpi_pico/pico/pico-sdk/lib/tinyusb/src/device/usbd.c.obj
                0x00000000100051a4                tud_suspended
 .text.tud_inited
                0x00000000100051b4        0xc CMakeFiles/pico_allegroMR.dir/home/avinash/rpi_pico/pico/pico-sdk/lib/tinyusb/src/device/usbd.c.obj
                0x00000000100051b4                tud_inited
 .text.tud_init
                0x00000000100051c0       0xd0 CMakeFiles/pico_allegroMR.dir/home/avinash/rpi_pico/pico/pico-sdk/lib/tinyusb/src/device/usbd.c.obj
                0x00000000100051c0                tud_init
 .text.dcd_event_handler
                0x0000000010005290      0x1e0 CMakeFiles/pico_allegroMR.dir/home/avinash/rpi_pico/pico/pico-sdk/lib/tinyusb/src/device/usbd.c.obj
                0x0000000010005290                dcd_event_handler
 .text.dcd_event_bus_signal
                0x0000000010005470       0x26 CMakeFiles/pico_allegroMR.dir/home/avinash/rpi_pico/pico/pico-sdk/lib/tinyusb/src/device/usbd.c.obj
                0x0000000010005470                dcd_event_bus_signal
 .text.dcd_event_bus_reset
                0x0000000010005496       0x2a CMakeFiles/pico_allegroMR.dir/home/avinash/rpi_pico/pico/pico-sdk/lib/tinyusb/src/device/usbd.c.obj
                0x0000000010005496                dcd_event_bus_reset
 .text.dcd_event_setup_received
                0x00000000100054c0       0x32 CMakeFiles/pico_allegroMR.dir/home/avinash/rpi_pico/pico/pico-sdk/lib/tinyusb/src/device/usbd.c.obj
                0x00000000100054c0                dcd_event_setup_received
 .text.dcd_event_xfer_complete
                0x00000000100054f2       0x44 CMakeFiles/pico_allegroMR.dir/home/avinash/rpi_pico/pico/pico-sdk/lib/tinyusb/src/device/usbd.c.obj
                0x00000000100054f2                dcd_event_xfer_complete
 *fill*         0x0000000010005536        0x2 
 .text.usbd_edpt_open
                0x0000000010005538       0x5c CMakeFiles/pico_allegroMR.dir/home/avinash/rpi_pico/pico/pico-sdk/lib/tinyusb/src/device/usbd.c.obj
                0x0000000010005538                usbd_edpt_open
 .text.usbd_open_edpt_pair
                0x0000000010005594       0x8c CMakeFiles/pico_allegroMR.dir/home/avinash/rpi_pico/pico/pico-sdk/lib/tinyusb/src/device/usbd.c.obj
                0x0000000010005594                usbd_open_edpt_pair
 .text.usbd_edpt_claim
                0x0000000010005620       0x8c CMakeFiles/pico_allegroMR.dir/home/avinash/rpi_pico/pico/pico-sdk/lib/tinyusb/src/device/usbd.c.obj
                0x0000000010005620                usbd_edpt_claim
 .text.usbd_edpt_release
                0x00000000100056ac       0x68 CMakeFiles/pico_allegroMR.dir/home/avinash/rpi_pico/pico/pico-sdk/lib/tinyusb/src/device/usbd.c.obj
                0x00000000100056ac                usbd_edpt_release
 .text.usbd_edpt_xfer
                0x0000000010005714       0x80 CMakeFiles/pico_allegroMR.dir/home/avinash/rpi_pico/pico/pico-sdk/lib/tinyusb/src/device/usbd.c.obj
                0x0000000010005714                usbd_edpt_xfer
 .text.usbd_edpt_stall
                0x0000000010005794       0x40 CMakeFiles/pico_allegroMR.dir/home/avinash/rpi_pico/pico/pico-sdk/lib/tinyusb/src/device/usbd.c.obj
                0x0000000010005794                usbd_edpt_stall
 .text.usbd_edpt_clear_stall
                0x00000000100057d4       0x40 CMakeFiles/pico_allegroMR.dir/home/avinash/rpi_pico/pico/pico-sdk/lib/tinyusb/src/device/usbd.c.obj
                0x00000000100057d4                usbd_edpt_clear_stall
 .text.usbd_edpt_stalled
                0x0000000010005814       0x1c CMakeFiles/pico_allegroMR.dir/home/avinash/rpi_pico/pico/pico-sdk/lib/tinyusb/src/device/usbd.c.obj
                0x0000000010005814                usbd_edpt_stalled
 .text.process_control_request
                0x0000000010005830      0x3cc CMakeFiles/pico_allegroMR.dir/home/avinash/rpi_pico/pico/pico-sdk/lib/tinyusb/src/device/usbd.c.obj
 .text.tud_task
                0x0000000010005bfc      0x220 CMakeFiles/pico_allegroMR.dir/home/avinash/rpi_pico/pico/pico-sdk/lib/tinyusb/src/device/usbd.c.obj
                0x0000000010005bfc                tud_task
 .text._data_stage_xact
                0x0000000010005e1c       0x58 CMakeFiles/pico_allegroMR.dir/home/avinash/rpi_pico/pico/pico-sdk/lib/tinyusb/src/device/usbd_control.c.obj
 .text.tud_control_status
                0x0000000010005e74       0x38 CMakeFiles/pico_allegroMR.dir/home/avinash/rpi_pico/pico/pico-sdk/lib/tinyusb/src/device/usbd_control.c.obj
                0x0000000010005e74                tud_control_status
 .text.tud_control_xfer
                0x0000000010005eac       0xa4 CMakeFiles/pico_allegroMR.dir/home/avinash/rpi_pico/pico/pico-sdk/lib/tinyusb/src/device/usbd_control.c.obj
                0x0000000010005eac                tud_control_xfer
 .text.usbd_control_reset
                0x0000000010005f50       0x14 CMakeFiles/pico_allegroMR.dir/home/avinash/rpi_pico/pico/pico-sdk/lib/tinyusb/src/device/usbd_control.c.obj
                0x0000000010005f50                usbd_control_reset
 .text.usbd_control_set_complete_callback
                0x0000000010005f64        0xc CMakeFiles/pico_allegroMR.dir/home/avinash/rpi_pico/pico/pico-sdk/lib/tinyusb/src/device/usbd_control.c.obj
                0x0000000010005f64                usbd_control_set_complete_callback
 .text.usbd_control_set_request
                0x0000000010005f70       0x1c CMakeFiles/pico_allegroMR.dir/home/avinash/rpi_pico/pico/pico-sdk/lib/tinyusb/src/device/usbd_control.c.obj
                0x0000000010005f70                usbd_control_set_request
 .text.usbd_control_xfer_cb
                0x0000000010005f8c      0x104 CMakeFiles/pico_allegroMR.dir/home/avinash/rpi_pico/pico/pico-sdk/lib/tinyusb/src/device/usbd_control.c.obj
                0x0000000010005f8c                usbd_control_xfer_cb
 .text._prep_out_transaction
                0x0000000010006090       0x46 CMakeFiles/pico_allegroMR.dir/home/avinash/rpi_pico/pico/pico-sdk/lib/tinyusb/src/class/cdc/cdc_device.c.obj
 *fill*         0x00000000100060d6        0x2 
 .text.tud_cdc_n_connected
                0x00000000100060d8       0x44 CMakeFiles/pico_allegroMR.dir/home/avinash/rpi_pico/pico/pico-sdk/lib/tinyusb/src/class/cdc/cdc_device.c.obj
                0x00000000100060d8                tud_cdc_n_connected
 .text.tud_cdc_n_available
                0x000000001000611c       0x1c CMakeFiles/pico_allegroMR.dir/home/avinash/rpi_pico/pico/pico-sdk/lib/tinyusb/src/class/cdc/cdc_device.c.obj
                0x000000001000611c                tud_cdc_n_available
 .text.tud_cdc_n_read
                0x0000000010006138       0x28 CMakeFiles/pico_allegroMR.dir/home/avinash/rpi_pico/pico/pico-sdk/lib/tinyusb/src/class/cdc/cdc_device.c.obj
                0x0000000010006138                tud_cdc_n_read
 .text.tud_cdc_n_write_flush
                0x0000000010006160       0xcc CMakeFiles/pico_allegroMR.dir/home/avinash/rpi_pico/pico/pico-sdk/lib/tinyusb/src/class/cdc/cdc_device.c.obj
                0x0000000010006160                tud_cdc_n_write_flush
 .text.tud_cdc_n_write
                0x000000001000622c       0x38 CMakeFiles/pico_allegroMR.dir/home/avinash/rpi_pico/pico/pico-sdk/lib/tinyusb/src/class/cdc/cdc_device.c.obj
                0x000000001000622c                tud_cdc_n_write
 .text.tud_cdc_n_write_available
                0x0000000010006264       0x1c CMakeFiles/pico_allegroMR.dir/home/avinash/rpi_pico/pico/pico-sdk/lib/tinyusb/src/class/cdc/cdc_device.c.obj
                0x0000000010006264                tud_cdc_n_write_available
 .text.cdcd_init
                0x0000000010006280       0xc0 CMakeFiles/pico_allegroMR.dir/home/avinash/rpi_pico/pico/pico-sdk/lib/tinyusb/src/class/cdc/cdc_device.c.obj
                0x0000000010006280                cdcd_init
 .text.cdcd_reset
                0x0000000010006340       0x44 CMakeFiles/pico_allegroMR.dir/home/avinash/rpi_pico/pico/pico-sdk/lib/tinyusb/src/class/cdc/cdc_device.c.obj
                0x0000000010006340                cdcd_reset
 .text.cdcd_open
                0x0000000010006384      0x100 CMakeFiles/pico_allegroMR.dir/home/avinash/rpi_pico/pico/pico-sdk/lib/tinyusb/src/class/cdc/cdc_device.c.obj
                0x0000000010006384                cdcd_open
 .text.cdcd_control_xfer_cb
                0x0000000010006484      0x12c CMakeFiles/pico_allegroMR.dir/home/avinash/rpi_pico/pico/pico-sdk/lib/tinyusb/src/class/cdc/cdc_device.c.obj
                0x0000000010006484                cdcd_control_xfer_cb
 .text.cdcd_xfer_cb
                0x00000000100065b0      0x140 CMakeFiles/pico_allegroMR.dir/home/avinash/rpi_pico/pico/pico-sdk/lib/tinyusb/src/class/cdc/cdc_device.c.obj
                0x00000000100065b0                cdcd_xfer_cb
 .text.tusb_init
                0x00000000100066f0       0x24 CMakeFiles/pico_allegroMR.dir/home/avinash/rpi_pico/pico/pico-sdk/lib/tinyusb/src/tusb.c.obj
                0x00000000100066f0                tusb_init
 .text.tusb_inited
                0x0000000010006714        0xe CMakeFiles/pico_allegroMR.dir/home/avinash/rpi_pico/pico/pico-sdk/lib/tinyusb/src/tusb.c.obj
                0x0000000010006714                tusb_inited
 *fill*         0x0000000010006722        0x2 
 .text.tu_edpt_validate
                0x0000000010006724       0xa8 CMakeFiles/pico_allegroMR.dir/home/avinash/rpi_pico/pico/pico-sdk/lib/tinyusb/src/tusb.c.obj
                0x0000000010006724                tu_edpt_validate
 .text.tu_edpt_bind_driver
                0x00000000100067cc       0x2a CMakeFiles/pico_allegroMR.dir/home/avinash/rpi_pico/pico/pico-sdk/lib/tinyusb/src/tusb.c.obj
                0x00000000100067cc                tu_edpt_bind_driver
 .text.advance_pointer
                0x00000000100067f6       0x18 CMakeFiles/pico_allegroMR.dir/home/avinash/rpi_pico/pico/pico-sdk/lib/tinyusb/src/common/tusb_fifo.c.obj
 .text.backward_pointer
                0x000000001000680e       0x18 CMakeFiles/pico_allegroMR.dir/home/avinash/rpi_pico/pico/pico-sdk/lib/tinyusb/src/common/tusb_fifo.c.obj
 .text.get_relative_pointer
                0x0000000010006826       0x10 CMakeFiles/pico_allegroMR.dir/home/avinash/rpi_pico/pico/pico-sdk/lib/tinyusb/src/common/tusb_fifo.c.obj
 .text._tu_fifo_peek
                0x0000000010006836       0x4c CMakeFiles/pico_allegroMR.dir/home/avinash/rpi_pico/pico/pico-sdk/lib/tinyusb/src/common/tusb_fifo.c.obj
 .text._ff_pull_const_addr
                0x0000000010006882       0x46 CMakeFiles/pico_allegroMR.dir/home/avinash/rpi_pico/pico/pico-sdk/lib/tinyusb/src/common/tusb_fifo.c.obj
 .text._ff_pull_n
                0x00000000100068c8       0xfe CMakeFiles/pico_allegroMR.dir/home/avinash/rpi_pico/pico/pico-sdk/lib/tinyusb/src/common/tusb_fifo.c.obj
 .text._tu_fifo_peek_n
                0x00000000100069c6       0x5e CMakeFiles/pico_allegroMR.dir/home/avinash/rpi_pico/pico/pico-sdk/lib/tinyusb/src/common/tusb_fifo.c.obj
 .text._tu_fifo_read_n
                0x0000000010006a24       0x4e CMakeFiles/pico_allegroMR.dir/home/avinash/rpi_pico/pico/pico-sdk/lib/tinyusb/src/common/tusb_fifo.c.obj
 .text._ff_push_const_addr
                0x0000000010006a72       0x3a CMakeFiles/pico_allegroMR.dir/home/avinash/rpi_pico/pico/pico-sdk/lib/tinyusb/src/common/tusb_fifo.c.obj
 .text._ff_push_n
                0x0000000010006aac       0xfa CMakeFiles/pico_allegroMR.dir/home/avinash/rpi_pico/pico/pico-sdk/lib/tinyusb/src/common/tusb_fifo.c.obj
 .text._tu_fifo_write_n
                0x0000000010006ba6       0x9e CMakeFiles/pico_allegroMR.dir/home/avinash/rpi_pico/pico/pico-sdk/lib/tinyusb/src/common/tusb_fifo.c.obj
 .text.tu_fifo_config
                0x0000000010006c44       0x76 CMakeFiles/pico_allegroMR.dir/home/avinash/rpi_pico/pico/pico-sdk/lib/tinyusb/src/common/tusb_fifo.c.obj
                0x0000000010006c44                tu_fifo_config
 .text.tu_fifo_count
                0x0000000010006cba       0x24 CMakeFiles/pico_allegroMR.dir/home/avinash/rpi_pico/pico/pico-sdk/lib/tinyusb/src/common/tusb_fifo.c.obj
                0x0000000010006cba                tu_fifo_count
 .text.tu_fifo_empty
                0x0000000010006cde        0xe CMakeFiles/pico_allegroMR.dir/home/avinash/rpi_pico/pico/pico-sdk/lib/tinyusb/src/common/tusb_fifo.c.obj
                0x0000000010006cde                tu_fifo_empty
 .text.tu_fifo_remaining
                0x0000000010006cec       0x20 CMakeFiles/pico_allegroMR.dir/home/avinash/rpi_pico/pico/pico-sdk/lib/tinyusb/src/common/tusb_fifo.c.obj
                0x0000000010006cec                tu_fifo_remaining
 .text.tu_fifo_read
                0x0000000010006d0c       0x42 CMakeFiles/pico_allegroMR.dir/home/avinash/rpi_pico/pico/pico-sdk/lib/tinyusb/src/common/tusb_fifo.c.obj
                0x0000000010006d0c                tu_fifo_read
 .text.tu_fifo_read_n
                0x0000000010006d4e        0xa CMakeFiles/pico_allegroMR.dir/home/avinash/rpi_pico/pico/pico-sdk/lib/tinyusb/src/common/tusb_fifo.c.obj
                0x0000000010006d4e                tu_fifo_read_n
 .text.tu_fifo_write
                0x0000000010006d58       0x6e CMakeFiles/pico_allegroMR.dir/home/avinash/rpi_pico/pico/pico-sdk/lib/tinyusb/src/common/tusb_fifo.c.obj
                0x0000000010006d58                tu_fifo_write
 .text.tu_fifo_write_n
                0x0000000010006dc6        0xa CMakeFiles/pico_allegroMR.dir/home/avinash/rpi_pico/pico/pico-sdk/lib/tinyusb/src/common/tusb_fifo.c.obj
                0x0000000010006dc6                tu_fifo_write_n
 .text.tu_fifo_clear
                0x0000000010006dd0       0x4e CMakeFiles/pico_allegroMR.dir/home/avinash/rpi_pico/pico/pico-sdk/lib/tinyusb/src/common/tusb_fifo.c.obj
                0x0000000010006dd0                tu_fifo_clear
 .text.tu_fifo_set_overwritable
                0x0000000010006e1e       0x3c CMakeFiles/pico_allegroMR.dir/home/avinash/rpi_pico/pico/pico-sdk/lib/tinyusb/src/common/tusb_fifo.c.obj
                0x0000000010006e1e                tu_fifo_set_overwritable
 *fill*         0x0000000010006e5a        0x2 
 .text._retrieve_unique_id_on_boot
                0x0000000010006e5c       0x10 CMakeFiles/pico_allegroMR.dir/home/avinash/rpi_pico/pico/pico-sdk/src/rp2_common/pico_unique_id/unique_id.c.obj
 .text.pico_get_unique_board_id_string
                0x0000000010006e6c       0x60 CMakeFiles/pico_allegroMR.dir/home/avinash/rpi_pico/pico/pico-sdk/src/rp2_common/pico_unique_id/unique_id.c.obj
                0x0000000010006e6c                pico_get_unique_board_id_string
 .text.flash_get_unique_id
                0x0000000010006ecc       0x40 CMakeFiles/pico_allegroMR.dir/home/avinash/rpi_pico/pico/pico-sdk/src/rp2_common/hardware_flash/flash.c.obj
                0x0000000010006ecc                flash_get_unique_id
 .text.adc_init
                0x0000000010006f0c       0x34 CMakeFiles/pico_allegroMR.dir/home/avinash/rpi_pico/pico/pico-sdk/src/rp2_common/hardware_adc/adc.c.obj
                0x0000000010006f0c                adc_init
 .text          0x0000000010006f40       0x64 /usr/lib/gcc/arm-none-eabi/6.3.1/../../../arm-none-eabi/lib/thumb/v6-m/libg.a(lib_a-strlen-stub.o)
                0x0000000010006f40                strlen
 *(.fini)
 .fini          0x0000000010006fa4        0x4 /usr/lib/gcc/arm-none-eabi/6.3.1/thumb/v6-m/crti.o
                0x0000000010006fa4                _fini
 .fini.__stub   0x0000000010006fa8       0x70 linker stubs
 *crtbegin.o(.ctors)
 *crtbegin?.o(.ctors)
 *(EXCLUDE_FILE(*crtend.o *crtend?.o) .ctors)
 *(SORT(.ctors.*))
 *(.ctors)
 *crtbegin.o(.dtors)
 *crtbegin?.o(.dtors)
 *(EXCLUDE_FILE(*crtend.o *crtend?.o) .dtors)
 *(SORT(.dtors.*))
 *(.dtors)
 *(.eh_frame*)
 .eh_frame      0x0000000010007018        0x0 /usr/lib/gcc/arm-none-eabi/6.3.1/thumb/v6-m/crtbegin.o
                0x0000000010007018                . = ALIGN (0x4)

.glue_7         0x0000000010007018        0x0
 .glue_7        0x0000000010007018        0x0 linker stubs

.glue_7t        0x0000000010007018        0x0
 .glue_7t       0x0000000010007018        0x0 linker stubs

.vfp11_veneer   0x0000000010007018        0x0
 .vfp11_veneer  0x0000000010007018        0x0 linker stubs

.v4_bx          0x0000000010007018        0x0
 .v4_bx         0x0000000010007018        0x0 linker stubs

.iplt           0x0000000010007018        0x0
 .iplt          0x0000000010007018        0x0 /usr/lib/gcc/arm-none-eabi/6.3.1/thumb/v6-m/crtbegin.o

.rodata         0x0000000010007018     0x161c
 *(EXCLUDE_FILE(*libm.a: *libc.a:*lib_a-mem*.o *libgcc.a:) .rodata*)
 .rodata.main.str1.4
                0x0000000010007018        0x7 CMakeFiles/pico_allegroMR.dir/src/linearizeMR.cpp.obj
 *fill*         0x000000001000701f        0x1 
 .rodata.spin_lock_claim_unused.str1.4
                0x0000000010007020       0x1b CMakeFiles/pico_allegroMR.dir/home/avinash/rpi_pico/pico/pico-sdk/src/rp2_common/hardware_sync/sync.c.obj
 *fill*         0x000000001000703b        0x1 
 .rodata.__func__.5576
                0x000000001000703c       0x15 CMakeFiles/pico_allegroMR.dir/home/avinash/rpi_pico/pico/pico-sdk/src/common/pico_time/time.c.obj
 *fill*         0x0000000010007051        0x3 
 .rodata.__func__.5888
                0x0000000010007054        0xc CMakeFiles/pico_allegroMR.dir/home/avinash/rpi_pico/pico/pico-sdk/src/common/pico_time/time.c.obj
 .rodata.__func__.5895
                0x0000000010007060       0x12 CMakeFiles/pico_allegroMR.dir/home/avinash/rpi_pico/pico/pico-sdk/src/common/pico_time/time.c.obj
 *fill*         0x0000000010007072        0x2 
 .rodata.__func__.5911
                0x0000000010007074        0xf CMakeFiles/pico_allegroMR.dir/home/avinash/rpi_pico/pico/pico-sdk/src/common/pico_time/time.c.obj
 *fill*         0x0000000010007083        0x1 
 .rodata.__func__.5933
                0x0000000010007084        0xd CMakeFiles/pico_allegroMR.dir/home/avinash/rpi_pico/pico/pico-sdk/src/common/pico_time/time.c.obj
 *fill*         0x0000000010007091        0x3 
 .rodata.__func__.6157
                0x0000000010007094        0xa CMakeFiles/pico_allegroMR.dir/home/avinash/rpi_pico/pico/pico-sdk/src/common/pico_time/time.c.obj
 *fill*         0x000000001000709e        0x2 
 .rodata.__func__.6162
                0x00000000100070a0       0x12 CMakeFiles/pico_allegroMR.dir/home/avinash/rpi_pico/pico/pico-sdk/src/common/pico_time/time.c.obj
 *fill*         0x00000000100070b2        0x2 
 .rodata.__func__.6177
                0x00000000100070b4       0x17 CMakeFiles/pico_allegroMR.dir/home/avinash/rpi_pico/pico/pico-sdk/src/common/pico_time/time.c.obj
 *fill*         0x00000000100070cb        0x1 
 .rodata.__func__.6188
                0x00000000100070cc       0x15 CMakeFiles/pico_allegroMR.dir/home/avinash/rpi_pico/pico/pico-sdk/src/common/pico_time/time.c.obj
 *fill*         0x00000000100070e1        0x3 
 .rodata.__func__.6205
                0x00000000100070e4       0x1a CMakeFiles/pico_allegroMR.dir/home/avinash/rpi_pico/pico/pico-sdk/src/common/pico_time/time.c.obj
 *fill*         0x00000000100070fe        0x2 
 .rodata.__func__.6244
                0x0000000010007100       0x18 CMakeFiles/pico_allegroMR.dir/home/avinash/rpi_pico/pico/pico-sdk/src/common/pico_time/time.c.obj
 .rodata.add_alarm_under_lock.str1.4
                0x0000000010007118       0x28 CMakeFiles/pico_allegroMR.dir/home/avinash/rpi_pico/pico/pico-sdk/src/common/pico_time/time.c.obj
                                         0x2b (size before relaxing)
 .rodata.alarm_pool_alarm_callback.str1.4
                0x0000000010007140       0xee CMakeFiles/pico_allegroMR.dir/home/avinash/rpi_pico/pico/pico-sdk/src/common/pico_time/time.c.obj
 *fill*         0x000000001000722e        0x2 
 .rodata.alarm_pool_cancel_alarm.str1.4
                0x0000000010007230       0x27 CMakeFiles/pico_allegroMR.dir/home/avinash/rpi_pico/pico/pico-sdk/src/common/pico_time/time.c.obj
 *fill*         0x0000000010007257        0x1 
 .rodata.alarm_pool_dump_key.str1.4
                0x0000000010007258       0x33 CMakeFiles/pico_allegroMR.dir/home/avinash/rpi_pico/pico/pico-sdk/src/common/pico_time/time.c.obj
 *fill*         0x000000001000728b        0x1 
 .rodata.alarm_pool_get_default.str1.4
                0x000000001000728c       0x21 CMakeFiles/pico_allegroMR.dir/home/avinash/rpi_pico/pico/pico-sdk/src/common/pico_time/time.c.obj
 *fill*         0x00000000100072ad        0x3 
 .rodata.ph_add_child_node.str1.4
                0x00000000100072b0       0x9e CMakeFiles/pico_allegroMR.dir/home/avinash/rpi_pico/pico/pico-sdk/src/common/pico_time/time.c.obj
 *fill*         0x000000001000734e        0x2 
 .rodata.repeating_timer_callback.str1.4
                0x0000000010007350       0x55 CMakeFiles/pico_allegroMR.dir/home/avinash/rpi_pico/pico/pico-sdk/src/common/pico_time/time.c.obj
 *fill*         0x00000000100073a5        0x3 
 .rodata.__func__.4534
                0x00000000100073a8       0x1a CMakeFiles/pico_allegroMR.dir/home/avinash/rpi_pico/pico/pico-sdk/src/rp2_common/hardware_timer/timer.c.obj
 *fill*         0x00000000100073c2        0x2 
 .rodata.hardware_alarm_claim.str1.4
                0x00000000100073c4       0x22 CMakeFiles/pico_allegroMR.dir/home/avinash/rpi_pico/pico/pico-sdk/src/rp2_common/hardware_timer/timer.c.obj
 *fill*         0x00000000100073e6        0x2 
 .rodata.hardware_alarm_set_target.str1.4
                0x00000000100073e8       0x6f CMakeFiles/pico_allegroMR.dir/home/avinash/rpi_pico/pico/pico-sdk/src/rp2_common/hardware_timer/timer.c.obj
 *fill*         0x0000000010007457        0x1 
 .rodata.__func__.4185
                0x0000000010007458       0x15 CMakeFiles/pico_allegroMR.dir/home/avinash/rpi_pico/pico/pico-sdk/src/common/pico_sync/mutex.c.obj
 *fill*         0x000000001000746d        0x3 
 .rodata.__func__.4659
                0x0000000010007470       0x18 CMakeFiles/pico_allegroMR.dir/home/avinash/rpi_pico/pico/pico-sdk/src/common/pico_sync/mutex.c.obj
 .rodata.__func__.4678
                0x0000000010007488        0xb CMakeFiles/pico_allegroMR.dir/home/avinash/rpi_pico/pico/pico-sdk/src/common/pico_sync/mutex.c.obj
 *fill*         0x0000000010007493        0x1 
 .rodata.str1.4
                0x0000000010007494       0x95 CMakeFiles/pico_allegroMR.dir/home/avinash/rpi_pico/pico/pico-sdk/src/common/pico_sync/mutex.c.obj
                                        0x101 (size before relaxing)
 *fill*         0x0000000010007529        0x3 
 .rodata.__func__.5627
                0x000000001000752c        0xc CMakeFiles/pico_allegroMR.dir/home/avinash/rpi_pico/pico/pico-sdk/src/common/pico_util/pheap.c.obj
 .rodata.__func__.5634
                0x0000000010007538       0x12 CMakeFiles/pico_allegroMR.dir/home/avinash/rpi_pico/pico/pico-sdk/src/common/pico_util/pheap.c.obj
 *fill*         0x000000001000754a        0x2 
 .rodata.__func__.5720
                0x000000001000754c       0x13 CMakeFiles/pico_allegroMR.dir/home/avinash/rpi_pico/pico/pico-sdk/src/common/pico_util/pheap.c.obj
 *fill*         0x000000001000755f        0x1 
 .rodata.__func__.5738
                0x0000000010007560       0x18 CMakeFiles/pico_allegroMR.dir/home/avinash/rpi_pico/pico/pico-sdk/src/common/pico_util/pheap.c.obj
 .rodata.ph_add_child_node.str1.4
                0x0000000010007578       0x9e CMakeFiles/pico_allegroMR.dir/home/avinash/rpi_pico/pico/pico-sdk/src/common/pico_util/pheap.c.obj
 .rodata.ph_remove_and_free_node.str1.4
                0x0000000010007578       0x26 CMakeFiles/pico_allegroMR.dir/home/avinash/rpi_pico/pico/pico-sdk/src/common/pico_util/pheap.c.obj
 *fill*         0x000000001000759e        0x2 
 .rodata.ph_remove_any_head.str1.4
                0x00000000100075a0       0x98 CMakeFiles/pico_allegroMR.dir/home/avinash/rpi_pico/pico/pico-sdk/src/common/pico_util/pheap.c.obj
 .rodata.__assert_func.str1.4
                0x0000000010007638       0x3f CMakeFiles/pico_allegroMR.dir/home/avinash/rpi_pico/pico/pico-sdk/src/rp2_common/pico_runtime/runtime.c.obj
                                         0x43 (size before relaxing)
 *fill*         0x0000000010007677        0x1 
 .rodata.__func__.5743
                0x0000000010007678        0xd CMakeFiles/pico_allegroMR.dir/home/avinash/rpi_pico/pico/pico-sdk/src/rp2_common/pico_runtime/runtime.c.obj
 *fill*         0x0000000010007685        0x3 
 .rodata.panic.str1.4
                0x0000000010007688       0x12 CMakeFiles/pico_allegroMR.dir/home/avinash/rpi_pico/pico/pico-sdk/src/rp2_common/pico_runtime/runtime.c.obj
 *fill*         0x000000001000769a        0x2 
 .rodata.runtime_init.str1.4
                0x000000001000769c       0x6b CMakeFiles/pico_allegroMR.dir/home/avinash/rpi_pico/pico/pico-sdk/src/rp2_common/pico_runtime/runtime.c.obj
 *fill*         0x0000000010007707        0x1 
 .rodata.__func__.4681
                0x0000000010007708       0x10 CMakeFiles/pico_allegroMR.dir/home/avinash/rpi_pico/pico/pico-sdk/src/rp2_common/hardware_clocks/clocks.c.obj
 .rodata.clock_configure.str1.4
                0x0000000010007718       0x61 CMakeFiles/pico_allegroMR.dir/home/avinash/rpi_pico/pico/pico-sdk/src/rp2_common/hardware_clocks/clocks.c.obj
 *fill*         0x0000000010007779        0x3 
 .rodata.__func__.4711
                0x000000001000777c       0x1a CMakeFiles/pico_allegroMR.dir/home/avinash/rpi_pico/pico/pico-sdk/src/rp2_common/hardware_irq/irq.c.obj
 *fill*         0x0000000010007796        0x2 
 .rodata.__func__.4725
                0x0000000010007798        0xc CMakeFiles/pico_allegroMR.dir/home/avinash/rpi_pico/pico/pico-sdk/src/rp2_common/hardware_irq/irq.c.obj
 .rodata.__func__.4733
                0x00000000100077a4       0x17 CMakeFiles/pico_allegroMR.dir/home/avinash/rpi_pico/pico/pico-sdk/src/rp2_common/hardware_irq/irq.c.obj
 *fill*         0x00000000100077bb        0x1 
 .rodata.__func__.4737
                0x00000000100077bc        0xf CMakeFiles/pico_allegroMR.dir/home/avinash/rpi_pico/pico/pico-sdk/src/rp2_common/hardware_irq/irq.c.obj
 *fill*         0x00000000100077cb        0x1 
 .rodata.__func__.4776
                0x00000000100077cc       0x13 CMakeFiles/pico_allegroMR.dir/home/avinash/rpi_pico/pico/pico-sdk/src/rp2_common/hardware_irq/irq.c.obj
 *fill*         0x00000000100077df        0x1 
 .rodata.__func__.4798
                0x00000000100077e0       0x1a CMakeFiles/pico_allegroMR.dir/home/avinash/rpi_pico/pico/pico-sdk/src/rp2_common/hardware_irq/irq.c.obj
 *fill*         0x00000000100077fa        0x2 
 .rodata.insert_branch_and_link.str1.4
                0x00000000100077fc       0x10 CMakeFiles/pico_allegroMR.dir/home/avinash/rpi_pico/pico/pico-sdk/src/rp2_common/hardware_irq/irq.c.obj
 .rodata.irq_add_shared_handler.str1.4
                0x000000001000780c       0xd9 CMakeFiles/pico_allegroMR.dir/home/avinash/rpi_pico/pico/pico-sdk/src/rp2_common/hardware_irq/irq.c.obj
 *fill*         0x00000000100078e5        0x3 
 .rodata.irq_add_tail_to_free_list.str1.4
                0x00000000100078e8       0x32 CMakeFiles/pico_allegroMR.dir/home/avinash/rpi_pico/pico/pico-sdk/src/rp2_common/hardware_irq/irq.c.obj
                                         0x3a (size before relaxing)
 *fill*         0x000000001000791a        0x2 
 .rodata.irq_remove_handler.str1.4
                0x000000001000791c       0x2a CMakeFiles/pico_allegroMR.dir/home/avinash/rpi_pico/pico/pico-sdk/src/rp2_common/hardware_irq/irq.c.obj
 *fill*         0x0000000010007946        0x2 
 .rodata.irq_set_exclusive_handler.str1.4
                0x0000000010007948       0x36 CMakeFiles/pico_allegroMR.dir/home/avinash/rpi_pico/pico/pico-sdk/src/rp2_common/hardware_irq/irq.c.obj
 *fill*         0x000000001000797e        0x2 
 .rodata.make_branch.str1.4
                0x0000000010007980       0x77 CMakeFiles/pico_allegroMR.dir/home/avinash/rpi_pico/pico/pico-sdk/src/rp2_common/hardware_irq/irq.c.obj
 *fill*         0x00000000100079f7        0x1 
 .rodata.__func__.4383
                0x00000000100079f8        0x9 CMakeFiles/pico_allegroMR.dir/home/avinash/rpi_pico/pico/pico-sdk/src/rp2_common/hardware_pll/pll.c.obj
 *fill*         0x0000000010007a01        0x3 
 .rodata.pll_init.str1.4
                0x0000000010007a04       0xe3 CMakeFiles/pico_allegroMR.dir/home/avinash/rpi_pico/pico/pico-sdk/src/rp2_common/hardware_pll/pll.c.obj
 *fill*         0x0000000010007ae7        0x1 
 .rodata._vsnprintf
                0x0000000010007ae8      0x1e0 CMakeFiles/pico_allegroMR.dir/home/avinash/rpi_pico/pico/pico-sdk/src/rp2_common/pico_printf/printf.c.obj
 .rodata._ftoa.str1.4
                0x0000000010007cc8       0x15 CMakeFiles/pico_allegroMR.dir/home/avinash/rpi_pico/pico/pico-sdk/src/rp2_common/pico_printf/printf.c.obj
 *fill*         0x0000000010007cdd        0x3 
 .rodata.pow10.5346
                0x0000000010007ce0       0x50 CMakeFiles/pico_allegroMR.dir/home/avinash/rpi_pico/pico/pico-sdk/src/rp2_common/pico_printf/printf.c.obj
 .rodata.__aeabi_double_init.str1.4
                0x0000000010007d30       0xb2 CMakeFiles/pico_allegroMR.dir/home/avinash/rpi_pico/pico/pico-sdk/src/rp2_common/pico_double/double_init_rom.c.obj
 *fill*         0x0000000010007de2        0x2 
 .rodata.__func__.4656
                0x0000000010007de4       0x14 CMakeFiles/pico_allegroMR.dir/home/avinash/rpi_pico/pico/pico-sdk/src/rp2_common/pico_double/double_init_rom.c.obj
 .rodata.__aeabi_float_init.str1.4
                0x0000000010007df8       0x84 CMakeFiles/pico_allegroMR.dir/home/avinash/rpi_pico/pico/pico-sdk/src/rp2_common/pico_float/float_init_rom.c.obj
                                         0x88 (size before relaxing)
 .rodata.__func__.4657
                0x0000000010007e7c       0x13 CMakeFiles/pico_allegroMR.dir/home/avinash/rpi_pico/pico/pico-sdk/src/rp2_common/pico_float/float_init_rom.c.obj
 *fill*         0x0000000010007e8f        0x1 
 .rodata.__bi_44
                0x0000000010007e90        0xc CMakeFiles/pico_allegroMR.dir/home/avinash/rpi_pico/pico/pico-sdk/src/rp2_common/pico_standard_link/binary_info.c.obj
 .rodata.__bi_75
                0x0000000010007e9c        0xc CMakeFiles/pico_allegroMR.dir/home/avinash/rpi_pico/pico/pico-sdk/src/rp2_common/pico_standard_link/binary_info.c.obj
 .rodata.__bi_81
                0x0000000010007ea8        0xc CMakeFiles/pico_allegroMR.dir/home/avinash/rpi_pico/pico/pico-sdk/src/rp2_common/pico_standard_link/binary_info.c.obj
 .rodata.str1.4
                0x0000000010007eb4       0x44 CMakeFiles/pico_allegroMR.dir/home/avinash/rpi_pico/pico/pico-sdk/src/rp2_common/pico_standard_link/binary_info.c.obj
 .rodata.crlf_str.5792
                0x0000000010007ef8        0x2 CMakeFiles/pico_allegroMR.dir/home/avinash/rpi_pico/pico/pico-sdk/src/rp2_common/pico_stdio/stdio.c.obj
 *fill*         0x0000000010007efa        0x2 
 .rodata._resetd_driver
                0x0000000010007efc       0x18 CMakeFiles/pico_allegroMR.dir/home/avinash/rpi_pico/pico/pico-sdk/src/rp2_common/pico_stdio_usb/reset_interface.c.obj
 .rodata.__bi_93.7106
                0x0000000010007f14        0xc CMakeFiles/pico_allegroMR.dir/home/avinash/rpi_pico/pico/pico-sdk/src/rp2_common/pico_stdio_usb/stdio_usb.c.obj
 .rodata.__func__.5308
                0x0000000010007f20       0x15 CMakeFiles/pico_allegroMR.dir/home/avinash/rpi_pico/pico/pico-sdk/src/rp2_common/pico_stdio_usb/stdio_usb.c.obj
 .rodata.stdio_usb_init.str1.4
                0x0000000010007f35       0x6b CMakeFiles/pico_allegroMR.dir/home/avinash/rpi_pico/pico/pico-sdk/src/rp2_common/pico_stdio_usb/stdio_usb.c.obj
 *fill*         0x0000000010007f35        0x3 
 .rodata.str1.4
                0x0000000010007f38       0x13 CMakeFiles/pico_allegroMR.dir/home/avinash/rpi_pico/pico/pico-sdk/src/rp2_common/pico_stdio_usb/stdio_usb.c.obj
 *fill*         0x0000000010007f4b        0x1 
 .rodata.str1.4
                0x0000000010007f4c       0x2a CMakeFiles/pico_allegroMR.dir/home/avinash/rpi_pico/pico/pico-sdk/src/rp2_common/pico_stdio_usb/stdio_usb_descriptors.c.obj
 *fill*         0x0000000010007f76        0x2 
 .rodata.usbd_desc_cfg
                0x0000000010007f78       0x54 CMakeFiles/pico_allegroMR.dir/home/avinash/rpi_pico/pico/pico-sdk/src/rp2_common/pico_stdio_usb/stdio_usb_descriptors.c.obj
 .rodata.usbd_desc_device
                0x0000000010007fcc       0x12 CMakeFiles/pico_allegroMR.dir/home/avinash/rpi_pico/pico/pico-sdk/src/rp2_common/pico_stdio_usb/stdio_usb_descriptors.c.obj
 *fill*         0x0000000010007fde        0x2 
 .rodata.usbd_desc_str
                0x0000000010007fe0       0x18 CMakeFiles/pico_allegroMR.dir/home/avinash/rpi_pico/pico/pico-sdk/src/rp2_common/pico_stdio_usb/stdio_usb_descriptors.c.obj
 .rodata.__func__.6778
                0x0000000010007ff8       0x13 CMakeFiles/pico_allegroMR.dir/home/avinash/rpi_pico/pico/pico-sdk/lib/tinyusb/src/portable/raspberrypi/rp2040/dcd_rp2040.c.obj
 *fill*         0x000000001000800b        0x1 
 .rodata.__func__.6831
                0x000000001000800c        0x9 CMakeFiles/pico_allegroMR.dir/home/avinash/rpi_pico/pico/pico-sdk/lib/tinyusb/src/portable/raspberrypi/rp2040/dcd_rp2040.c.obj
 *fill*         0x0000000010008015        0x3 
 .rodata.__func__.6835
                0x0000000010008018        0xf CMakeFiles/pico_allegroMR.dir/home/avinash/rpi_pico/pico/pico-sdk/lib/tinyusb/src/portable/raspberrypi/rp2040/dcd_rp2040.c.obj
 *fill*         0x0000000010008027        0x1 
 .rodata.__func__.6844
                0x0000000010008028       0x10 CMakeFiles/pico_allegroMR.dir/home/avinash/rpi_pico/pico/pico-sdk/lib/tinyusb/src/portable/raspberrypi/rp2040/dcd_rp2040.c.obj
 .rodata.__func__.6863
                0x0000000010008038        0xe CMakeFiles/pico_allegroMR.dir/home/avinash/rpi_pico/pico/pico-sdk/lib/tinyusb/src/portable/raspberrypi/rp2040/dcd_rp2040.c.obj
 *fill*         0x0000000010008046        0x2 
 .rodata.__func__.6873
                0x0000000010008048        0xe CMakeFiles/pico_allegroMR.dir/home/avinash/rpi_pico/pico/pico-sdk/lib/tinyusb/src/portable/raspberrypi/rp2040/dcd_rp2040.c.obj
 *fill*         0x0000000010008056        0x2 
 .rodata._hw_endpoint_alloc.str1.4
                0x0000000010008058       0xc1 CMakeFiles/pico_allegroMR.dir/home/avinash/rpi_pico/pico/pico-sdk/lib/tinyusb/src/portable/raspberrypi/rp2040/dcd_rp2040.c.obj
 *fill*         0x0000000010008119        0x3 
 .rodata.dcd_int_enable.str1.4
                0x000000001000811c        0xc CMakeFiles/pico_allegroMR.dir/home/avinash/rpi_pico/pico/pico-sdk/lib/tinyusb/src/portable/raspberrypi/rp2040/dcd_rp2040.c.obj
 .rodata.dcd_rp2040_irq.str1.4
                0x0000000010008128       0x14 CMakeFiles/pico_allegroMR.dir/home/avinash/rpi_pico/pico/pico-sdk/lib/tinyusb/src/portable/raspberrypi/rp2040/dcd_rp2040.c.obj
 .rodata.__func__.6538
                0x000000001000813c        0xf CMakeFiles/pico_allegroMR.dir/home/avinash/rpi_pico/pico/pico-sdk/lib/tinyusb/src/portable/raspberrypi/rp2040/rp2040_usb.c.obj
 *fill*         0x000000001000814b        0x1 
 .rodata._hw_endpoint_buffer_control_update32.str1.4
                0x000000001000814c       0x1f CMakeFiles/pico_allegroMR.dir/home/avinash/rpi_pico/pico/pico-sdk/lib/tinyusb/src/portable/raspberrypi/rp2040/rp2040_usb.c.obj
 *fill*         0x000000001000816b        0x1 
 .rodata.hw_endpoint_xfer_continue.str1.4
                0x000000001000816c       0x29 CMakeFiles/pico_allegroMR.dir/home/avinash/rpi_pico/pico/pico-sdk/lib/tinyusb/src/portable/raspberrypi/rp2040/rp2040_usb.c.obj
 *fill*         0x0000000010008195        0x3 
 .rodata.hw_endpoint_xfer_start.str1.4
                0x0000000010008198       0x38 CMakeFiles/pico_allegroMR.dir/home/avinash/rpi_pico/pico/pico-sdk/lib/tinyusb/src/portable/raspberrypi/rp2040/rp2040_usb.c.obj
 .rodata.str1.4
                0x00000000100081d0        0x7 CMakeFiles/pico_allegroMR.dir/home/avinash/rpi_pico/pico/pico-sdk/lib/tinyusb/src/portable/raspberrypi/rp2040/rp2040_usb.c.obj
 *fill*         0x00000000100081d7        0x1 
 .rodata.sync_ep_buffer.str1.4
                0x00000000100081d8       0x9d CMakeFiles/pico_allegroMR.dir/home/avinash/rpi_pico/pico/pico-sdk/lib/tinyusb/src/portable/raspberrypi/rp2040/rp2040_usb.c.obj
 *fill*         0x0000000010008275        0x3 
 .rodata.process_get_descriptor
                0x0000000010008278       0x40 CMakeFiles/pico_allegroMR.dir/home/avinash/rpi_pico/pico/pico-sdk/lib/tinyusb/src/device/usbd.c.obj
 .rodata.process_control_request
                0x00000000100082b8       0x28 CMakeFiles/pico_allegroMR.dir/home/avinash/rpi_pico/pico/pico-sdk/lib/tinyusb/src/device/usbd.c.obj
 .rodata.tud_task
                0x00000000100082e0       0x24 CMakeFiles/pico_allegroMR.dir/home/avinash/rpi_pico/pico/pico-sdk/lib/tinyusb/src/device/usbd.c.obj
 .rodata.__func__.6454
                0x0000000010008304       0x10 CMakeFiles/pico_allegroMR.dir/home/avinash/rpi_pico/pico/pico-sdk/lib/tinyusb/src/device/usbd.c.obj
 .rodata.__func__.7251
                0x0000000010008314        0x9 CMakeFiles/pico_allegroMR.dir/home/avinash/rpi_pico/pico/pico-sdk/lib/tinyusb/src/device/usbd.c.obj
 *fill*         0x000000001000831d        0x3 
 .rodata.__func__.7272
                0x0000000010008320       0x18 CMakeFiles/pico_allegroMR.dir/home/avinash/rpi_pico/pico/pico-sdk/lib/tinyusb/src/device/usbd.c.obj
 .rodata.__func__.7315
                0x0000000010008338       0x13 CMakeFiles/pico_allegroMR.dir/home/avinash/rpi_pico/pico/pico-sdk/lib/tinyusb/src/device/usbd.c.obj
 *fill*         0x000000001000834b        0x1 
 .rodata.__func__.7350
                0x000000001000834c       0x17 CMakeFiles/pico_allegroMR.dir/home/avinash/rpi_pico/pico/pico-sdk/lib/tinyusb/src/device/usbd.c.obj
 *fill*         0x0000000010008363        0x1 
 .rodata.__func__.7404
                0x0000000010008364       0x14 CMakeFiles/pico_allegroMR.dir/home/avinash/rpi_pico/pico/pico-sdk/lib/tinyusb/src/device/usbd.c.obj
 .rodata.__func__.7418
                0x0000000010008378        0xf CMakeFiles/pico_allegroMR.dir/home/avinash/rpi_pico/pico/pico-sdk/lib/tinyusb/src/device/usbd.c.obj
 *fill*         0x0000000010008387        0x1 
 .rodata.__func__.7441
                0x0000000010008388        0xf CMakeFiles/pico_allegroMR.dir/home/avinash/rpi_pico/pico/pico-sdk/lib/tinyusb/src/device/usbd.c.obj
 *fill*         0x0000000010008397        0x1 
 .rodata._usbd_driver
                0x0000000010008398       0x18 CMakeFiles/pico_allegroMR.dir/home/avinash/rpi_pico/pico/pico-sdk/lib/tinyusb/src/device/usbd.c.obj
 .rodata.process_set_config.str1.4
                0x00000000100083b0       0x17 CMakeFiles/pico_allegroMR.dir/home/avinash/rpi_pico/pico/pico-sdk/lib/tinyusb/src/device/usbd.c.obj
 *fill*         0x00000000100083c7        0x1 
 .rodata.__func__.7166
                0x00000000100083c8       0x11 CMakeFiles/pico_allegroMR.dir/home/avinash/rpi_pico/pico/pico-sdk/lib/tinyusb/src/device/usbd_control.c.obj
 *fill*         0x00000000100083d9        0x3 
 .rodata.__func__.7193
                0x00000000100083dc       0x15 CMakeFiles/pico_allegroMR.dir/home/avinash/rpi_pico/pico/pico-sdk/lib/tinyusb/src/device/usbd_control.c.obj
 .rodata.tud_control_xfer.str1.4
                0x00000000100083f1       0x17 CMakeFiles/pico_allegroMR.dir/home/avinash/rpi_pico/pico/pico-sdk/lib/tinyusb/src/device/usbd_control.c.obj
 *fill*         0x00000000100083f1        0x3 
 .rodata.__func__.7103
                0x00000000100083f4       0x16 CMakeFiles/pico_allegroMR.dir/home/avinash/rpi_pico/pico/pico-sdk/lib/tinyusb/src/class/cdc/cdc_device.c.obj
 *fill*         0x000000001000840a        0x2 
 .rodata.__func__.7136
                0x000000001000840c        0xa CMakeFiles/pico_allegroMR.dir/home/avinash/rpi_pico/pico/pico-sdk/lib/tinyusb/src/class/cdc/cdc_device.c.obj
 *fill*         0x0000000010008416        0x2 
 .rodata.__func__.7171
                0x0000000010008418        0xd CMakeFiles/pico_allegroMR.dir/home/avinash/rpi_pico/pico/pico-sdk/lib/tinyusb/src/class/cdc/cdc_device.c.obj
 .rodata.tud_cdc_n_write_flush.str1.4
                0x0000000010008425       0x17 CMakeFiles/pico_allegroMR.dir/home/avinash/rpi_pico/pico/pico-sdk/lib/tinyusb/src/class/cdc/cdc_device.c.obj
 *fill*         0x0000000010008425        0x3 
 .rodata.__func__.7040
                0x0000000010008428        0xa CMakeFiles/pico_allegroMR.dir/home/avinash/rpi_pico/pico/pico-sdk/lib/tinyusb/src/tusb.c.obj
 *fill*         0x0000000010008432        0x2 
 .rodata.__func__.7052
                0x0000000010008434       0x11 CMakeFiles/pico_allegroMR.dir/home/avinash/rpi_pico/pico/pico-sdk/lib/tinyusb/src/tusb.c.obj
 .rodata.tusb_init.str1.4
                0x0000000010008445       0x17 CMakeFiles/pico_allegroMR.dir/home/avinash/rpi_pico/pico/pico-sdk/lib/tinyusb/src/tusb.c.obj
 *fill*         0x0000000010008445        0x3 
 .rodata.__func__.4262
                0x0000000010008448       0x20 CMakeFiles/pico_allegroMR.dir/home/avinash/rpi_pico/pico/pico-sdk/src/rp2_common/pico_unique_id/unique_id.c.obj
 .rodata.pico_get_unique_board_id_string.str1.4
                0x0000000010008468       0x57 CMakeFiles/pico_allegroMR.dir/home/avinash/rpi_pico/pico/pico-sdk/src/rp2_common/pico_unique_id/unique_id.c.obj
 *fill*         0x00000000100084bf        0x1 
 .rodata.__func__.4436
                0x00000000100084c0        0xd CMakeFiles/pico_allegroMR.dir/home/avinash/rpi_pico/pico/pico-sdk/src/rp2_common/hardware_flash/flash.c.obj
 *fill*         0x00000000100084cd        0x3 
 .rodata.str1.4
                0x00000000100084d0      0x164 CMakeFiles/pico_allegroMR.dir/home/avinash/rpi_pico/pico/pico-sdk/src/rp2_common/hardware_flash/flash.c.obj
                                        0x162 (size before relaxing)
                0x0000000010008634                . = ALIGN (0x4)
 *(SORT(.flashdata*))
                0x0000000010008634                . = ALIGN (0x4)

.rel.dyn        0x0000000010008634        0x0
 .rel.iplt      0x0000000010008634        0x0 /usr/lib/gcc/arm-none-eabi/6.3.1/thumb/v6-m/crtbegin.o

.ARM.extab
 *(.ARM.extab* .gnu.linkonce.armextab.*)
                0x0000000010008634                __exidx_start = .

.ARM.exidx
 *(.ARM.exidx* .gnu.linkonce.armexidx.*)
                0x0000000010008634                __exidx_end = .
                0x0000000010008634                . = ALIGN (0x4)
                0x0000000010008634                __binary_info_start = .

.binary_info    0x0000000010008634       0x20
 *(.binary_info.keep.*)
 .binary_info.keep.__bi_ptr22
                0x0000000010008634        0x4 CMakeFiles/pico_allegroMR.dir/home/avinash/rpi_pico/pico/pico-sdk/src/rp2_common/pico_standard_link/binary_info.c.obj
 .binary_info.keep.__bi_ptr30
                0x0000000010008638        0x4 CMakeFiles/pico_allegroMR.dir/home/avinash/rpi_pico/pico/pico-sdk/src/rp2_common/pico_standard_link/binary_info.c.obj
 .binary_info.keep.__bi_ptr38
                0x000000001000863c        0x4 CMakeFiles/pico_allegroMR.dir/home/avinash/rpi_pico/pico/pico-sdk/src/rp2_common/pico_standard_link/binary_info.c.obj
 .binary_info.keep.__bi_ptr44
                0x0000000010008640        0x4 CMakeFiles/pico_allegroMR.dir/home/avinash/rpi_pico/pico/pico-sdk/src/rp2_common/pico_standard_link/binary_info.c.obj
 .binary_info.keep.__bi_ptr50
                0x0000000010008644        0x4 CMakeFiles/pico_allegroMR.dir/home/avinash/rpi_pico/pico/pico-sdk/src/rp2_common/pico_standard_link/binary_info.c.obj
 .binary_info.keep.__bi_ptr75
                0x0000000010008648        0x4 CMakeFiles/pico_allegroMR.dir/home/avinash/rpi_pico/pico/pico-sdk/src/rp2_common/pico_standard_link/binary_info.c.obj
 .binary_info.keep.__bi_ptr81
                0x000000001000864c        0x4 CMakeFiles/pico_allegroMR.dir/home/avinash/rpi_pico/pico/pico-sdk/src/rp2_common/pico_standard_link/binary_info.c.obj
 *(.binary_info.*)
 .binary_info.__bi_ptr93
                0x0000000010008650        0x4 CMakeFiles/pico_allegroMR.dir/home/avinash/rpi_pico/pico/pico-sdk/src/rp2_common/pico_stdio_usb/stdio_usb.c.obj
                0x0000000010008654                __binary_info_end = .
                0x0000000010008654                . = ALIGN (0x4)
                0x0000000010008654                __etext = .

.ram_vector_table
                0x0000000020000000       0xc0
 *(.ram_vector_table)
 .ram_vector_table
                0x0000000020000000       0xc0 CMakeFiles/pico_allegroMR.dir/home/avinash/rpi_pico/pico/pico-sdk/src/rp2_common/pico_runtime/runtime.c.obj
                0x0000000020000000                ram_vector_table

.data           0x00000000200000c0      0x440 load address 0x0000000010008654
                0x00000000200000c0                __data_start__ = .
 *(vtable)
 *(.time_critical*)
 .time_critical.mutex_enter_blocking
                0x00000000200000c0       0x48 CMakeFiles/pico_allegroMR.dir/home/avinash/rpi_pico/pico/pico-sdk/src/common/pico_sync/mutex.c.obj
                0x00000000200000c0                mutex_enter_blocking
 .time_critical.mutex_try_enter
                0x0000000020000108       0x48 CMakeFiles/pico_allegroMR.dir/home/avinash/rpi_pico/pico/pico-sdk/src/common/pico_sync/mutex.c.obj
                0x0000000020000108                mutex_try_enter
 .time_critical.mutex_enter_block_until
                0x0000000020000150       0x7c CMakeFiles/pico_allegroMR.dir/home/avinash/rpi_pico/pico/pico-sdk/src/common/pico_sync/mutex.c.obj
                0x0000000020000150                mutex_enter_block_until
 .time_critical.mutex_enter_timeout_ms
                0x00000000200001cc       0x6c CMakeFiles/pico_allegroMR.dir/home/avinash/rpi_pico/pico/pico-sdk/src/common/pico_sync/mutex.c.obj
                0x00000000200001cc                mutex_enter_timeout_ms
 .time_critical.mutex_exit
                0x0000000020000238       0x4c CMakeFiles/pico_allegroMR.dir/home/avinash/rpi_pico/pico/pico-sdk/src/common/pico_sync/mutex.c.obj
                0x0000000020000238                mutex_exit
 .time_critical.flash_init_boot2_copyout